Component: ARM Compiler 5.06 update 5 (build 528) Tool: armlink [4d35e2]

==============================================================================

Section Cross References

    startup_stm32h743xx.o(STACK) refers (Special) to heapauxi.o(.text) for __use_two_region_memory
    startup_stm32h743xx.o(HEAP) refers (Special) to heapauxi.o(.text) for __use_two_region_memory
    startup_stm32h743xx.o(RESET) refers (Special) to heapauxi.o(.text) for __use_two_region_memory
    startup_stm32h743xx.o(RESET) refers to startup_stm32h743xx.o(STACK) for __initial_sp
    startup_stm32h743xx.o(RESET) refers to startup_stm32h743xx.o(.text) for Reset_Handler
    startup_stm32h743xx.o(RESET) refers to stm32h7xx_it.o(i.NMI_Handler) for NMI_Handler
    startup_stm32h743xx.o(RESET) refers to stm32h7xx_it.o(i.HardFault_Handler) for HardFault_Handler
    startup_stm32h743xx.o(RESET) refers to stm32h7xx_it.o(i.MemManage_Handler) for MemManage_Handler
    startup_stm32h743xx.o(RESET) refers to stm32h7xx_it.o(i.BusFault_Handler) for BusFault_Handler
    startup_stm32h743xx.o(RESET) refers to stm32h7xx_it.o(i.UsageFault_Handler) for UsageFault_Handler
    startup_stm32h743xx.o(RESET) refers to port.o(.emb_text) for SVC_Handler
    startup_stm32h743xx.o(RESET) refers to stm32h7xx_it.o(i.DebugMon_Handler) for DebugMon_Handler
    startup_stm32h743xx.o(RESET) refers to cmsis_os2.o(i.SysTick_Handler) for SysTick_Handler
    startup_stm32h743xx.o(RESET) refers to stm32h7xx_it.o(i.TIM1_UP_IRQHandler) for TIM1_UP_IRQHandler
    startup_stm32h743xx.o(RESET) refers to stm32h7xx_it.o(i.USART3_IRQHandler) for USART3_IRQHandler
    startup_stm32h743xx.o(.text) refers (Special) to heapauxi.o(.text) for __use_two_region_memory
    startup_stm32h743xx.o(.text) refers to system_stm32h7xx.o(i.ExitRun0Mode) for ExitRun0Mode
    startup_stm32h743xx.o(.text) refers to system_stm32h7xx.o(i.SystemInit) for SystemInit
    startup_stm32h743xx.o(.text) refers to __main.o(!!!main) for __main
    startup_stm32h743xx.o(.text) refers to startup_stm32h743xx.o(HEAP) for Heap_Mem
    startup_stm32h743xx.o(.text) refers to startup_stm32h743xx.o(STACK) for Stack_Mem
    main.o(i.HAL_TIM_PeriodElapsedCallback) refers to stm32h7xx_hal.o(i.HAL_IncTick) for HAL_IncTick
    main.o(i.HAL_UART_RxCpltCallback) refers to shell.o(i.shellHandler) for shellHandler
    main.o(i.HAL_UART_RxCpltCallback) refers to stm32h7xx_hal_uart.o(i.HAL_UART_Receive_IT) for HAL_UART_Receive_IT
    main.o(i.HAL_UART_RxCpltCallback) refers to main.o(.data) for .data
    main.o(i.HAL_UART_RxCpltCallback) refers to shell_port.o(.bss) for shell
    main.o(i.HAL_UART_RxCpltCallback) refers to usart.o(.bss) for huart3
    main.o(i.SystemClock_Config) refers to rt_memclr_w.o(.text) for __aeabi_memclr4
    main.o(i.SystemClock_Config) refers to stm32h7xx_hal_pwr_ex.o(i.HAL_PWREx_ConfigSupply) for HAL_PWREx_ConfigSupply
    main.o(i.SystemClock_Config) refers to stm32h7xx_hal_rcc.o(i.HAL_RCC_OscConfig) for HAL_RCC_OscConfig
    main.o(i.SystemClock_Config) refers to stm32h7xx_hal_rcc.o(i.HAL_RCC_ClockConfig) for HAL_RCC_ClockConfig
    main.o(i.main) refers to stm32h7xx_hal_cortex.o(i.HAL_MPU_Disable) for HAL_MPU_Disable
    main.o(i.main) refers to stm32h7xx_hal_cortex.o(i.HAL_MPU_ConfigRegion) for HAL_MPU_ConfigRegion
    main.o(i.main) refers to stm32h7xx_hal_cortex.o(i.HAL_MPU_Enable) for HAL_MPU_Enable
    main.o(i.main) refers to stm32h7xx_hal.o(i.HAL_Init) for HAL_Init
    main.o(i.main) refers to main.o(i.SystemClock_Config) for SystemClock_Config
    main.o(i.main) refers to gpio.o(i.MX_GPIO_Init) for MX_GPIO_Init
    main.o(i.main) refers to usart.o(i.MX_USART3_UART_Init) for MX_USART3_UART_Init
    main.o(i.main) refers to eth.o(i.MX_ETH_Init) for MX_ETH_Init
    main.o(i.main) refers to delay.o(i.DWT_Init) for DWT_Init
    main.o(i.main) refers to oled_show.o(i.Create_OLED_Task) for Create_OLED_Task
    main.o(i.main) refers to debug.o(i.Create_DEBUG_Task) for Create_DEBUG_Task
    main.o(i.main) refers to shell_port.o(i.userShellInit) for userShellInit
    main.o(i.main) refers to cmsis_os2.o(i.osKernelInitialize) for osKernelInitialize
    main.o(i.main) refers to freertos.o(i.MX_FREERTOS_Init) for MX_FREERTOS_Init
    main.o(i.main) refers to cmsis_os2.o(i.osKernelStart) for osKernelStart
    gpio.o(i.MX_GPIO_Init) refers to rt_memclr_w.o(.text) for __aeabi_memclr4
    gpio.o(i.MX_GPIO_Init) refers to stm32h7xx_hal_gpio.o(i.HAL_GPIO_WritePin) for HAL_GPIO_WritePin
    gpio.o(i.MX_GPIO_Init) refers to stm32h7xx_hal_gpio.o(i.HAL_GPIO_Init) for HAL_GPIO_Init
    freertos.o(i.MX_FREERTOS_Init) refers to cmsis_os2.o(i.osThreadNew) for osThreadNew
    freertos.o(i.MX_FREERTOS_Init) refers to freertos.o(.constdata) for .constdata
    freertos.o(i.MX_FREERTOS_Init) refers to freertos.o(i.StartDefaultTask) for StartDefaultTask
    freertos.o(i.MX_FREERTOS_Init) refers to freertos.o(.data) for .data
[...]
    FDCAN_CAL_IRQHandler                     0x0800041f   Thumb Code     0  startup_stm32h743xx.o(.text)
    FLASH_IRQHandler                         0x0800041f   Thumb Code     0  startup_stm32h743xx.o(.text)
    FMC_IRQHandler                           0x0800041f   Thumb Code     0  startup_stm32h743xx.o(.text)
    FPU_IRQHandler                           0x0800041f   Thumb Code     0  startup_stm32h743xx.o(.text)
    HRTIM1_FLT_IRQHandler                    0x0800041f   Thumb Code     0  startup_stm32h743xx.o(.text)
    HRTIM1_Master_IRQHandler                 0x0800041f   Thumb Code     0  startup_stm32h743xx.o(.text)
    HRTIM1_TIMA_IRQHandler                   0x0800041f   Thumb Code     0  startup_stm32h743xx.o(.text)
    HRTIM1_TIMB_IRQHandler                   0x0800041f   Thumb Code     0  startup_stm32h743xx.o(.text)
    HRTIM1_TIMC_IRQHandler                   0x0800041f   Thumb Code     0  startup_stm32h743xx.o(.text)
    HRTIM1_TIMD_IRQHandler                   0x0800041f   Thumb Code     0  startup_stm32h743xx.o(.text)
    HRTIM1_TIME_IRQHandler                   0x0800041f   Thumb Code     0  startup_stm32h743xx.o(.text)
    HSEM1_IRQHandler                         0x0800041f   Thumb Code     0  startup_stm32h743xx.o(.text)
    I2C1_ER_IRQHandler                       0x0800041f   Thumb Code     0  startup_stm32h743xx.o(.text)
    I2C1_EV_IRQHandler                       0x0800041f   Thumb Code     0  startup_stm32h743xx.o(.text)
    I2C2_ER_IRQHandler                       0x0800041f   Thumb Code     0  startup_stm32h743xx.o(.text)
    I2C2_EV_IRQHandler                       0x0800041f   Thumb Code     0  startup_stm32h743xx.o(.text)
    I2C3_ER_IRQHandler                       0x0800041f   Thumb Code     0  startup_stm32h743xx.o(.text)
    I2C3_EV_IRQHandler                       0x0800041f   Thumb Code     0  startup_stm32h743xx.o(.text)
    I2C4_ER_IRQHandler                       0x0800041f   Thumb Code     0  startup_stm32h743xx.o(.text)
    I2C4_EV_IRQHandler                       0x0800041f   Thumb Code     0  startup_stm32h743xx.o(.text)
    JPEG_IRQHandler                          0x0800041f   Thumb Code     0  startup_stm32h743xx.o(.text)
    LPTIM1_IRQHandler                        0x0800041f   Thumb Code     0  startup_stm32h743xx.o(.text)
    LPTIM2_IRQHandler                        0x0800041f   Thumb Code     0  startup_stm32h743xx.o(.text)
    LPTIM3_IRQHandler                        0x0800041f   Thumb Code     0  startup_stm32h743xx.o(.text)
    LPTIM4_IRQHandler                        0x0800041f   Thumb Code     0  startup_stm32h743xx.o(.text)
    LPTIM5_IRQHandler                        0x0800041f   Thumb Code     0  startup_stm32h743xx.o(.text)
    LPUART1_IRQHandler                       0x0800041f   Thumb Code     0  startup_stm32h743xx.o(.text)
    LTDC_ER_IRQHandler                       0x0800041f   Thumb Code     0  startup_stm32h743xx.o(.text)
    LTDC_IRQHandler                          0x0800041f   Thumb Code     0  startup_stm32h743xx.o(.text)
    MDIOS_IRQHandler                         0x0800041f   Thumb Code     0  startup_stm32h743xx.o(.text)
    MDIOS_WKUP_IRQHandler                    0x0800041f   Thumb Code     0  startup_stm32h743xx.o(.text)
    MDMA_IRQHandler                          0x0800041f   Thumb Code     0  startup_stm32h743xx.o(.text)
    OTG_FS_EP1_IN_IRQHandler                 0x0800041f   Thumb Code     0  startup_stm32h743xx.o(.text)
    OTG_FS_EP1_OUT_IRQHandler                0x0800041f   Thumb Code     0  startup_stm32h743xx.o(.text)
    OTG_FS_IRQHandler                        0x0800041f   Thumb Code     0  startup_stm32h743xx.o(.text)
    OTG_FS_WKUP_IRQHandler                   0x0800041f   Thumb Code     0  startup_stm32h743xx.o(.text)
    OTG_HS_EP1_IN_IRQHandler                 0x0800041f   Thumb Code     0  startup_stm32h743xx.o(.text)
    OTG_HS_EP1_OUT_IRQHandler                0x0800041f   Thumb Code     0  startup_stm32h743xx.o(.text)
    OTG_HS_IRQHandler                        0x0800041f   Thumb Code     0  startup_stm32h743xx.o(.text)
    OTG_HS_WKUP_IRQHandler                   0x0800041f   Thumb Code     0  startup_stm32h743xx.o(.text)
    PVD_AVD_IRQHandler                       0x0800041f   Thumb Code     0  startup_stm32h743xx.o(.text)
    QUADSPI_IRQHandler                       0x0800041f   Thumb Code     0  startup_stm32h743xx.o(.text)
    RCC_IRQHandler                           0x0800041f   Thumb Code     0  startup_stm32h743xx.o(.text)
    RNG_IRQHandler                           0x0800041f   Thumb Code     0  startup_stm32h743xx.o(.text)
    RTC_Alarm_IRQHandler                     0x0800041f   Thumb Code     0  startup_stm32h743xx.o(.text)
    RTC_WKUP_IRQHandler                      0x0800041f   Thumb Code     0  startup_stm32h743xx.o(.text)
    SAI1_IRQHandler                          0x0800041f   Thumb Code     0  startup_stm32h743xx.o(.text)
    SAI2_IRQHandler                          0x0800041f   Thumb Code     0  startup_stm32h743xx.o(.text)
    SAI3_IRQHandler                          0x0800041f   Thumb Code     0  startup_stm32h743xx.o(.text)
    SAI4_IRQHandler                          0x0800041f   Thumb Code     0  startup_stm32h743xx.o(.text)
    SDMMC1_IRQHandler                        0x0800041f   Thumb Code     0  startup_stm32h743xx.o(.text)
    SDMMC2_IRQHandler                        0x0800041f   Thumb Code     0  startup_stm32h743xx.o(.text)
    SPDIF_RX_IRQHandler                      0x0800041f   Thumb Code     0  startup_stm32h743xx.o(.text)
    SPI1_IRQHandler                          0x0800041f   Thumb Code     0  startup_stm32h743xx.o(.text)
    SPI2_IRQHandler                          0x0800041f   Thumb Code     0  startup_stm32h743xx.o(.text)
    SPI3_IRQHandler                          0x0800041f   Thumb Code     0  startup_stm32h743xx.o(.text)
    SPI4_IRQHandler                          0x0800041f   Thumb Code     0  startup_stm32h743xx.o(.text)
    SPI5_IRQHandler                          0x0800041f   Thumb Code     0  startup_stm32h743xx.o(.text)
    SPI6_IRQHandler                          0x0800041f   Thumb Code     0  startup_stm32h743xx.o(.text)
    SWPMI1_IRQHandler                        0x0800041f   Thumb Code     0  startup_stm32h743xx.o(.text)
    TAMP_STAMP_IRQHandler                    0x0800041f   Thumb Code     0  startup_stm32h743xx.o(.text)
    TIM15_IRQHandler                         0x0800041f   Thumb Code     0  startup_stm32h743xx.o(.text)
    TIM16_IRQHandler                         0x0800041f   Thumb Code     0  startup_stm32h743xx.o(.text)
    TIM17_IRQHandler                         0x0800041f   Thumb Code     0  startup_stm32h743xx.o(.text)
    TIM1_BRK_IRQHandler                      0x0800041f   Thumb Code     0  startup_stm32h743xx.o(.text)
    TIM1_CC_IRQHandler                       0x0800041f   Thumb Code     0  startup_stm32h743xx.o(.text)
    TIM1_TRG_COM_IRQHandler                  0x0800041f   Thumb Code     0  startup_stm32h743xx.o(.text)
    TIM2_IRQHandler                          0x0800041f   Thumb Code     0  startup_stm32h743xx.o(.text)
    TIM3_IRQHandler                          0x0800041f   Thumb Code     0  startup_stm32h743xx.o(.text)
    TIM4_IRQHandler                          0x0800041f   Thumb Code     0  startup_stm32h743xx.o(.text)
    TIM5_IRQHandler                          0x0800041f   Thumb Code     0  startup_stm32h743xx.o(.text)
    TIM6_DAC_IRQHandler                      0x0800041f   Thumb Code     0  startup_stm32h743xx.o(.text)
    TIM7_IRQHandler                          0x0800041f   Thumb Code     0  startup_stm32h743xx.o(.text)
    TIM8_BRK_TIM12_IRQHandler                0x0800041f   Thumb Code     0  startup_stm32h743xx.o(.text)
    TIM8_CC_IRQHandler                       0x0800041f   Thumb Code     0  startup_stm32h743xx.o(.text)
    TIM8_TRG_COM_TIM14_IRQHandler            0x0800041f   Thumb Code     0  startup_stm32h743xx.o(.text)
    TIM8_UP_TIM13_IRQHandler                 0x0800041f   Thumb Code     0  startup_stm32h743xx.o(.text)
    UART4_IRQHandler                         0x0800041f   Thumb Code     0  startup_stm32h743xx.o(.text)
    UART5_IRQHandler                         0x0800041f   Thumb Code     0  startup_stm32h743xx.o(.text)
    UART7_IRQHandler                         0x0800041f   Thumb Code     0  startup_stm32h743xx.o(.text)
    UART8_IRQHandler                         0x0800041f   Thumb Code     0  startup_stm32h743xx.o(.text)
    USART1_IRQHandler                        0x0800041f   Thumb Code     0  startup_stm32h743xx.o(.text)
    USART2_IRQHandler                        0x0800041f   Thumb Code     0  startup_stm32h743xx.o(.text)
    USART6_IRQHandler                        0x0800041f   Thumb Code     0  startup_stm32h743xx.o(.text)
    WAKEUP_PIN_IRQHandler                    0x0800041f   Thumb Code     0  startup_stm32h743xx.o(.text)
    WWDG_IRQHandler                          0x0800041f   Thumb Code     0  startup_stm32h743xx.o(.text)
    __user_initial_stackheap                 0x08000421   Thumb Code     0  startup_stm32h743xx.o(.text)
    __aeabi_uldivmod                         0x08000449   Thumb Code     0  lludivv7m.o(.text)
    _ll_udiv                                 0x08000449   Thumb Code   238  lludivv7m.o(.text)
    __2sprintf                               0x08000539   Thumb Code    38  __2sprintf.o(.text)
    _printf_int_dec                          0x08000565   Thumb Code   104  _printf_dec.o(.text)
    __printf                                 0x080005dd   Thumb Code   388  __printf_flags_ss_wp.o(.text)
    strlen                                   0x08000765   Thumb Code    62  strlen.o(.text)
    strncmp                                  0x080007a3   Thumb Code   150  strncmp.o(.text)
    __aeabi_memcpy                           0x08000839   Thumb Code     0  rt_memcpy_v6.o(.text)
    __rt_memcpy                              0x08000839   Thumb Code   138  rt_memcpy_v6.o(.text)
    _memcpy_lastbytes                        0x0800089f   Thumb Code     0  rt_memcpy_v6.o(.text)
    __aeabi_memset                           0x080008c3   Thumb Code    16  aeabi_memset.o(.text)
    __aeabi_memclr                           0x080008d3   Thumb Code     0  rt_memclr.o(.text)
    __rt_memclr                              0x080008d3   Thumb Code    68  rt_memclr.o(.text)
    _memset                                  0x080008d7   Thumb Code     0  rt_memclr.o(.text)
    __aeabi_memclr4                          0x08000917   Thumb Code     0  rt_memclr_w.o(.text)
    __aeabi_memclr8                          0x08000917   Thumb Code     0  rt_memclr_w.o(.text)
    __rt_memclr_w                            0x08000917   Thumb Code    78  rt_memclr_w.o(.text)
    _memset_w                                0x0800091b   Thumb Code     0  rt_memclr_w.o(.text)
    strcmp                                   0x08000965   Thumb Code   104  strcmpv7m_pel.o(.text)
    __use_two_region_memory                  0x080009cd   Thumb Code     2  heapauxi.o(.text)
    __rt_heap_escrow$2region                 0x080009cf   Thumb Code     2  heapauxi.o(.text)
    __rt_heap_expand$2region                 0x080009d1   Thumb Code     2  heapauxi.o(.text)
    _printf_int_common                       0x080009d3   Thumb Code   178  _printf_intcommon.o(.text)
    _printf_char_common                      0x08000a8f   Thumb Code    32  _printf_char_common.o(.text)
    _sputc                                   0x08000ab5   Thumb Code    10  _sputc.o(.text)
    __aeabi_memcpy4                          0x08000abf   Thumb Code     0  rt_memcpy_w.o(.text)
    __aeabi_memcpy8                          0x08000abf   Thumb Code     0  rt_memcpy_w.o(.text)
    __rt_memcpy_w                            0x08000abf   Thumb Code   100  rt_memcpy_w.o(.text)
    _memcpy_lastbytes_aligned                0x08000b07   Thumb Code     0  rt_memcpy_w.o(.text)
    __user_libspace                          0x08000b25   Thumb Code     8  libspace.o(.text)
    __user_perproc_libspace                  0x08000b25   Thumb Code     0  libspace.o(.text)
    __user_perthread_libspace                0x08000b25   Thumb Code     0  libspace.o(.text)
    __user_setup_stackheap                   0x08000b2d   Thumb Code    74  sys_stackheap_outer.o(.text)
    exit                                     0x08000b77   Thumb Code    18  exit.o(.text)
    _sys_exit                                0x08000b89   Thumb Code     8  sys_exit.o(.text)
    __I$use$semihosting                      0x08000b95   Thumb Code     0  use_no_semi.o(.text)
    __use_no_semihosting_swi                 0x08000b95   Thumb Code     2  use_no_semi.o(.text)
    BusFault_Handler                         0x08000b97   Thumb Code     2  stm32h7xx_it.o(i.BusFault_Handler)
    __semihosting_library_function           0x08000b97   Thumb Code     0  indicate_semi.o(.text)
    Create_DEBUG_Task                        0x08000b99   Thumb Code    24  debug.o(i.Create_DEBUG_Task)
    Create_OLED_Task                         0x08000bc5   Thumb Code    24  oled_show.o(i.Create_OLED_Task)
    DEBUG_Task                               0x08000bf1   Thumb Code    18  debug.o(i.DEBUG_Task)
    DWT_Delay_us                             0x08000c09   Thumb Code    26  delay.o(i.DWT_Delay_us)
    DWT_Init                                 0x08000c31   Thumb Code    26  delay.o(i.DWT_Init)
    DebugMon_Handler                         0x08000c55   Thumb Code     2  stm32h7xx_it.o(i.DebugMon_Handler)
    Error_Handler                            0x08000f8d   Thumb Code     4  main.o(i.Error_Handler)
    ExitRun0Mode                             0x08000f91   Thumb Code    22  system_stm32h7xx.o(i.ExitRun0Mode)
    HAL_DMA_Abort                            0x08000fad   Thumb Code   836  stm32h7xx_hal_dma.o(i.HAL_DMA_Abort)
    HAL_DMA_Abort_IT                         0x0800130d   Thumb Code   498  stm32h7xx_hal_dma.o(i.HAL_DMA_Abort_IT)
    HAL_ETH_Init                             0x08001529   Thumb Code   438  stm32h7xx_hal_eth.o(i.HAL_ETH_Init)
    HAL_ETH_MspInit                          0x080016f5   Thumb Code   224  eth.o(i.HAL_ETH_MspInit)
    HAL_ETH_SetMDIOClockRange                0x080017ed   Thumb Code    84  stm32h7xx_hal_eth.o(i.HAL_ETH_SetMDIOClockRange)
    HAL_GPIO_Init                            0x08001855   Thumb Code   514  stm32h7xx_hal_gpio.o(i.HAL_GPIO_Init)
    HAL_GPIO_TogglePin                       0x08001a89   Thumb Code    16  stm32h7xx_hal_gpio.o(i.HAL_GPIO_TogglePin)
    HAL_GPIO_WritePin                        0x08001a99   Thumb Code    10  stm32h7xx_hal_gpio.o(i.HAL_GPIO_WritePin)
    HAL_GetREVID                             0x08001aa5   Thumb Code     8  stm32h7xx_hal.o(i.HAL_GetREVID)
    HAL_GetTick                              0x08001ab1   Thumb Code     6  stm32h7xx_hal.o(i.HAL_GetTick)
    HAL_IncTick                              0x08001abd   Thumb Code    12  stm32h7xx_hal.o(i.HAL_IncTick)
    HAL_Init                                 0x08001acd   Thumb Code    74  stm32h7xx_hal.o(i.HAL_Init)
    HAL_InitTick                             0x08001b29   Thumb Code   110  stm32h7xx_hal_timebase_tim.o(i.HAL_InitTick)
    HAL_MPU_ConfigRegion                     0x08001bad   Thumb Code    86  stm32h7xx_hal_cortex.o(i.HAL_MPU_ConfigRegion)
    HAL_MPU_Disable                          0x08001c09   Thumb Code    24  stm32h7xx_hal_cortex.o(i.HAL_MPU_Disable)
    HAL_MPU_Enable                           0x08001c25   Thumb Code    30  stm32h7xx_hal_cortex.o(i.HAL_MPU_Enable)
    HAL_MspInit                              0x08001c49   Thumb Code    32  stm32h7xx_hal_msp.o(i.HAL_MspInit)
    HAL_NVIC_EnableIRQ                       0x08001c6d   Thumb Code    26  stm32h7xx_hal_cortex.o(i.HAL_NVIC_EnableIRQ)
    HAL_NVIC_SetPriority                     0x08001c89   Thumb Code    60  stm32h7xx_hal_cortex.o(i.HAL_NVIC_SetPriority)
    HAL_NVIC_SetPriorityGrouping             0x08001cc9   Thumb Code    28  stm32h7xx_hal_cortex.o(i.HAL_NVIC_SetPriorityGrouping)
    HAL_PWREx_ConfigSupply                   0x08001ced   Thumb Code    78  stm32h7xx_hal_pwr_ex.o(i.HAL_PWREx_ConfigSupply)
    HAL_RCCEx_GetD3PCLK1Freq                 0x08001d41   Thumb Code    26  stm32h7xx_hal_rcc_ex.o(i.HAL_RCCEx_GetD3PCLK1Freq)
    HAL_RCCEx_GetPLL2ClockFreq               0x08001d65   Thumb Code   296  stm32h7xx_hal_rcc_ex.o(i.HAL_RCCEx_GetPLL2ClockFreq)
    HAL_RCCEx_GetPLL3ClockFreq               0x08001ea9   Thumb Code   296  stm32h7xx_hal_rcc_ex.o(i.HAL_RCCEx_GetPLL3ClockFreq)
    HAL_RCCEx_PeriphCLKConfig                0x08001fed   Thumb Code  2472  stm32h7xx_hal_rcc_ex.o(i.HAL_RCCEx_PeriphCLKConfig)
    HAL_RCC_ClockConfig                      0x08002999   Thumb Code   580  stm32h7xx_hal_rcc.o(i.HAL_RCC_ClockConfig)
    HAL_RCC_GetClockConfig                   0x08002bf5   Thumb Code    84  stm32h7xx_hal_rcc.o(i.HAL_RCC_GetClockConfig)
    HAL_RCC_GetHCLKFreq                      0x08002c51   Thumb Code    52  stm32h7xx_hal_rcc.o(i.HAL_RCC_GetHCLKFreq)
    HAL_RCC_GetPCLK1Freq                     0x08002c95   Thumb Code    26  stm32h7xx_hal_rcc.o(i.HAL_RCC_GetPCLK1Freq)
    HAL_RCC_GetPCLK2Freq                     0x08002cb9   Thumb Code    26  stm32h7xx_hal_rcc.o(i.HAL_RCC_GetPCLK2Freq)
    HAL_RCC_GetSysClockFreq                  0x08002cdd   Thumb Code   278  stm32h7xx_hal_rcc.o(i.HAL_RCC_GetSysClockFreq)
    HAL_RCC_OscConfig                        0x08002e15   Thumb Code  1410  stm32h7xx_hal_rcc.o(i.HAL_RCC_OscConfig)
    HAL_SYSCFG_ETHInterfaceSelect            0x08003399   Thumb Code    14  stm32h7xx_hal.o(i.HAL_SYSCFG_ETHInterfaceSelect)
    HAL_TIMEx_Break2Callback                 0x080033ad   Thumb Code     2  stm32h7xx_hal_tim_ex.o(i.HAL_TIMEx_Break2Callback)
    HAL_TIMEx_BreakCallback                  0x080033af   Thumb Code     2  stm32h7xx_hal_tim_ex.o(i.HAL_TIMEx_BreakCallback)
    HAL_TIMEx_CommutCallback                 0x080033b1   Thumb Code     2  stm32h7xx_hal_tim_ex.o(i.HAL_TIMEx_CommutCallback)
    HAL_TIM_Base_Init                        0x080033b3   Thumb Code    98  stm32h7xx_hal_tim.o(i.HAL_TIM_Base_Init)
    HAL_TIM_Base_MspInit                     0x08003415   Thumb Code     2  stm32h7xx_hal_tim.o(i.HAL_TIM_Base_MspInit)
    HAL_TIM_Base_Start_IT                    0x08003419   Thumb Code   106  stm32h7xx_hal_tim.o(i.HAL_TIM_Base_Start_IT)
    HAL_TIM_IC_CaptureCallback               0x080034a5   Thumb Code     2  stm32h7xx_hal_tim.o(i.HAL_TIM_IC_CaptureCallback)
    HAL_TIM_IRQHandler                       0x080034a7   Thumb Code   328  stm32h7xx_hal_tim.o(i.HAL_TIM_IRQHandler)
    HAL_TIM_OC_DelayElapsedCallback          0x080035ef   Thumb Code     2  stm32h7xx_hal_tim.o(i.HAL_TIM_OC_DelayElapsedCallback)
    HAL_TIM_PWM_PulseFinishedCallback        0x080035f1   Thumb Code     2  stm32h7xx_hal_tim.o(i.HAL_TIM_PWM_PulseFinishedCallback)
    HAL_TIM_PeriodElapsedCallback            0x080035f5   Thumb Code    14  main.o(i.HAL_TIM_PeriodElapsedCallback)
    HAL_TIM_TriggerCallback                  0x08003609   Thumb Code     2  stm32h7xx_hal_tim.o(i.HAL_TIM_TriggerCallback)
    HAL_UARTEx_DisableFifoMode               0x0800360b   Thumb Code    64  stm32h7xx_hal_uart_ex.o(i.HAL_UARTEx_DisableFifoMode)
    HAL_UARTEx_RxEventCallback               0x0800364b   Thumb Code     2  stm32h7xx_hal_uart.o(i.HAL_UARTEx_RxEventCallback)
    HAL_UARTEx_RxFifoFullCallback            0x0800364d   Thumb Code     2  stm32h7xx_hal_uart_ex.o(i.HAL_UARTEx_RxFifoFullCallback)
    HAL_UARTEx_SetRxFifoThreshold            0x0800364f   Thumb Code    76  stm32h7xx_hal_uart_ex.o(i.HAL_UARTEx_SetRxFifoThreshold)
    HAL_UARTEx_SetTxFifoThreshold            0x0800369b   Thumb Code    76  stm32h7xx_hal_uart_ex.o(i.HAL_UARTEx_SetTxFifoThreshold)
    HAL_UARTEx_TxFifoEmptyCallback           0x080036e7   Thumb Code     2  stm32h7xx_hal_uart_ex.o(i.HAL_UARTEx_TxFifoEmptyCallback)
    HAL_UARTEx_WakeupCallback                0x080036e9   Thumb Code     2  stm32h7xx_hal_uart_ex.o(i.HAL_UARTEx_WakeupCallback)
    HAL_UART_ErrorCallback                   0x080036eb   Thumb Code     2  stm32h7xx_hal_uart.o(i.HAL_UART_ErrorCallback)
    HAL_UART_IRQHandler                      0x080036ed   Thumb Code   898  stm32h7xx_hal_uart.o(i.HAL_UART_IRQHandler)
    HAL_UART_Init                            0x08003a89   Thumb Code   106  stm32h7xx_hal_uart.o(i.HAL_UART_Init)
    HAL_UART_MspInit                         0x08003af5   Thumb Code   138  usart.o(i.HAL_UART_MspInit)
    HAL_UART_Receive                         0x08003b8d   Thumb Code   244  stm32h7xx_hal_uart.o(i.HAL_UART_Receive)
    HAL_UART_Transmit                        0x08003c81   Thumb Code   184  stm32h7xx_hal_uart.o(i.HAL_UART_Transmit)
    HAL_UART_TxCpltCallback                  0x08003d39   Thumb Code     2  stm32h7xx_hal_uart.o(i.HAL_UART_TxCpltCallback)
    HardFault_Handler                        0x08003d3b   Thumb Code     2  stm32h7xx_it.o(i.HardFault_Handler)
    MX_ETH_Init                              0x08003d65   Thumb Code    68  eth.o(i.MX_ETH_Init)
    MX_FREERTOS_Init                         0x08003dbd   Thumb Code    18  freertos.o(i.MX_FREERTOS_Init)
    MX_GPIO_Init                             0x08003ddd   Thumb Code   238  gpio.o(i.MX_GPIO_Init)
    MX_USART3_UART_Init                      0x08003edd   Thumb Code    94  usart.o(i.MX_USART3_UART_Init)
    MemManage_Handler                        0x08003f45   Thumb Code     2  stm32h7xx_it.o(i.MemManage_Handler)
    NMI_Handler                              0x08003f47   Thumb Code     2  stm32h7xx_it.o(i.NMI_Handler)
    OLED_Clear                               0x08003f49   Thumb Code    34  oled.o(i.OLED_Clear)
    OLED_ClearArea                           0x08003f71   Thumb Code    88  oled.o(i.OLED_ClearArea)
    OLED_Init                                0x08003fcd   Thumb Code   156  oled.o(i.OLED_Init)
    OLED_SetCursor                           0x08004069   Thumb Code    34  oled.o(i.OLED_SetCursor)
    OLED_ShowChar                            0x0800408d   Thumb Code    52  oled.o(i.OLED_ShowChar)
    OLED_ShowImage                           0x080040c9   Thumb Code   188  oled.o(i.OLED_ShowImage)
    OLED_ShowString                          0x08004189   Thumb Code   214  oled.o(i.OLED_ShowString)
    OLED_Task                                0x08004269   Thumb Code   124  oled_show.o(i.OLED_Task)
    OLED_Update                              0x0800432d   Thumb Code    34  oled.o(i.OLED_Update)
    OLED_WriteCommand                        0x08004355   Thumb Code    34  oled.o(i.OLED_WriteCommand)
    OLED_WriteData                           0x08004377   Thumb Code    48  oled.o(i.OLED_WriteData)
    Soft_I2C_Init                            0x080045e9   Thumb Code    78  soft_iic.o(i.Soft_I2C_Init)
    Soft_I2C_SendByte                        0x08004645   Thumb Code    90  soft_iic.o(i.Soft_I2C_SendByte)
    Soft_I2C_Start                           0x080046a9   Thumb Code    78  soft_iic.o(i.Soft_I2C_Start)
    Soft_I2C_Stop                            0x08004701   Thumb Code    80  soft_iic.o(i.Soft_I2C_Stop)
    StartDefaultTask                         0x08004759   Thumb Code     8  freertos.o(i.StartDefaultTask)
    SysTick_Handler                          0x08004761   Thumb Code    26  cmsis_os2.o(i.SysTick_Handler)
    SystemClock_Config                       0x0800477d   Thumb Code   160  main.o(i.SystemClock_Config)
    SystemInit                               0x08004825   Thumb Code   206  system_stm32h7xx.o(i.SystemInit)
    TIM1_UP_IRQHandler                       0x0800491d   Thumb Code     6  stm32h7xx_it.o(i.TIM1_UP_IRQHandler)
    TIM_Base_SetConfig                       0x08004929   Thumb Code   170  stm32h7xx_hal_tim.o(i.TIM_Base_SetConfig)
    UART_AdvFeatureConfig                    0x08004a39   Thumb Code   200  stm32h7xx_hal_uart.o(i.UART_AdvFeatureConfig)
    UART_CheckIdleState                      0x08004b01   Thumb Code   170  stm32h7xx_hal_uart.o(i.UART_CheckIdleState)
    UART_SetConfig                           0x08004c09   Thumb Code   876  stm32h7xx_hal_uart.o(i.UART_SetConfig)
    UART_WaitOnFlagUntilTimeout              0x08004fb5   Thumb Code   148  stm32h7xx_hal_uart.o(i.UART_WaitOnFlagUntilTimeout)
    USART3_IRQHandler                        0x08005049   Thumb Code     6  stm32h7xx_it.o(i.USART3_IRQHandler)
    UsageFault_Handler                       0x08005055   Thumb Code     2  stm32h7xx_it.o(i.UsageFault_Handler)
    _is_digit                                0x08005079   Thumb Code    14  __printf_wp.o(i._is_digit)
    main                                     0x08005087   Thumb Code   126  main.o(i.main)
    osDelay                                  0x08005105   Thumb Code    32  cmsis_os2.o(i.osDelay)
    osKernelInitialize                       0x08005125   Thumb Code    42  cmsis_os2.o(i.osKernelInitialize)
    osKernelStart                            0x08005155   Thumb Code    56  cmsis_os2.o(i.osKernelStart)
    osThreadNew                              0x08005195   Thumb Code   146  cmsis_os2.o(i.osThreadNew)
    pvPortMalloc                             0x080059bd   Thumb Code   204  heap_4.o(i.pvPortMalloc)
    pxPortInitialiseStack                    0x08005a8d   Thumb Code    42  port.o(i.pxPortInitialiseStack)
    shellBackspace                           0x08005abd   Thumb Code     6  shell.o(i.shellBackspace)
    shellCheckPermission                     0x08005ac3   Thumb Code    48  shell.o(i.shellCheckPermission)
    shellClear                               0x08005af5   Thumb Code    24  shell.o(i.shellClear)
    shellClearCommandLine                    0x08005b11   Thumb Code    48  shell.o(i.shellClearCommandLine)
    shellCmds                                0x08005b41   Thumb Code    20  shell.o(i.shellCmds)
    shellDelete                              0x08005b55   Thumb Code     8  shell.o(i.shellDelete)
    shellDeleteByte                          0x08005b5d   Thumb Code   218  shell.o(i.shellDeleteByte)
    shellDeleteCommandLine                   0x08005c39   Thumb Code    24  shell.o(i.shellDeleteCommandLine)
    shellDown                                0x08005c55   Thumb Code     8  shell.o(i.shellDown)
    shellEnter                               0x08005c5d   Thumb Code    20  shell.o(i.shellEnter)
    shellExec                                0x08005c71   Thumb Code   150  shell.o(i.shellExec)
    shellExtParsePara                        0x08005e5f   Thumb Code   186  shell_ext.o(i.shellExtParsePara)
    shellExtRun                              0x08005f19   Thumb Code   206  shell_ext.o(i.shellExtRun)
    shellGetCurrent                          0x08006025   Thumb Code    36  shell.o(i.shellGetCurrent)
    shellGetVarValue                         0x0800604d   Thumb Code    62  shell.o(i.shellGetVarValue)
    shellHandler                             0x0800608d   Thumb Code   204  shell.o(i.shellHandler)
    shellHelp                                0x0800615d   Thumb Code    40  shell.o(i.shellHelp)
    shellInit                                0x0800628d   Thumb Code   136  shell.o(i.shellInit)
    shellInsertByte                          0x08006329   Thumb Code   230  shell.o(i.shellInsertByte)
    shellKeys                                0x08006415   Thumb Code    20  shell.o(i.shellKeys)
    shellLeft                                0x08006429   Thumb Code    32  shell.o(i.shellLeft)
    shellListCommand                         0x08006449   Thumb Code    72  shell.o(i.shellListCommand)
    shellListItem                            0x08006495   Thumb Code   228  shell.o(i.shellListItem)
    shellListKey                             0x08006589   Thumb Code    76  shell.o(i.shellListKey)
    shellListUser                            0x080065d9   Thumb Code    76  shell.o(i.shellListUser)
    shellListVar                             0x08006629   Thumb Code    74  shell.o(i.shellListVar)
    shellNormalInput                         0x08006679   Thumb Code    16  shell.o(i.shellNormalInput)
    shellRight                               0x08006689   Thumb Code    32  shell.o(i.shellRight)
    shellRunCommand                          0x080066a9   Thumb Code   188  shell.o(i.shellRunCommand)
    shellSeekCommand                         0x08006765   Thumb Code   110  shell.o(i.shellSeekCommand)
    shellSetUser                             0x080067d5   Thumb Code    90  shell.o(i.shellSetUser)
    shellSetVar                              0x08006835   Thumb Code    82  shell.o(i.shellSetVar)
    shellSetVarValue                         0x0800688d   Thumb Code   108  shell.o(i.shellSetVarValue)
    shellSplit                               0x080069ad   Thumb Code   244  shell.o(i.shellSplit)
    shellTab                                 0x08006ae5   Thumb Code   250  shell.o(i.shellTab)
    shellTask                                0x08006be5   Thumb Code    32  shell.o(i.shellTask)
    shellToDec                               0x08006c05   Thumb Code    80  shell.o(i.shellToDec)
    shellToHex                               0x08006c55   Thumb Code    42  shell.o(i.shellToHex)
    shellUp                                  0x08006c7f   Thumb Code     6  shell.o(i.shellUp)
    shellUsers                               0x08006c85   Thumb Code    20  shell.o(i.shellUsers)
    shellVars                                0x08006c99   Thumb Code    20  shell.o(i.shellVars)
    shellWriteString                         0x08006de1   Thumb Code    36  shell.o(i.shellWriteString)
    userShellInit                            0x08006e05   Thumb Code    56  shell_port.o(i.userShellInit)
    userShellRead                            0x08006e59   Thumb Code    26  shell_port.o(i.userShellRead)
    userShellWrite                           0x08006e79   Thumb Code    22  shell_port.o(i.userShellWrite)
    uxListRemove                             0x08006e95   Thumb Code    38  list.o(i.uxListRemove)
    vApplicationGetIdleTaskMemory            0x08006ebd   Thumb Code    18  cmsis_os2.o(i.vApplicationGetIdleTaskMemory)
    vApplicationGetTimerTaskMemory           0x08006ed5   Thumb Code    20  cmsis_os2.o(i.vApplicationGetTimerTaskMemory)
    vListInitialise                          0x08006eed   Thumb Code    22  list.o(i.vListInitialise)
    vListInitialiseItem                      0x08006f03   Thumb Code     6  list.o(i.vListInitialiseItem)
    vListInsert                              0x08006f09   Thumb Code    48  list.o(i.vListInsert)
    vPortEnterCritical                       0x08006f39   Thumb Code    54  port.o(i.vPortEnterCritical)
    vPortExitCritical                        0x08006f79   Thumb Code    34  port.o(i.vPortExitCritical)
    vPortFree                                0x08006fa1   Thumb Code    94  heap_4.o(i.vPortFree)
    vPortSetupTimerInterrupt                 0x08007005   Thumb Code    32  port.o(i.vPortSetupTimerInterrupt)
    vQueueAddToRegistry                      0x08007029   Thumb Code    74  queue.o(i.vQueueAddToRegistry)
    vQueueWaitForMessageRestricted           0x08007079   Thumb Code    68  queue.o(i.vQueueWaitForMessageRestricted)
    vTaskDelay                               0x080070bd   Thumb Code    66  tasks.o(i.vTaskDelay)
    vTaskInternalSetTimeOutState             0x08007109   Thumb Code    12  tasks.o(i.vTaskInternalSetTimeOutState)
    vTaskMissedYield                         0x08007119   Thumb Code     8  tasks.o(i.vTaskMissedYield)
    vTaskPlaceOnEventList                    0x08007125   Thumb Code    44  tasks.o(i.vTaskPlaceOnEventList)
    vTaskPlaceOnEventListRestricted          0x08007155   Thumb Code    76  tasks.o(i.vTaskPlaceOnEventListRestricted)
    vTaskStartScheduler                      0x080071a5   Thumb Code   114  tasks.o(i.vTaskStartScheduler)
    vTaskSuspendAll                          0x08007229   Thumb Code    10  tasks.o(i.vTaskSuspendAll)
    vTaskSwitchContext                       0x08007239   Thumb Code    90  tasks.o(i.vTaskSwitchContext)
    xPortStartScheduler                      0x0800729d   Thumb Code   234  port.o(i.xPortStartScheduler)
    xPortSysTickHandler                      0x0800739d   Thumb Code    38  port.o(i.xPortSysTickHandler)
    xQueueCreateMutex                        0x080073c9   Thumb Code    22  queue.o(i.xQueueCreateMutex)
    xQueueGenericCreate                      0x080073df   Thumb Code    84  queue.o(i.xQueueGenericCreate)
    xQueueGenericCreateStatic                0x08007433   Thumb Code    70  queue.o(i.xQueueGenericCreateStatic)
    xQueueGenericReset                       0x08007479   Thumb Code   182  queue.o(i.xQueueGenericReset)
    xQueueGenericSend                        0x08007535   Thumb Code   346  queue.o(i.xQueueGenericSend)
    xQueueReceive                            0x08007695   Thumb Code   310  queue.o(i.xQueueReceive)
    xTaskCheckForTimeOut                     0x080077d1   Thumb Code   112  tasks.o(i.xTaskCheckForTimeOut)
    xTaskCreate                              0x08007845   Thumb Code    96  tasks.o(i.xTaskCreate)
    xTaskCreateStatic                        0x080078a5   Thumb Code   114  tasks.o(i.xTaskCreateStatic)
    xTaskGetSchedulerState                   0x08007919   Thumb Code    22  tasks.o(i.xTaskGetSchedulerState)
    xTaskGetTickCount                        0x08007935   Thumb Code     6  tasks.o(i.xTaskGetTickCount)
    xTaskIncrementTick                       0x08007941   Thumb Code   294  tasks.o(i.xTaskIncrementTick)
    xTaskPriorityDisinherit                  0x08007a71   Thumb Code   158  tasks.o(i.xTaskPriorityDisinherit)
    xTaskRemoveFromEventList                 0x08007b19   Thumb Code   206  tasks.o(i.xTaskRemoveFromEventList)
    xTaskResumeAll                           0x08007bf5   Thumb Code   304  tasks.o(i.xTaskResumeAll)
    xTimerCreateTimerTask                    0x08007d35   Thumb Code    78  timers.o(i.xTimerCreateTimerTask)
    _fp_init                                 0x08007d95   Thumb Code    10  fpinit.o(x$fpl$fpinit)
    __fplib_config_fpu_vfp                   0x08007d9d   Thumb Code     0  fpinit.o(x$fpl$fpinit)
    __fplib_config_pureend_doubles           0x08007d9d   Thumb Code     0  fpinit.o(x$fpl$fpinit)
    defaultTask_attributes                   0x08007da0   Data          36  freertos.o(.constdata)
    UARTPrescTable                           0x08007dc4   Data          24  stm32h7xx_hal_uart.o(.constdata)
    D1CorePrescTable                         0x08007dec   Data          16  system_stm32h7xx.o(.constdata)
    OLED_F8x16                               0x08007dfc   Data        1520  oled_data.o(.constdata)
    OLED_F6x8                                0x080083ec   Data         570  oled_data.o(.constdata)
    OLED_CF16x16                             0x08008626   Data         245  oled_data.o(.constdata)
    shellCmdDefaultUser                      0x0800871b   Data           8  shell.o(.constdata)
    shellPasswordDefaultUser                 0x08008723   Data           1  shell.o(.constdata)
    shellDesDefaultUser                      0x08008724   Data          13  shell.o(.constdata)
    shellCmdsetVar                           0x08008731   Data           7  shell.o(.constdata)
    shellDescsetVar                          0x08008738   Data           8  shell.o(.constdata)
    shellDesc0x1B5B4100                      0x08008740   Data           3  shell.o(.constdata)
    shellDesc0x1B5B4200                      0x08008743   Data           5  shell.o(.constdata)
    shellDesc0x1B5B4300                      0x08008748   Data           6  shell.o(.constdata)
    shellDesc0x1B5B4400                      0x0800874e   Data           5  shell.o(.constdata)
    shellDesc0x09000000                      0x08008753   Data           4  shell.o(.constdata)
    shellDesc0x08000000                      0x08008757   Data          10  shell.o(.constdata)
    shellDesc0x7F000000                      0x08008761   Data          10  shell.o(.constdata)
    shellDesc0x1B5B337E                      0x0800876b   Data           7  shell.o(.constdata)
    shellDesc0x0A000000                      0x08008772   Data           6  shell.o(.constdata)
    shellDesc0x0D000000                      0x08008778   Data           6  shell.o(.constdata)
    shellCmdhelp                             0x0800877e   Data           5  shell.o(.constdata)
    shellDeschelp                            0x08008783   Data          30  shell.o(.constdata)
    shellCmdusers                            0x080087a1   Data           6  shell.o(.constdata)
    shellDescusers                           0x080087a7   Data          14  shell.o(.constdata)
    shellCmdcmds                             0x080087b5   Data           5  shell.o(.constdata)
    shellDesccmds                            0x080087ba   Data          13  shell.o(.constdata)
    shellCmdvars                             0x080087c7   Data           5  shell.o(.constdata)
    shellDescvars                            0x080087cc   Data          13  shell.o(.constdata)
    shellCmdkeys                             0x080087d9   Data           5  shell.o(.constdata)
    shellDesckeys                            0x080087de   Data          13  shell.o(.constdata)
    shellCmdclear                            0x080087eb   Data           6  shell.o(.constdata)
    shellDescclear                           0x080087f1   Data          14  shell.o(.constdata)
    Region$$Table$$Base                      0x08008ac0   Number         0  anon$$obj.o(Region$$Table)
    Region$$Table$$Limit                     0x08008ae0   Number         0  anon$$obj.o(Region$$Table)
    shellCommand$$Base                       0x08008ae0   Number         0  shell.o(shellCommand)
    shellUserDefault                         0x08008ae0   Data          16  shell.o(shellCommand)
    shellCommandsetVar                       0x08008af0   Data          16  shell.o(shellCommand)
    shellKey0x1B5B4100                       0x08008b00   Data          16  shell.o(shellCommand)
    shellKey0x1B5B4200                       0x08008b10   Data          16  shell.o(shellCommand)
    shellKey0x1B5B4300                       0x08008b20   Data          16  shell.o(shellCommand)
    shellKey0x1B5B4400                       0x08008b30   Data          16  shell.o(shellCommand)
    shellKey0x09000000                       0x08008b40   Data          16  shell.o(shellCommand)
    shellKey0x08000000                       0x08008b50   Data          16  shell.o(shellCommand)
    shellKey0x7F000000                       0x08008b60   Data          16  shell.o(shellCommand)
    shellKey0x1B5B337E                       0x08008b70   Data          16  shell.o(shellCommand)
    shellKey0x0A000000                       0x08008b80   Data          16  shell.o(shellCommand)
    shellKey0x0D000000                       0x08008b90   Data          16  shell.o(shellCommand)
    shellCommandhelp                         0x08008ba0   Data          16  shell.o(shellCommand)
    shellCommandusers                        0x08008bb0   Data          16  shell.o(shellCommand)
    shellCommandcmds                         0x08008bc0   Data          16  shell.o(shellCommand)
    shellCommandvars                         0x08008bd0   Data          16  shell.o(shellCommand)
    shellCommandkeys                         0x08008be0   Data          16  shell.o(shellCommand)
    shellCommandclear                        0x08008bf0   Data          16  shell.o(shellCommand)
    shellCommand$$Limit                      0x08008c00   Number         0  shell.o(shellCommand)
    defaultTaskHandle                        0x24000000   Data           4  freertos.o(.data)
    uwTickFreq                               0x2400000c   Data           1  stm32h7xx_hal.o(.data)
    uwTickPrio                               0x24000010   Data           4  stm32h7xx_hal.o(.data)
    uwTick                                   0x24000014   Data           4  stm32h7xx_hal.o(.data)
    SystemCoreClock                          0x24000018   Data           4  system_stm32h7xx.o(.data)
    SystemD2Clock                            0x2400001c   Data           4  system_stm32h7xx.o(.data)
    pxCurrentTCB                             0x24000020   Data           4  tasks.o(.data)
    uxTopUsedPriority                        0x24000050   Data           4  tasks.o(.data)
    xOledTaskHandle                          0x240000a0   Data           4  oled_show.o(.data)
    xDEBUGTaskHandle                         0x240000a4   Data           4  debug.o(.data)
    pairedChars                              0x240000ac   Data           2  shell.o(.data)
    heth                                     0x24000104   Data         176  eth.o(.bss)
    huart3                                   0x240001b4   Data         148  usart.o(.bss)
    htim1                                    0x24000248   Data          76  stm32h7xx_hal_timebase_tim.o(.bss)
    xQueueRegistry                           0x24000294   Data          64  queue.o(.bss)
    OLED_DisplayBuf                          0x24004b68   Data        1024  oled.o(.bss)
    shell                                    0x24004f68   Data         108  shell_port.o(.bss)
    shellBuffer                              0x24004fd4   Data         512  shell_port.o(.bss)
    __libspace_start                         0x240051f4   Data          96  libspace.o(.bss)
    __temporary_stack_top$libspace           0x24005254   Data           0  libspace.o(.bss)
    DMARxDscrTab                             0x30000000   Data          96  eth.o(.ARM.__AT_0x30000000)
    DMATxDscrTab                             0x30000080   Data          96  eth.o(.ARM.__AT_0x30000080)



==============================================================================

Memory Map of the image

  Image Entry point : 0x08000299

  Load Region LR_IROM1 (Base: 0x08000000, Size: 0x00008d04, Max: 0x00200000, ABSOLUTE)

    Execution Region ER_IROM1 (Exec base: 0x08000000, Load base: 0x08000000, Size: 0x00008c00, Max: 0x00200000, ABSOLUTE)

    Exec Addr    Load Addr    Size         Type   Attr      Idx    E Section Name        Object

    0x08000000   0x08000000   0x00000298   Data   RO            3    RESET               startup_stm32h743xx.o
    0x08000298   0x08000298   0x00000008   Code   RO         7778  * !!!main             c_w.l(__main.o)
    0x080002a0   0x080002a0   0x00000034   Code   RO         8149    !!!scatter          c_w.l(__scatter.o)
    0x080002d4   0x080002d4   0x0000001a   Code   RO         8151    !!handler_copy      c_w.l(__scatter_copy.o)
    0x080002ee   0x080002ee   0x00000002   PAD
    0x080002f0   0x080002f0   0x0000001c   Code   RO         8153    !!handler_zi        c_w.l(__scatter_zi.o)
    0x0800030c   0x0800030c   0x00000000   Code   RO         7759    .ARM.Collect$$_printf_percent$$00000000  c_w.l(_printf_percent.o)
    0x0800030c   0x0800030c   0x00000006   Code   RO         7758    .ARM.Collect$$_printf_percent$$00000009  c_w.l(_printf_d.o)
    0x08000312   0x08000312   0x00000004   Code   RO         7863    .ARM.Collect$$_printf_percent$$00000017  c_w.l(_printf_percent_end.o)
    0x08000316   0x08000316   0x00000002   Code   RO         8017    .ARM.Collect$$libinit$$00000000  c_w.l(libinit.o)
    0x08000318   0x08000318   0x00000004   Code   RO         8031    .ARM.Collect$$libinit$$00000001  c_w.l(libinit2.o)
    0x0800031c   0x0800031c   0x00000000   Code   RO         8034    .ARM.Collect$$libinit$$00000004  c_w.l(libinit2.o)
    0x0800031c   0x0800031c   0x00000000   Code   RO         8037    .ARM.Collect$$libinit$$0000000A  c_w.l(libinit2.o)
    0x0800031c   0x0800031c   0x00000000   Code   RO         8039    .ARM.Collect$$libinit$$0000000C  c_w.l(libinit2.o)
    0x0800031c   0x0800031c   0x00000000   Code   RO         8041    .ARM.Collect$$libinit$$0000000E  c_w.l(libinit2.o)
    0x0800031c   0x0800031c   0x00000000   Code   RO         8044    .ARM.Collect$$libinit$$00000011  c_w.l(libinit2.o)
    0x0800031c   0x0800031c   0x00000000   Code   RO         8046    .ARM.Collect$$libinit$$00000013  c_w.l(libinit2.o)
    0x0800031c   0x0800031c   0x00000000   Code   RO         8048    .ARM.Collect$$libinit$$00000015  c_w.l(libinit2.o)
    0x0800031c   0x0800031c   0x00000000   Code   RO         8050    .ARM.Collect$$libinit$$00000017  c_w.l(libinit2.o)
    0x0800031c   0x0800031c   0x00000000   Code   RO         8052    .ARM.Collect$$libinit$$00000019  c_w.l(libinit2.o)
    0x0800031c   0x0800031c   0x00000000   Code   RO         8054    .ARM.Collect$$libinit$$0000001B  c_w.l(libinit2.o)
    0x0800031c   0x0800031c   0x00000000   Code   RO         8056    .ARM.Collect$$libinit$$0000001D  c_w.l(libinit2.o)
    0x0800031c   0x0800031c   0x00000000   Code   RO         8058    .ARM.Collect$$libinit$$0000001F  c_w.l(libinit2.o)
    0x0800031c   0x0800031c   0x00000000   Code   RO         8060    .ARM.Collect$$libinit$$00000021  c_w.l(libinit2.o)
    0x0800031c   0x0800031c   0x00000000   Code   RO         8062    .ARM.Collect$$libinit$$00000023  c_w.l(libinit2.o)
    0x0800031c   0x0800031c   0x00000000   Code   RO         8064    .ARM.Collect$$libinit$$00000025  c_w.l(libinit2.o)
    0x0800031c   0x0800031c   0x00000000   Code   RO         8068    .ARM.Collect$$libinit$$0000002C  c_w.l(libinit2.o)
    0x0800031c   0x0800031c   0x00000000   Code   RO         8070    .ARM.Collect$$libinit$$0000002E  c_w.l(libinit2.o)
    0x0800031c   0x0800031c   0x00000000   Code   RO         8072    .ARM.Collect$$libinit$$00000030  c_w.l(libinit2.o)
    0x0800031c   0x0800031c   0x00000000   Code   RO         8074    .ARM.Collect$$libinit$$00000032  c_w.l(libinit2.o)
    0x0800031c   0x0800031c   0x00000002   Code   RO         8075    .ARM.Collect$$libinit$$00000033  c_w.l(libinit2.o)
    0x0800031e   0x0800031e   0x00000002   Code   RO         8106    .ARM.Collect$$libshutdown$$00000000  c_w.l(libshutdown.o)
    0x08000320   0x08000320   0x00000000   Code   RO         8132    .ARM.Collect$$libshutdown$$00000002  c_w.l(libshutdown2.o)
    0x08000320   0x08000320   0x00000000   Code   RO         8134    .ARM.Collect$$libshutdown$$00000004  c_w.l(libshutdown2.o)
    0x08000320   0x08000320   0x00000000   Code   RO         8137    .ARM.Collect$$libshutdown$$00000007  c_w.l(libshutdown2.o)
    0x08000320   0x08000320   0x00000000   Code   RO         8140    .ARM.Collect$$libshutdown$$0000000A  c_w.l(libshutdown2.o)
    0x08000320   0x08000320   0x00000000   Code   RO         8142    .ARM.Collect$$libshutdown$$0000000C  c_w.l(libshutdown2.o)
    0x08000320   0x08000320   0x00000000   Code   RO         8145    .ARM.Collect$$libshutdown$$0000000F  c_w.l(libshutdown2.o)
    0x08000320   0x08000320   0x00000002   Code   RO         8146    .ARM.Collect$$libshutdown$$00000010  c_w.l(libshutdown2.o)
    0x08000322   0x08000322   0x00000000   Code   RO         7796    .ARM.Collect$$rtentry$$00000000  c_w.l(__rtentry.o)
    0x08000322   0x08000322   0x00000000   Code   RO         7922    .ARM.Collect$$rtentry$$00000002  c_w.l(__rtentry2.o)
    0x08000322   0x08000322   0x00000006   Code   RO         7934    .ARM.Collect$$rtentry$$00000004  c_w.l(__rtentry4.o)
    0x08000328   0x08000328   0x00000000   Code   RO         7924    .ARM.Collect$$rtentry$$00000009  c_w.l(__rtentry2.o)
    0x08000328   0x08000328   0x00000004   Code   RO         7925    .ARM.Collect$$rtentry$$0000000A  c_w.l(__rtentry2.o)
    0x0800032c   0x0800032c   0x00000000   Code   RO         7927    .ARM.Collect$$rtentry$$0000000C  c_w.l(__rtentry2.o)
    0x0800032c   0x0800032c   0x00000008   Code   RO         7928    .ARM.Collect$$rtentry$$0000000D  c_w.l(__rtentry2.o)
    0x08000334   0x08000334   0x00000002   Code   RO         8020    .ARM.Collect$$rtexit$$00000000  c_w.l(rtexit.o)
    0x08000336   0x08000336   0x00000000   Code   RO         8079    .ARM.Collect$$rtexit$$00000002  c_w.l(rtexit2.o)
    0x08000336   0x08000336   0x00000004   Code   RO         8080    .ARM.Collect$$rtexit$$00000003  c_w.l(rtexit2.o)
    0x0800033a   0x0800033a   0x00000006   Code   RO         8081    .ARM.Collect$$rtexit$$00000004  c_w.l(rtexit2.o)
    0x08000340   0x08000340   0x000000be   Code   RO         6781    .emb_text           port.o
    0x080003fe   0x080003fe   0x00000002   PAD
    0x08000400   0x08000400   0x00000048   Code   RO            4    .text               startup_stm32h743xx.o
    0x08000448   0x08000448   0x000000ee   Code   RO         7724    .text               c_w.l(lludivv7m.o)
    0x08000536   0x08000536   0x00000002   PAD
    0x08000538   0x08000538   0x0000002c   Code   RO         7730    .text               c_w.l(__2sprintf.o)
    0x08000564   0x08000564   0x00000078   Code   RO         7736    .text               c_w.l(_printf_dec.o)
    0x080005dc   0x080005dc   0x00000188   Code   RO         7755    .text               c_w.l(__printf_flags_ss_wp.o)
    0x08000764   0x08000764   0x0000003e   Code   RO         7760    .text               c_w.l(strlen.o)
    0x080007a2   0x080007a2   0x00000096   Code   RO         7762    .text               c_w.l(strncmp.o)
    0x08000838   0x08000838   0x0000008a   Code   RO         7764    .text               c_w.l(rt_memcpy_v6.o)
    0x080008c2   0x080008c2   0x00000010   Code   RO         7768    .text               c_w.l(aeabi_memset.o)
    0x080008d2   0x080008d2   0x00000044   Code   RO         7770    .text               c_w.l(rt_memclr.o)
    0x08000916   0x08000916   0x0000004e   Code   RO         7772    .text               c_w.l(rt_memclr_w.o)
    0x08000964   0x08000964   0x00000068   Code   RO         7774    .text               c_w.l(strcmpv7m_pel.o)
    0x080009cc   0x080009cc   0x00000006   Code   RO         7776    .text               c_w.l(heapauxi.o)
    0x080009d2   0x080009d2   0x000000b2   Code   RO         7809    .text               c_w.l(_printf_intcommon.o)
    0x08000a84   0x08000a84   0x00000030   Code   RO         7813    .text               c_w.l(_printf_char_common.o)
    0x08000ab4   0x08000ab4   0x0000000a   Code   RO         7815    .text               c_w.l(_sputc.o)
    0x08000abe   0x08000abe   0x00000064   Code   RO         7873    .text               c_w.l(rt_memcpy_w.o)
    0x08000b22   0x08000b22   0x00000002   PAD
    0x08000b24   0x08000b24   0x00000008   Code   RO         7964    .text               c_w.l(libspace.o)
    0x08000b2c   0x08000b2c   0x0000004a   Code   RO         7967    .text               c_w.l(sys_stackheap_outer.o)
    0x08000b76   0x08000b76   0x00000012   Code   RO         8006    .text               c_w.l(exit.o)
    0x08000b88   0x08000b88   0x0000000c   Code   RO         8076    .text               c_w.l(sys_exit.o)
    0x08000b94   0x08000b94   0x00000002   Code   RO         8095    .text               c_w.l(use_no_semi.o)
    0x08000b96   0x08000b96   0x00000000   Code   RO         8097    .text               c_w.l(indicate_semi.o)
    0x08000b96   0x08000b96   0x00000002   Code   RO          407    i.BusFault_Handler  stm32h7xx_it.o
    0x08000b98   0x08000b98   0x0000002c   Code   RO         7233    i.Create_DEBUG_Task  debug.o
    0x08000bc4   0x08000bc4   0x0000002c   Code   RO         7186    i.Create_OLED_Task  oled_show.o
    0x08000bf0   0x08000bf0   0x00000018   Code   RO         7234    i.DEBUG_Task        debug.o
    0x08000c08   0x08000c08   0x00000028   Code   RO         6919    i.DWT_Delay_us      delay.o
    0x08000c30   0x08000c30   0x00000024   Code   RO         6920    i.DWT_Init          delay.o
    0x08000c54   0x08000c54   0x00000002   Code   RO          408    i.DebugMon_Handler  stm32h7xx_it.o
    0x08000c56   0x08000c56   0x000000d8   Code   RO         3959    i.ETH_MACDMAConfig  stm32h7xx_hal_eth.o
    0x08000d2e   0x08000d2e   0x00000002   PAD
    0x08000d30   0x08000d30   0x000000b4   Code   RO         3961    i.ETH_SetDMAConfig  stm32h7xx_hal_eth.o
    0x08000de4   0x08000de4   0x000001a8   Code   RO         3962    i.ETH_SetMACConfig  stm32h7xx_hal_eth.o
    0x08000f8c   0x08000f8c   0x00000004   Code   RO           13    i.Error_Handler     main.o
    0x08000f90   0x08000f90   0x0000001c   Code   RO         4981    i.ExitRun0Mode      system_stm32h7xx.o
    0x08000fac   0x08000fac   0x00000360   Code   RO         2347    i.HAL_DMA_Abort     stm32h7xx_hal_dma.o
    0x0800130c   0x0800130c   0x0000021c   Code   RO         2348    i.HAL_DMA_Abort_IT  stm32h7xx_hal_dma.o
    0x08001528   0x08001528   0x000001cc   Code   RO         3980    i.HAL_ETH_Init      stm32h7xx_hal_eth.o
    0x080016f4   0x080016f4   0x000000f8   Code   RO          319    i.HAL_ETH_MspInit   eth.o
    0x080017ec   0x080017ec   0x00000068   Code   RO         3997    i.HAL_ETH_SetMDIOClockRange  stm32h7xx_hal_eth.o
    0x08001854   0x08001854   0x00000234   Code   RO         2195    i.HAL_GPIO_Init     stm32h7xx_hal_gpio.o
    0x08001a88   0x08001a88   0x00000010   Code   RO         2198    i.HAL_GPIO_TogglePin  stm32h7xx_hal_gpio.o
    0x08001a98   0x08001a98   0x0000000a   Code   RO         2199    i.HAL_GPIO_WritePin  stm32h7xx_hal_gpio.o
    0x08001aa2   0x08001aa2   0x00000002   PAD
    0x08001aa4   0x08001aa4   0x0000000c   Code   RO         3067    i.HAL_GetREVID      stm32h7xx_hal.o
    0x08001ab0   0x08001ab0   0x0000000c   Code   RO         3068    i.HAL_GetTick       stm32h7xx_hal.o
    0x08001abc   0x08001abc   0x00000010   Code   RO         3074    i.HAL_IncTick       stm32h7xx_hal.o
    0x08001acc   0x08001acc   0x0000005c   Code   RO         3075    i.HAL_Init          stm32h7xx_hal.o
    0x08001b28   0x08001b28   0x00000084   Code   RO          501    i.HAL_InitTick      stm32h7xx_hal_timebase_tim.o
    0x08001bac   0x08001bac   0x0000005c   Code   RO         1548    i.HAL_MPU_ConfigRegion  stm32h7xx_hal_cortex.o
    0x08001c08   0x08001c08   0x0000001c   Code   RO         1549    i.HAL_MPU_Disable   stm32h7xx_hal_cortex.o
    0x08001c24   0x08001c24   0x00000024   Code   RO         1551    i.HAL_MPU_Enable    stm32h7xx_hal_cortex.o
    0x08001c48   0x08001c48   0x00000024   Code   RO          477    i.HAL_MspInit       stm32h7xx_hal_msp.o
    0x08001c6c   0x08001c6c   0x0000001a   Code   RO         1555    i.HAL_NVIC_EnableIRQ  stm32h7xx_hal_cortex.o
    0x08001c86   0x08001c86   0x00000002   PAD
    0x08001c88   0x08001c88   0x00000040   Code   RO         1561    i.HAL_NVIC_SetPriority  stm32h7xx_hal_cortex.o
    0x08001cc8   0x08001cc8   0x00000024   Code   RO         1562    i.HAL_NVIC_SetPriorityGrouping  stm32h7xx_hal_cortex.o
    0x08001cec   0x08001cec   0x00000054   Code   RO         2796    i.HAL_PWREx_ConfigSupply  stm32h7xx_hal_pwr_ex.o
    0x08001d40   0x08001d40   0x00000024   Code   RO         1816    i.HAL_RCCEx_GetD3PCLK1Freq  stm32h7xx_hal_rcc_ex.o
    0x08001d64   0x08001d64   0x00000144   Code   RO         1818    i.HAL_RCCEx_GetPLL2ClockFreq  stm32h7xx_hal_rcc_ex.o
    0x08001ea8   0x08001ea8   0x00000144   Code   RO         1819    i.HAL_RCCEx_GetPLL3ClockFreq  stm32h7xx_hal_rcc_ex.o
    0x08001fec   0x08001fec   0x000009ac   Code   RO         1825    i.HAL_RCCEx_PeriphCLKConfig  stm32h7xx_hal_rcc_ex.o
    0x08002998   0x08002998   0x0000025c   Code   RO         1701    i.HAL_RCC_ClockConfig  stm32h7xx_hal_rcc.o
    0x08002bf4   0x08002bf4   0x0000005c   Code   RO         1705    i.HAL_RCC_GetClockConfig  stm32h7xx_hal_rcc.o
    0x08002c50   0x08002c50   0x00000044   Code   RO         1706    i.HAL_RCC_GetHCLKFreq  stm32h7xx_hal_rcc.o
    0x08002c94   0x08002c94   0x00000024   Code   RO         1708    i.HAL_RCC_GetPCLK1Freq  stm32h7xx_hal_rcc.o
    0x08002cb8   0x08002cb8   0x00000024   Code   RO         1709    i.HAL_RCC_GetPCLK2Freq  stm32h7xx_hal_rcc.o
    0x08002cdc   0x08002cdc   0x00000138   Code   RO         1710    i.HAL_RCC_GetSysClockFreq  stm32h7xx_hal_rcc.o
    0x08002e14   0x08002e14   0x00000582   Code   RO         1713    i.HAL_RCC_OscConfig  stm32h7xx_hal_rcc.o
    0x08003396   0x08003396   0x00000002   PAD
    0x08003398   0x08003398   0x00000014   Code   RO         3087    i.HAL_SYSCFG_ETHInterfaceSelect  stm32h7xx_hal.o
    0x080033ac   0x080033ac   0x00000002   Code   RO         1256    i.HAL_TIMEx_Break2Callback  stm32h7xx_hal_tim_ex.o
    0x080033ae   0x080033ae   0x00000002   Code   RO         1257    i.HAL_TIMEx_BreakCallback  stm32h7xx_hal_tim_ex.o
    0x080033b0   0x080033b0   0x00000002   Code   RO         1258    i.HAL_TIMEx_CommutCallback  stm32h7xx_hal_tim_ex.o
    0x080033b2   0x080033b2   0x00000062   Code   RO          542    i.HAL_TIM_Base_Init  stm32h7xx_hal_tim.o
    0x08003414   0x08003414   0x00000002   Code   RO          544    i.HAL_TIM_Base_MspInit  stm32h7xx_hal_tim.o
    0x08003416   0x08003416   0x00000002   PAD
    0x08003418   0x08003418   0x0000008c   Code   RO          547    i.HAL_TIM_Base_Start_IT  stm32h7xx_hal_tim.o
    0x080034a4   0x080034a4   0x00000002   Code   RO          576    i.HAL_TIM_IC_CaptureCallback  stm32h7xx_hal_tim.o
    0x080034a6   0x080034a6   0x00000148   Code   RO          590    i.HAL_TIM_IRQHandler  stm32h7xx_hal_tim.o
    0x080035ee   0x080035ee   0x00000002   Code   RO          593    i.HAL_TIM_OC_DelayElapsedCallback  stm32h7xx_hal_tim.o
    0x080035f0   0x080035f0   0x00000002   Code   RO          620    i.HAL_TIM_PWM_PulseFinishedCallback  stm32h7xx_hal_tim.o
    0x080035f2   0x080035f2   0x00000002   PAD
    0x080035f4   0x080035f4   0x00000014   Code   RO           14    i.HAL_TIM_PeriodElapsedCallback  main.o
    0x08003608   0x08003608   0x00000002   Code   RO          633    i.HAL_TIM_TriggerCallback  stm32h7xx_hal_tim.o
    0x0800360a   0x0800360a   0x00000040   Code   RO         4863    i.HAL_UARTEx_DisableFifoMode  stm32h7xx_hal_uart_ex.o
    0x0800364a   0x0800364a   0x00000002   Code   RO         4452    i.HAL_UARTEx_RxEventCallback  stm32h7xx_hal_uart.o
    0x0800364c   0x0800364c   0x00000002   Code   RO         4871    i.HAL_UARTEx_RxFifoFullCallback  stm32h7xx_hal_uart_ex.o
    0x0800364e   0x0800364e   0x0000004c   Code   RO         4872    i.HAL_UARTEx_SetRxFifoThreshold  stm32h7xx_hal_uart_ex.o
    0x0800369a   0x0800369a   0x0000004c   Code   RO         4873    i.HAL_UARTEx_SetTxFifoThreshold  stm32h7xx_hal_uart_ex.o
    0x080036e6   0x080036e6   0x00000002   Code   RO         4875    i.HAL_UARTEx_TxFifoEmptyCallback  stm32h7xx_hal_uart_ex.o
    0x080036e8   0x080036e8   0x00000002   Code   RO         4876    i.HAL_UARTEx_WakeupCallback  stm32h7xx_hal_uart_ex.o
    0x080036ea   0x080036ea   0x00000002   Code   RO         4468    i.HAL_UART_ErrorCallback  stm32h7xx_hal_uart.o
    0x080036ec   0x080036ec   0x0000039c   Code   RO         4471    i.HAL_UART_IRQHandler  stm32h7xx_hal_uart.o
    0x08003a88   0x08003a88   0x0000006a   Code   RO         4472    i.HAL_UART_Init     stm32h7xx_hal_uart.o
    0x08003af2   0x08003af2   0x00000002   PAD
    0x08003af4   0x08003af4   0x00000098   Code   RO          366    i.HAL_UART_MspInit  usart.o
    0x08003b8c   0x08003b8c   0x000000f4   Code   RO         4475    i.HAL_UART_Receive  stm32h7xx_hal_uart.o
    0x08003c80   0x08003c80   0x000000b8   Code   RO         4481    i.HAL_UART_Transmit  stm32h7xx_hal_uart.o
    0x08003d38   0x08003d38   0x00000002   Code   RO         4484    i.HAL_UART_TxCpltCallback  stm32h7xx_hal_uart.o
    0x08003d3a   0x08003d3a   0x00000002   Code   RO          409    i.HardFault_Handler  stm32h7xx_it.o
    0x08003d3c   0x08003d3c   0x00000026   Code   RO         6204    i.IRQ_Context       cmsis_os2.o
    0x08003d62   0x08003d62   0x00000002   PAD
    0x08003d64   0x08003d64   0x00000058   Code   RO          320    i.MX_ETH_Init       eth.o
    0x08003dbc   0x08003dbc   0x00000020   Code   RO          269    i.MX_FREERTOS_Init  freertos.o
    0x08003ddc   0x08003ddc   0x00000100   Code   RO          245    i.MX_GPIO_Init      gpio.o
    0x08003edc   0x08003edc   0x00000068   Code   RO          367    i.MX_USART3_UART_Init  usart.o
    0x08003f44   0x08003f44   0x00000002   Code   RO          410    i.MemManage_Handler  stm32h7xx_it.o
    0x08003f46   0x08003f46   0x00000002   Code   RO          411    i.NMI_Handler       stm32h7xx_it.o
    0x08003f48   0x08003f48   0x00000028   Code   RO         6957    i.OLED_Clear        oled.o
    0x08003f70   0x08003f70   0x0000005c   Code   RO         6958    i.OLED_ClearArea    oled.o
    0x08003fcc   0x08003fcc   0x0000009c   Code   RO         6967    i.OLED_Init         oled.o
    0x08004068   0x08004068   0x00000022   Code   RO         6973    i.OLED_SetCursor    oled.o
    0x0800408a   0x0800408a   0x00000002   PAD
    0x0800408c   0x0800408c   0x0000003c   Code   RO         6975    i.OLED_ShowChar     oled.o
    0x080040c8   0x080040c8   0x000000c0   Code   RO         6978    i.OLED_ShowImage    oled.o
    0x08004188   0x08004188   0x000000e0   Code   RO         6981    i.OLED_ShowString   oled.o
    0x08004268   0x08004268   0x000000c4   Code   RO         7187    i.OLED_Task         oled_show.o
    0x0800432c   0x0800432c   0x00000028   Code   RO         6982    i.OLED_Update       oled.o
    0x08004354   0x08004354   0x00000022   Code   RO         6984    i.OLED_WriteCommand  oled.o
    0x08004376   0x08004376   0x00000030   Code   RO         6985    i.OLED_WriteData    oled.o
    0x080043a6   0x080043a6   0x00000002   PAD
    0x080043a8   0x080043a8   0x00000120   Code   RO         1828    i.RCCEx_PLL2_Config  stm32h7xx_hal_rcc_ex.o
    0x080044c8   0x080044c8   0x00000120   Code   RO         1829    i.RCCEx_PLL3_Config  stm32h7xx_hal_rcc_ex.o
    0x080045e8   0x080045e8   0x0000005c   Code   RO         6861    i.Soft_I2C_Init     soft_iic.o
    0x08004644   0x08004644   0x00000064   Code   RO         6863    i.Soft_I2C_SendByte  soft_iic.o
    0x080046a8   0x080046a8   0x00000058   Code   RO         6864    i.Soft_I2C_Start    soft_iic.o
    0x08004700   0x08004700   0x00000058   Code   RO         6865    i.Soft_I2C_Stop     soft_iic.o
    0x08004758   0x08004758   0x00000008   Code   RO          270    i.StartDefaultTask  freertos.o
    0x08004760   0x08004760   0x0000001a   Code   RO         6206    i.SysTick_Handler   cmsis_os2.o
    0x0800477a   0x0800477a   0x00000002   PAD
    0x0800477c   0x0800477c   0x000000a8   Code   RO           16    i.SystemClock_Config  main.o
    0x08004824   0x08004824   0x000000f8   Code   RO         4983    i.SystemInit        system_stm32h7xx.o
    0x0800491c   0x0800491c   0x0000000c   Code   RO          412    i.TIM1_UP_IRQHandler  stm32h7xx_it.o
    0x08004928   0x08004928   0x000000cc   Code   RO          635    i.TIM_Base_SetConfig  stm32h7xx_hal_tim.o
    0x080049f4   0x080049f4   0x00000044   Code   RO         4877    i.UARTEx_SetNbDataToProcess  stm32h7xx_hal_uart_ex.o
    0x08004a38   0x08004a38   0x000000c8   Code   RO         4486    i.UART_AdvFeatureConfig  stm32h7xx_hal_uart.o
    0x08004b00   0x08004b00   0x000000aa   Code   RO         4487    i.UART_CheckIdleState  stm32h7xx_hal_uart.o
    0x08004baa   0x08004baa   0x0000000a   Code   RO         4488    i.UART_DMAAbortOnError  stm32h7xx_hal_uart.o
    0x08004bb4   0x08004bb4   0x00000054   Code   RO         4498    i.UART_EndRxTransfer  stm32h7xx_hal_uart.o
    0x08004c08   0x08004c08   0x000003ac   Code   RO         4504    i.UART_SetConfig    stm32h7xx_hal_uart.o
    0x08004fb4   0x08004fb4   0x00000094   Code   RO         4511    i.UART_WaitOnFlagUntilTimeout  stm32h7xx_hal_uart.o
    0x08005048   0x08005048   0x0000000c   Code   RO          413    i.USART3_IRQHandler  stm32h7xx_it.o
    0x08005054   0x08005054   0x00000002   Code   RO          414    i.UsageFault_Handler  stm32h7xx_it.o
    0x08005056   0x08005056   0x00000022   Code   RO         1568    i.__NVIC_SetPriority  stm32h7xx_hal_cortex.o
    0x08005078   0x08005078   0x0000000e   Code   RO         7748    i._is_digit         c_w.l(__printf_wp.o)
    0x08005086   0x08005086   0x0000007e   Code   RO           17    i.main              main.o
    0x08005104   0x08005104   0x00000020   Code   RO         6208    i.osDelay           cmsis_os2.o
    0x08005124   0x08005124   0x00000030   Code   RO         6222    i.osKernelInitialize  cmsis_os2.o
    0x08005154   0x08005154   0x00000040   Code   RO         6225    i.osKernelStart     cmsis_os2.o
    0x08005194   0x08005194   0x00000092   Code   RO         6267    i.osThreadNew       cmsis_os2.o
    0x08005226   0x08005226   0x00000002   PAD
    0x08005228   0x08005228   0x00000078   Code   RO         5646    i.prvAddCurrentTaskToDelayedList  tasks.o
    0x080052a0   0x080052a0   0x000000f0   Code   RO         5647    i.prvAddNewTaskToReadyList  tasks.o
    0x08005390   0x08005390   0x00000058   Code   RO         6017    i.prvCheckForValidListAndQueue  timers.o
    0x080053e8   0x080053e8   0x00000026   Code   RO         5219    i.prvCopyDataFromQueue  queue.o
    0x0800540e   0x0800540e   0x0000006c   Code   RO         5220    i.prvCopyDataToQueue  queue.o
    0x0800547a   0x0800547a   0x00000034   Code   RO         5648    i.prvDeleteTCB      tasks.o
    0x080054ae   0x080054ae   0x00000002   PAD
    0x080054b0   0x080054b0   0x00000048   Code   RO         6720    i.prvHeapInit       heap_4.o
    0x080054f8   0x080054f8   0x00000060   Code   RO         5649    i.prvIdleTask       tasks.o
    0x08005558   0x08005558   0x00000016   Code   RO         5221    i.prvInitialiseMutex  queue.o
    0x0800556e   0x0800556e   0x00000002   PAD
    0x08005570   0x08005570   0x00000022   Code   RO         5222    i.prvInitialiseNewQueue  queue.o
    0x08005592   0x08005592   0x000000a6   Code   RO         5650    i.prvInitialiseNewTask  tasks.o
    0x08005638   0x08005638   0x0000004c   Code   RO         6721    i.prvInsertBlockIntoFreeList  heap_4.o
    0x08005684   0x08005684   0x0000003c   Code   RO         6019    i.prvInsertTimerInActiveList  timers.o
    0x080056c0   0x080056c0   0x0000001c   Code   RO         5223    i.prvIsQueueEmpty   queue.o
    0x080056dc   0x080056dc   0x00000040   Code   RO         6020    i.prvProcessExpiredTimer  timers.o
    0x0800571c   0x0800571c   0x000000f0   Code   RO         6021    i.prvProcessReceivedCommands  timers.o
    0x0800580c   0x0800580c   0x0000006c   Code   RO         6022    i.prvProcessTimerOrBlockTask  timers.o
    0x08005878   0x08005878   0x00000028   Code   RO         6023    i.prvReloadTimer    timers.o
    0x080058a0   0x080058a0   0x0000001c   Code   RO         5652    i.prvResetNextTaskUnblockTime  tasks.o
    0x080058bc   0x080058bc   0x00000048   Code   RO         6024    i.prvSampleTimeNow  timers.o
    0x08005904   0x08005904   0x00000028   Code   RO         6782    i.prvTaskExitError  port.o
    0x0800592c   0x0800592c   0x00000024   Code   RO         6025    i.prvTimerTask      timers.o
    0x08005950   0x08005950   0x0000006a   Code   RO         5224    i.prvUnlockQueue    queue.o
    0x080059ba   0x080059ba   0x00000002   PAD
    0x080059bc   0x080059bc   0x000000d0   Code   RO         6723    i.pvPortMalloc      heap_4.o
    0x08005a8c   0x08005a8c   0x00000030   Code   RO         6783    i.pxPortInitialiseStack  port.o
    0x08005abc   0x08005abc   0x00000006   Code   RO         7369    i.shellBackspace    shell.o
    0x08005ac2   0x08005ac2   0x00000030   Code   RO         7370    i.shellCheckPermission  shell.o
    0x08005af2   0x08005af2   0x00000002   PAD
    0x08005af4   0x08005af4   0x0000001c   Code   RO         7371    i.shellClear        shell.o
    0x08005b10   0x08005b10   0x00000030   Code   RO         7372    i.shellClearCommandLine  shell.o
    0x08005b40   0x08005b40   0x00000014   Code   RO         7373    i.shellCmds         shell.o
    0x08005b54   0x08005b54   0x00000008   Code   RO         7374    i.shellDelete       shell.o
    0x08005b5c   0x08005b5c   0x000000da   Code   RO         7375    i.shellDeleteByte   shell.o
    0x08005c36   0x08005c36   0x00000002   PAD
    0x08005c38   0x08005c38   0x0000001c   Code   RO         7376    i.shellDeleteCommandLine  shell.o
    0x08005c54   0x08005c54   0x00000008   Code   RO         7377    i.shellDown         shell.o
    0x08005c5c   0x08005c5c   0x00000014   Code   RO         7378    i.shellEnter        shell.o
    0x08005c70   0x08005c70   0x000000a0   Code   RO         7379    i.shellExec         shell.o
    0x08005d10   0x08005d10   0x00000044   Code   RO         7326    i.shellExtParseChar  shell_ext.o
    0x08005d54   0x08005d54   0x0000010a   Code   RO         7327    i.shellExtParseNumber  shell_ext.o
    0x08005e5e   0x08005e5e   0x000000ba   Code   RO         7328    i.shellExtParsePara  shell_ext.o
    0x08005f18   0x08005f18   0x000000ce   Code   RO         7329    i.shellExtRun       shell_ext.o
    0x08005fe6   0x08005fe6   0x00000004   Code   RO         7380    i.shellGetCommandDesc  shell.o
    0x08005fea   0x08005fea   0x00000002   PAD
    0x08005fec   0x08005fec   0x00000038   Code   RO         7381    i.shellGetCommandName  shell.o
    0x08006024   0x08006024   0x00000028   Code   RO         7382    i.shellGetCurrent   shell.o
    0x0800604c   0x0800604c   0x0000003e   Code   RO         7383    i.shellGetVarValue  shell.o
    0x0800608a   0x0800608a   0x00000002   PAD
    0x0800608c   0x0800608c   0x000000d0   Code   RO         7384    i.shellHandler      shell.o
    0x0800615c   0x0800615c   0x00000028   Code   RO         7385    i.shellHelp         shell.o
    0x08006184   0x08006184   0x000000a0   Code   RO         7386    i.shellHistory      shell.o
    0x08006224   0x08006224   0x00000068   Code   RO         7387    i.shellHistoryAdd   shell.o
    0x0800628c   0x0800628c   0x0000009c   Code   RO         7388    i.shellInit         shell.o
    0x08006328   0x08006328   0x000000ec   Code   RO         7389    i.shellInsertByte   shell.o
    0x08006414   0x08006414   0x00000014   Code   RO         7390    i.shellKeys         shell.o
    0x08006428   0x08006428   0x00000020   Code   RO         7391    i.shellLeft         shell.o
    0x08006448   0x08006448   0x0000004c   Code   RO         7393    i.shellListCommand  shell.o
    0x08006494   0x08006494   0x000000f4   Code   RO         7394    i.shellListItem     shell.o
    0x08006588   0x08006588   0x00000050   Code   RO         7395    i.shellListKey      shell.o
    0x080065d8   0x080065d8   0x00000050   Code   RO         7396    i.shellListUser     shell.o
    0x08006628   0x08006628   0x00000050   Code   RO         7397    i.shellListVar      shell.o
    0x08006678   0x08006678   0x00000010   Code   RO         7398    i.shellNormalInput  shell.o
    0x08006688   0x08006688   0x00000020   Code   RO         7401    i.shellRight        shell.o
    0x080066a8   0x080066a8   0x000000bc   Code   RO         7403    i.shellRunCommand   shell.o
    0x08006764   0x08006764   0x0000006e   Code   RO         7404    i.shellSeekCommand  shell.o
    0x080067d2   0x080067d2   0x00000002   PAD
    0x080067d4   0x080067d4   0x00000060   Code   RO         7405    i.shellSetUser      shell.o
    0x08006834   0x08006834   0x00000058   Code   RO         7406    i.shellSetVar       shell.o
    0x0800688c   0x0800688c   0x00000070   Code   RO         7407    i.shellSetVarValue  shell.o
    0x080068fc   0x080068fc   0x000000b0   Code   RO         7408    i.shellShowVar      shell.o
    0x080069ac   0x080069ac   0x000000f8   Code   RO         7409    i.shellSplit        shell.o
    0x08006aa4   0x08006aa4   0x00000024   Code   RO         7410    i.shellStringCompare  shell.o
    0x08006ac8   0x08006ac8   0x0000001a   Code   RO         7411    i.shellStringCopy   shell.o
    0x08006ae2   0x08006ae2   0x00000002   PAD
    0x08006ae4   0x08006ae4   0x00000100   Code   RO         7412    i.shellTab          shell.o
    0x08006be4   0x08006be4   0x00000020   Code   RO         7413    i.shellTask         shell.o
    0x08006c04   0x08006c04   0x00000050   Code   RO         7414    i.shellToDec        shell.o
    0x08006c54   0x08006c54   0x0000002a   Code   RO         7415    i.shellToHex        shell.o
    0x08006c7e   0x08006c7e   0x00000006   Code   RO         7416    i.shellUp           shell.o
    0x08006c84   0x08006c84   0x00000014   Code   RO         7417    i.shellUsers        shell.o
    0x08006c98   0x08006c98   0x00000014   Code   RO         7418    i.shellVars         shell.o
    0x08006cac   0x08006cac   0x00000058   Code   RO         7419    i.shellWriteCommandHelp  shell.o
    0x08006d04   0x08006d04   0x0000005c   Code   RO         7420    i.shellWritePrompt  shell.o
    0x08006d60   0x08006d60   0x00000080   Code   RO         7421    i.shellWriteReturnValue  shell.o
    0x08006de0   0x08006de0   0x00000024   Code   RO         7422    i.shellWriteString  shell.o
    0x08006e04   0x08006e04   0x00000054   Code   RO         7270    i.userShellInit     shell_port.o
    0x08006e58   0x08006e58   0x00000020   Code   RO         7272    i.userShellRead     shell_port.o
    0x08006e78   0x08006e78   0x0000001c   Code   RO         7274    i.userShellWrite    shell_port.o
    0x08006e94   0x08006e94   0x00000026   Code   RO         5179    i.uxListRemove      list.o
    0x08006eba   0x08006eba   0x00000002   PAD
    0x08006ebc   0x08006ebc   0x00000018   Code   RO         6279    i.vApplicationGetIdleTaskMemory  cmsis_os2.o
    0x08006ed4   0x08006ed4   0x00000018   Code   RO         6280    i.vApplicationGetTimerTaskMemory  cmsis_os2.o
    0x08006eec   0x08006eec   0x00000016   Code   RO         5180    i.vListInitialise   list.o
    0x08006f02   0x08006f02   0x00000006   Code   RO         5181    i.vListInitialiseItem  list.o
    0x08006f08   0x08006f08   0x00000030   Code   RO         5182    i.vListInsert       list.o
    0x08006f38   0x08006f38   0x00000040   Code   RO         6785    i.vPortEnterCritical  port.o
    0x08006f78   0x08006f78   0x00000028   Code   RO         6786    i.vPortExitCritical  port.o
    0x08006fa0   0x08006fa0   0x00000064   Code   RO         6724    i.vPortFree         heap_4.o
    0x08007004   0x08007004   0x00000024   Code   RO         6787    i.vPortSetupTimerInterrupt  port.o
    0x08007028   0x08007028   0x00000050   Code   RO         5232    i.vQueueAddToRegistry  queue.o
    0x08007078   0x08007078   0x00000044   Code   RO         5236    i.vQueueWaitForMessageRestricted  queue.o
    0x080070bc   0x080070bc   0x0000004c   Code   RO         5665    i.vTaskDelay        tasks.o
    0x08007108   0x08007108   0x00000010   Code   RO         5670    i.vTaskInternalSetTimeOutState  tasks.o
    0x08007118   0x08007118   0x0000000c   Code   RO         5671    i.vTaskMissedYield  tasks.o
    0x08007124   0x08007124   0x00000030   Code   RO         5672    i.vTaskPlaceOnEventList  tasks.o
    0x08007154   0x08007154   0x00000050   Code   RO         5673    i.vTaskPlaceOnEventListRestricted  tasks.o
    0x080071a4   0x080071a4   0x00000084   Code   RO         5681    i.vTaskStartScheduler  tasks.o
    0x08007228   0x08007228   0x00000010   Code   RO         5683    i.vTaskSuspendAll   tasks.o
    0x08007238   0x08007238   0x00000064   Code   RO         5684    i.vTaskSwitchContext  tasks.o
    0x0800729c   0x0800729c   0x00000100   Code   RO         6789    i.xPortStartScheduler  port.o
    0x0800739c   0x0800739c   0x0000002c   Code   RO         6790    i.xPortSysTickHandler  port.o
    0x080073c8   0x080073c8   0x00000016   Code   RO         5239    i.xQueueCreateMutex  queue.o
    0x080073de   0x080073de   0x00000054   Code   RO         5241    i.xQueueGenericCreate  queue.o
    0x08007432   0x08007432   0x00000046   Code   RO         5242    i.xQueueGenericCreateStatic  queue.o
    0x08007478   0x08007478   0x000000bc   Code   RO         5244    i.xQueueGenericReset  queue.o
    0x08007534   0x08007534   0x00000160   Code   RO         5245    i.xQueueGenericSend  queue.o
    0x08007694   0x08007694   0x0000013c   Code   RO         5255    i.xQueueReceive     queue.o
    0x080077d0   0x080077d0   0x00000074   Code   RO         5686    i.xTaskCheckForTimeOut  tasks.o
    0x08007844   0x08007844   0x00000060   Code   RO         5687    i.xTaskCreate       tasks.o
    0x080078a4   0x080078a4   0x00000072   Code   RO         5688    i.xTaskCreateStatic  tasks.o
    0x08007916   0x08007916   0x00000002   PAD
    0x08007918   0x08007918   0x0000001c   Code   RO         5695    i.xTaskGetSchedulerState  tasks.o
    0x08007934   0x08007934   0x0000000c   Code   RO         5697    i.xTaskGetTickCount  tasks.o
    0x08007940   0x08007940   0x00000130   Code   RO         5699    i.xTaskIncrementTick  tasks.o
    0x08007a70   0x08007a70   0x000000a8   Code   RO         5700    i.xTaskPriorityDisinherit  tasks.o
    0x08007b18   0x08007b18   0x000000dc   Code   RO         5702    i.xTaskRemoveFromEventList  tasks.o
    0x08007bf4   0x08007bf4   0x00000140   Code   RO         5703    i.xTaskResumeAll    tasks.o
    0x08007d34   0x08007d34   0x00000060   Code   RO         6034    i.xTimerCreateTimerTask  timers.o
    0x08007d94   0x08007d94   0x0000000a   Code   RO         8091    x$fpl$fpinit        fz_wv.l(fpinit.o)
    0x08007d9e   0x08007d9e   0x00000002   PAD
    0x08007da0   0x08007da0   0x00000024   Data   RO          271    .constdata          freertos.o
    0x08007dc4   0x08007dc4   0x00000018   Data   RO         4512    .constdata          stm32h7xx_hal_uart.o
    0x08007ddc   0x08007ddc   0x00000010   Data   RO         4878    .constdata          stm32h7xx_hal_uart_ex.o
    0x08007dec   0x08007dec   0x00000010   Data   RO         4984    .constdata          system_stm32h7xx.o
    0x08007dfc   0x08007dfc   0x000005f0   Data   RO         7168    .constdata          oled_data.o
    0x080083ec   0x080083ec   0x0000023a   Data   RO         7169    .constdata          oled_data.o
    0x08008626   0x08008626   0x000000f5   Data   RO         7170    .constdata          oled_data.o
    0x0800871b   0x0800871b   0x00000008   Data   RO         7424    .constdata          shell.o
    0x08008723   0x08008723   0x00000001   Data   RO         7425    .constdata          shell.o
    0x08008724   0x08008724   0x0000000d   Data   RO         7426    .constdata          shell.o
    0x08008731   0x08008731   0x00000007   Data   RO         7427    .constdata          shell.o
    0x08008738   0x08008738   0x00000008   Data   RO         7428    .constdata          shell.o
    0x08008740   0x08008740   0x00000003   Data   RO         7429    .constdata          shell.o
    0x08008743   0x08008743   0x00000005   Data   RO         7430    .constdata          shell.o
    0x08008748   0x08008748   0x00000006   Data   RO         7431    .constdata          shell.o
    0x0800874e   0x0800874e   0x00000005   Data   RO         7432    .constdata          shell.o
    0x08008753   0x08008753   0x00000004   Data   RO         7433    .constdata          shell.o
    0x08008757   0x08008757   0x0000000a   Data   RO         7434    .constdata          shell.o
    0x08008761   0x08008761   0x0000000a   Data   RO         7435    .constdata          shell.o
    0x0800876b   0x0800876b   0x00000007   Data   RO         7436    .constdata          shell.o
    0x08008772   0x08008772   0x00000006   Data   RO         7437    .constdata          shell.o
    0x08008778   0x08008778   0x00000006   Data   RO         7438    .constdata          shell.o
    0x0800877e   0x0800877e   0x00000005   Data   RO         7439    .constdata          shell.o
    0x08008783   0x08008783   0x0000001e   Data   RO         7440    .constdata          shell.o
    0x080087a1   0x080087a1   0x00000006   Data   RO         7441    .constdata          shell.o
    0x080087a7   0x080087a7   0x0000000e   Data   RO         7442    .constdata          shell.o
    0x080087b5   0x080087b5   0x00000005   Data   RO         7443    .constdata          shell.o
    0x080087ba   0x080087ba   0x0000000d   Data   RO         7444    .constdata          shell.o
    0x080087c7   0x080087c7   0x00000005   Data   RO         7445    .constdata          shell.o
    0x080087cc   0x080087cc   0x0000000d   Data   RO         7446    .constdata          shell.o
    0x080087d9   0x080087d9   0x00000005   Data   RO         7447    .constdata          shell.o
    0x080087de   0x080087de   0x0000000d   Data   RO         7448    .constdata          shell.o
    0x080087eb   0x080087eb   0x00000006   Data   RO         7449    .constdata          shell.o
    0x080087f1   0x080087f1   0x0000000e   Data   RO         7450    .constdata          shell.o
    0x080087ff   0x080087ff   0x00000011   Data   RO         7756    .constdata          c_w.l(__printf_flags_ss_wp.o)
    0x08008810   0x08008810   0x0000000c   Data   RO          272    .conststring        freertos.o
    0x0800881c   0x0800881c   0x000002a1   Data   RO         7451    .conststring        shell.o
    0x08008abd   0x08008abd   0x00000003   PAD
    0x08008ac0   0x08008ac0   0x00000020   Data   RO         8147    Region$$Table       anon$$obj.o
    0x08008ae0   0x08008ae0   0x00000120   Data   RO         7453    shellCommand        shell.o


    Execution Region RW_IRAM1 (Exec base: 0x20000000, Load base: 0x08008c00, Size: 0x00000000, Max: 0x00020000, ABSOLUTE)

    **** No section assigned to this execution region ****


    Execution Region RW_IRAM2 (Exec base: 0x24000000, Load base: 0x08008c00, Size: 0x00005858, Max: 0x00080000, ABSOLUTE)

    Exec Addr    Load Addr    Size         Type   Attr      Idx    E Section Name        Object

    0x24000000   0x08008c00   0x00000004   Data   RW          273    .data               freertos.o
    0x24000004   0x08008c04   0x00000006   Data   RW          326    .data               eth.o
    0x2400000a   0x08008c0a   0x00000002   PAD
    0x2400000c   0x08008c0c   0x0000000c   Data   RW         3097    .data               stm32h7xx_hal.o
    0x24000018   0x08008c18   0x00000008   Data   RW         4985    .data               system_stm32h7xx.o
    0x24000020   0x08008c20   0x00000040   Data   RW         5706    .data               tasks.o
    0x24000060   0x08008c60   0x00000014   Data   RW         6045    .data               timers.o
    0x24000074   0x08008c74   0x00000004   Data   RW         6282    .data               cmsis_os2.o
    0x24000078   0x08008c78   0x0000001c   Data   RW         6730    .data               heap_4.o
    0x24000094   0x08008c94   0x0000000c   Data   RW         6791    .data               port.o
    0x240000a0   0x08008ca0   0x00000004   Data   RW         7188    .data               oled_show.o
    0x240000a4   0x08008ca4   0x00000004   Data   RW         7235    .data               debug.o
    0x240000a8   0x08008ca8   0x00000004   Data   RW         7276    .data               shell_port.o
    0x240000ac   0x08008cac   0x00000058   Data   RW         7452    .data               shell.o
    0x24000104        -       0x000000b0   Zero   RW          325    .bss                eth.o
    0x240001b4        -       0x00000094   Zero   RW          368    .bss                usart.o
    0x24000248        -       0x0000004c   Zero   RW          504    .bss                stm32h7xx_hal_timebase_tim.o
    0x24000294        -       0x00000040   Zero   RW         5259    .bss                queue.o
    0x240002d4        -       0x000004c4   Zero   RW         5705    .bss                tasks.o
    0x24000798        -       0x00000118   Zero   RW         6044    .bss                timers.o
    0x240008b0        -       0x000006b8   Zero   RW         6281    .bss                cmsis_os2.o
    0x24000f68        -       0x00003c00   Zero   RW         6729    .bss                heap_4.o
    0x24004b68        -       0x00000400   Zero   RW         6987    .bss                oled.o
    0x24004f68        -       0x0000026c   Zero   RW         7275    .bss                shell_port.o
    0x240051d4        -       0x0000001d   Zero   RW         7423    .bss                shell.o
    0x240051f1   0x08008d04   0x00000003   PAD
    0x240051f4        -       0x00000060   Zero   RW         7965    .bss                c_w.l(libspace.o)
    0x24005254   0x08008d04   0x00000004   PAD
    0x24005258        -       0x00000200   Zero   RW            2    HEAP                startup_stm32h743xx.o
    0x24005458        -       0x00000400   Zero   RW            1    STACK               startup_stm32h743xx.o



  Load Region LR$$.ARM.__AT_0x30000000 (Base: 0x30000000, Size: 0x00000000, Max: 0x00000060, ABSOLUTE)

    Execution Region ER$$.ARM.__AT_0x30000000 (Exec base: 0x30000000, Load base: 0x30000000, Size: 0x00000060, Max: 0x00000060, ABSOLUTE, UNINIT)

    Exec Addr    Load Addr    Size         Type   Attr      Idx    E Section Name        Object

    0x30000000        -       0x00000060   Zero   RW          321    .ARM.__AT_0x30000000  eth.o



  Load Region LR$$.ARM.__AT_0x30000080 (Base: 0x30000080, Size: 0x00000000, Max: 0x00000060, ABSOLUTE)

    Execution Region ER$$.ARM.__AT_0x30000080 (Exec base: 0x30000080, Load base: 0x30000080, Size: 0x00000060, Max: 0x00000060, ABSOLUTE, UNINIT)

    Exec Addr    Load Addr    Size         Type   Attr      Idx    E Section Name        Object

    0x30000080        -       0x00000060   Zero   RW          322    .ARM.__AT_0x30000080  eth.o


==============================================================================

Image component sizes


      Code (inc. data)   RO Data    RW Data    ZI Data      Debug   Object Name

       402         24          0          4       1720      71767   cmsis_os2.o
        68         26          0          4          0       1312   debug.o
        76         24          0          0          0       1518   delay.o
       336         44          0          6        368       2403   eth.o
         0          0          0          0          0      24416   event_groups.o
        40         14         48          4          0      11841   freertos.o
       256         18          0          0          0       1275   gpio.o
       456         22          0         28      15360       5899   heap_4.o
       114          0          0          0          0       3337   list.o
       318         14          0          0          0    1328928   main.o
         0          0          0          0          0       2684   mpu_wrappers_v2.o
       920         38          0          0       1024       8798   oled.o
         0          0       2335          0          0       1310   oled_data.o
       240         92          0          4          0       1525   oled_show.o
       718         74          0         12          0      11448   port.o
      1516         24          0          0         64      19943   queue.o
      4198        230       1189         88         29      43791   shell.o
       726          8          0          0          0       6686   shell_ext.o
       144         40          0          4        620       3265   shell_port.o
       368         42          0          0          0       3397   soft_iic.o
        72         30        664          0       1536        888   startup_stm32h743xx.o
       152         38          0         12          0      23089   stm32h7xx_hal.o
       316         28          0          0          0      40564   stm32h7xx_hal_cortex.o
      1404         70          0          0          0       4011   stm32h7xx_hal_dma.o
      1384         62          0          0          0       6555   stm32h7xx_hal_eth.o
       590         50          0          0          0       3145   stm32h7xx_hal_gpio.o
        36          4          0          0          0       1034   stm32h7xx_hal_msp.o
        84          6          0          0          0        829   stm32h7xx_hal_pwr_ex.o
      2558        110          0          0          0       8237   stm32h7xx_hal_rcc.o
      3736        118          0          0          0       8189   stm32h7xx_hal_rcc_ex.o
       780         68          0          0          0       7744   stm32h7xx_hal_tim.o
         6          0          0          0          0       2488   stm32h7xx_hal_tim_ex.o
       132         22          0          0         76       1707   stm32h7xx_hal_timebase_tim.o
      3016        138         24          0          0      33063   stm32h7xx_hal_uart.o
       290          6         16          0          0       5850   stm32h7xx_hal_uart_ex.o
        36         12          0          0          0       4050   stm32h7xx_it.o
         0          0          0          0          0        392   stream_buffer.o
       276         48         16          8          0       2177   system_stm32h7xx.o
      2560        172          0         64       1220      31926   tasks.o
       804         82          0         20        280      34254   timers.o
       256         24          0          0        148       2110   usart.o

    ----------------------------------------------------------------------
     29432       1822       4327        260      22448    1777845   Object Totals
         0          0         32          0          0          0   (incl. Generated)
        48          0          3          2          3          0   (incl. Padding)

    ----------------------------------------------------------------------

      Code (inc. data)   RO Data    RW Data    ZI Data      Debug   Library Member Name

        44          6          0          0          0         84   __2sprintf.o
         8          0          0          0          0         68   __main.o
       392          4         17          0          0         92   __printf_flags_ss_wp.o
        14          0          0          0          0         68   __printf_wp.o
         0          0          0          0          0          0   __rtentry.o
        12          0          0          0          0          0   __rtentry2.o
         6          0          0          0          0          0   __rtentry4.o
        52          8          0          0          0          0   __scatter.o
        26          0          0          0          0          0   __scatter_copy.o
        28          0          0          0          0          0   __scatter_zi.o
        48          6          0          0          0         96   _printf_char_common.o
         6          0          0          0          0          0   _printf_d.o
       120         16          0          0          0         92   _printf_dec.o
       178          0          0          0          0         88   _printf_intcommon.o
         0          0          0          0          0          0   _printf_percent.o
         4          0          0          0          0          0   _printf_percent_end.o
        10          0          0          0          0         68   _sputc.o
        16          0          0          0          0         68   aeabi_memset.o
        18          0          0          0          0         80   exit.o
         6          0          0          0          0        152   heapauxi.o
         0          0          0          0          0          0   indicate_semi.o
         2          0          0          0          0          0   libinit.o
         6          0          0          0          0          0   libinit2.o
         2          0          0          0          0          0   libshutdown.o
         2          0          0          0          0          0   libshutdown2.o
         8          4          0          0         96         68   libspace.o
       238          0          0          0          0        100   lludivv7m.o
        68          0          0          0          0         68   rt_memclr.o
        78          0          0          0          0         80   rt_memclr_w.o
       138          0          0          0          0         68   rt_memcpy_v6.o
       100          0          0          0          0         80   rt_memcpy_w.o
         2          0          0          0          0          0   rtexit.o
        10          0          0          0          0          0   rtexit2.o
       104          0          0          0          0         68   strcmpv7m_pel.o
        62          0          0          0          0         76   strlen.o
       150          0          0          0          0         80   strncmp.o
        12          4          0          0          0         68   sys_exit.o
        74          0          0          0          0         80   sys_stackheap_outer.o
         2          0          0          0          0         68   use_no_semi.o
        10          0          0          0          0        116   fpinit.o

    ----------------------------------------------------------------------
      2064         48         17          0        100       1976   Library Totals
         8          0          0          0          4          0   (incl. Padding)

    ----------------------------------------------------------------------

      Code (inc. data)   RO Data    RW Data    ZI Data      Debug   Library Name

      2046         48         17          0         96       1860   c_w.l
        10          0          0          0          0        116   fz_wv.l

    ----------------------------------------------------------------------
      2064         48         17          0        100       1976   Library Totals

    ----------------------------------------------------------------------

==============================================================================


      Code (inc. data)   RO Data    RW Data    ZI Data      Debug   

     31496       1870       4344        260      22548    1755933   Grand Totals
     31496       1870       4344        260      22548    1755933   ELF Image Totals
     31496       1870       4344        260          0          0   ROM Totals

==============================================================================

    Total RO  Size (Code + RO Data)                35840 (  35.00kB)
    Total RW  Size (RW Data + ZI Data)             22808 (  22.27kB)
    Total ROM Size (Code + RO Data + RW Data)      36100 (  35.25kB)

==============================================================================

