Component: ARM Compiler 5.06 update 5 (build 528) Tool: armlink [4d35e2]

==============================================================================

Section Cross References

    startup_stm32h743xx.o(STACK) refers (Special) to heapauxi.o(.text) for __use_two_region_memory
    startup_stm32h743xx.o(HEAP) refers (Special) to heapauxi.o(.text) for __use_two_region_memory
    startup_stm32h743xx.o(RESET) refers (Special) to heapauxi.o(.text) for __use_two_region_memory
    startup_stm32h743xx.o(RESET) refers to startup_stm32h743xx.o(STACK) for __initial_sp
    startup_stm32h743xx.o(RESET) refers to startup_stm32h743xx.o(.text) for Reset_Handler
    startup_stm32h743xx.o(RESET) refers to stm32h7xx_it.o(i.NMI_Handler) for NMI_Handler
    startup_stm32h743xx.o(RESET) refers to stm32h7xx_it.o(i.HardFault_Handler) for HardFault_Handler
    startup_stm32h743xx.o(RESET) refers to stm32h7xx_it.o(i.MemManage_Handler) for MemManage_Handler
    startup_stm32h743xx.o(RESET) refers to stm32h7xx_it.o(i.BusFault_Handler) for BusFault_Handler
    startup_stm32h743xx.o(RESET) refers to stm32h7xx_it.o(i.UsageFault_Handler) for UsageFault_Handler
    startup_stm32h743xx.o(RESET) refers to port.o(.emb_text) for SVC_Handler
    startup_stm32h743xx.o(RESET) refers to stm32h7xx_it.o(i.DebugMon_Handler) for DebugMon_Handler
    startup_stm32h743xx.o(RESET) refers to cmsis_os2.o(i.SysTick_Handler) for SysTick_Handler
    startup_stm32h743xx.o(RESET) refers to stm32h7xx_it.o(i.TIM1_UP_IRQHandler) for TIM1_UP_IRQHandler
    startup_stm32h743xx.o(RESET) refers to stm32h7xx_it.o(i.USART3_IRQHandler) for USART3_IRQHandler
    startup_stm32h743xx.o(.text) refers (Special) to heapauxi.o(.text) for __use_two_region_memory
    startup_stm32h743xx.o(.text) refers to system_stm32h7xx.o(i.ExitRun0Mode) for ExitRun0Mode
    startup_stm32h743xx.o(.text) refers to system_stm32h7xx.o(i.SystemInit) for SystemInit
    startup_stm32h743xx.o(.text) refers to __main.o(!!!main) for __main
    startup_stm32h743xx.o(.text) refers to startup_stm32h743xx.o(HEAP) for Heap_Mem
    startup_stm32h743xx.o(.text) refers to startup_stm32h743xx.o(STACK) for Stack_Mem
    main.o(i.HAL_TIM_PeriodElapsedCallback) refers to stm32h7xx_hal.o(i.HAL_IncTick) for HAL_IncTick
    main.o(i.SystemClock_Config) refers to rt_memclr_w.o(.text) for __aeabi_memclr4
    main.o(i.SystemClock_Config) refers to stm32h7xx_hal_pwr_ex.o(i.HAL_PWREx_ConfigSupply) for HAL_PWREx_ConfigSupply
    main.o(i.SystemClock_Config) refers to stm32h7xx_hal_rcc.o(i.HAL_RCC_OscConfig) for HAL_RCC_OscConfig
    main.o(i.SystemClock_Config) refers to stm32h7xx_hal_rcc.o(i.HAL_RCC_ClockConfig) for HAL_RCC_ClockConfig
    main.o(i.main) refers to stm32h7xx_hal_cortex.o(i.HAL_MPU_Disable) for HAL_MPU_Disable
    main.o(i.main) refers to stm32h7xx_hal_cortex.o(i.HAL_MPU_ConfigRegion) for HAL_MPU_ConfigRegion
    main.o(i.main) refers to stm32h7xx_hal_cortex.o(i.HAL_MPU_Enable) for HAL_MPU_Enable
    main.o(i.main) refers to stm32h7xx_hal.o(i.HAL_Init) for HAL_Init
    main.o(i.main) refers to main.o(i.SystemClock_Config) for SystemClock_Config
    main.o(i.main) refers to gpio.o(i.MX_GPIO_Init) for MX_GPIO_Init
    main.o(i.main) refers to usart.o(i.MX_USART3_UART_Init) for MX_USART3_UART_Init
    main.o(i.main) refers to eth.o(i.MX_ETH_Init) for MX_ETH_Init
    main.o(i.main) refers to cmsis_os2.o(i.osKernelInitialize) for osKernelInitialize
    main.o(i.main) refers to freertos.o(i.MX_FREERTOS_Init) for MX_FREERTOS_Init
    main.o(i.main) refers to cmsis_os2.o(i.osKernelStart) for osKernelStart
    gpio.o(i.MX_GPIO_Init) refers to rt_memclr_w.o(.text) for __aeabi_memclr4
    gpio.o(i.MX_GPIO_Init) refers to stm32h7xx_hal_gpio.o(i.HAL_GPIO_WritePin) for HAL_GPIO_WritePin
    gpio.o(i.MX_GPIO_Init) refers to stm32h7xx_hal_gpio.o(i.HAL_GPIO_Init) for HAL_GPIO_Init
    freertos.o(i.MX_FREERTOS_Init) refers to cmsis_os2.o(i.osThreadNew) for osThreadNew
    freertos.o(i.MX_FREERTOS_Init) refers to freertos.o(.constdata) for .constdata
    freertos.o(i.MX_FREERTOS_Init) refers to freertos.o(i.StartDefaultTask) for StartDefaultTask
    freertos.o(i.MX_FREERTOS_Init) refers to freertos.o(.data) for .data
    freertos.o(i.StartDefaultTask) refers to cmsis_os2.o(i.osDelay) for osDelay
    freertos.o(.constdata) refers to freertos.o(.conststring) for .conststring
    eth.o(i.HAL_ETH_MspDeInit) refers to stm32h7xx_hal_gpio.o(i.HAL_GPIO_DeInit) for HAL_GPIO_DeInit
    eth.o(i.HAL_ETH_MspInit) refers to rt_memclr_w.o(.text) for __aeabi_memclr4
    eth.o(i.HAL_ETH_MspInit) refers to stm32h7xx_hal_gpio.o(i.HAL_GPIO_Init) for HAL_GPIO_Init
    eth.o(i.MX_ETH_Init) refers to stm32h7xx_hal_eth.o(i.HAL_ETH_Init) for HAL_ETH_Init
    eth.o(i.MX_ETH_Init) refers to main.o(i.Error_Handler) for Error_Handler
    eth.o(i.MX_ETH_Init) refers to eth.o(.bss) for .bss
    eth.o(i.MX_ETH_Init) refers to eth.o(.data) for .data
    eth.o(i.MX_ETH_Init) refers to eth.o(.ARM.__AT_0x30000080) for .ARM.__AT_0x30000080
[...]
    .conststring                             0x08006660   Section       12  freertos.o(.conststring)
    .conststring                             0x0800666c   Section       80  segger_sysview_freertos.o(.conststring)
    .data                                    0x24000000   Section        4  freertos.o(.data)
    .data                                    0x24000004   Section        6  eth.o(.data)
    MACAddr                                  0x24000004   Data           6  eth.o(.data)
    .data                                    0x2400000c   Section       12  stm32h7xx_hal.o(.data)
    .data                                    0x24000018   Section        8  system_stm32h7xx.o(.data)
    .data                                    0x24000020   Section       64  tasks.o(.data)
    uxDeletedTasksWaitingCleanUp             0x24000024   Data           4  tasks.o(.data)
    uxCurrentNumberOfTasks                   0x24000028   Data           4  tasks.o(.data)
    xTickCount                               0x2400002c   Data           4  tasks.o(.data)
    uxTopReadyPriority                       0x24000030   Data           4  tasks.o(.data)
    xSchedulerRunning                        0x24000034   Data           4  tasks.o(.data)
    xPendedTicks                             0x24000038   Data           4  tasks.o(.data)
    xYieldPending                            0x2400003c   Data           4  tasks.o(.data)
    xNumOfOverflows                          0x24000040   Data           4  tasks.o(.data)
    uxTaskNumber                             0x24000044   Data           4  tasks.o(.data)
    xNextTaskUnblockTime                     0x24000048   Data           4  tasks.o(.data)
    xIdleTaskHandle                          0x2400004c   Data           4  tasks.o(.data)
    uxSchedulerSuspended                     0x24000054   Data           4  tasks.o(.data)
    pxDelayedTaskList                        0x24000058   Data           4  tasks.o(.data)
    pxOverflowDelayedTaskList                0x2400005c   Data           4  tasks.o(.data)
    .data                                    0x24000060   Section       20  timers.o(.data)
    xTimerQueue                              0x24000060   Data           4  timers.o(.data)
    xTimerTaskHandle                         0x24000064   Data           4  timers.o(.data)
    xLastTime                                0x24000068   Data           4  timers.o(.data)
    pxCurrentTimerList                       0x2400006c   Data           4  timers.o(.data)
    pxOverflowTimerList                      0x24000070   Data           4  timers.o(.data)
    .data                                    0x24000074   Section        4  cmsis_os2.o(.data)
    KernelState                              0x24000074   Data           4  cmsis_os2.o(.data)
    .data                                    0x24000078   Section       28  heap_4.o(.data)
    pxEnd                                    0x24000078   Data           4  heap_4.o(.data)
    xFreeBytesRemaining                      0x2400007c   Data           4  heap_4.o(.data)
    xMinimumEverFreeBytesRemaining           0x24000080   Data           4  heap_4.o(.data)
    xNumberOfSuccessfulAllocations           0x24000084   Data           4  heap_4.o(.data)
    xNumberOfSuccessfulFrees                 0x24000088   Data           4  heap_4.o(.data)
    xStart                                   0x2400008c   Data           8  heap_4.o(.data)
    .data                                    0x24000094   Section       12  port.o(.data)
    ucMaxSysCallPriority                     0x24000094   Data           1  port.o(.data)
    uxCriticalNesting                        0x24000098   Data           4  port.o(.data)
    ulMaxPRIGROUPValue                       0x2400009c   Data           4  port.o(.data)
    .data                                    0x240000a0   Section       16  segger_sysview.o(.data)
    _NumModules                              0x240000a0   Data           1  segger_sysview.o(.data)
    _pFirstModule                            0x240000a4   Data           4  segger_sysview.o(.data)
    _DownBuffer                              0x240000a8   Data           8  segger_sysview.o(.data)
    .data                                    0x240000b0   Section        4  segger_sysview_freertos.o(.data)
    _NumTasks                                0x240000b0   Data           4  segger_sysview_freertos.o(.data)
    .bss                                     0x240000b4   Section      176  eth.o(.bss)
    .bss                                     0x24000164   Section      148  usart.o(.bss)
    .bss                                     0x240001f8   Section       76  stm32h7xx_hal_timebase_tim.o(.bss)
    .bss                                     0x24000244   Section       64  queue.o(.bss)
    .bss                                     0x24000284   Section     1220  tasks.o(.bss)
    pxReadyTasksLists                        0x24000284   Data        1120  tasks.o(.bss)
    xDelayedTaskList1                        0x240006e4   Data          20  tasks.o(.bss)
    xDelayedTaskList2                        0x240006f8   Data          20  tasks.o(.bss)
    xPendingReadyList                        0x2400070c   Data          20  tasks.o(.bss)
    xTasksWaitingTermination                 0x24000720   Data          20  tasks.o(.bss)
    xSuspendedTaskList                       0x24000734   Data          20  tasks.o(.bss)
    .bss                                     0x24000748   Section      280  timers.o(.bss)
    xStaticTimerQueue                        0x24000748   Data          80  timers.o(.bss)
    ucStaticTimerQueueStorage                0x24000798   Data         160  timers.o(.bss)
    xActiveTimerList1                        0x24000838   Data          20  timers.o(.bss)
    xActiveTimerList2                        0x2400084c   Data          20  timers.o(.bss)
    .bss                                     0x24000860   Section     1720  cmsis_os2.o(.bss)
    Idle_TCB                                 0x24000860   Data          92  cmsis_os2.o(.bss)
    Idle_Stack                               0x240008bc   Data         512  cmsis_os2.o(.bss)
    Timer_TCB                                0x24000abc   Data          92  cmsis_os2.o(.bss)
    Timer_Stack                              0x24000b18   Data        1024  cmsis_os2.o(.bss)
    .bss                                     0x24000f18   Section    15360  heap_4.o(.bss)
    ucHeap                                   0x24000f18   Data       15360  heap_4.o(.bss)
    .bss                                     0x24004b18   Section     1291  segger_sysview.o(.bss)
    _UpBuffer                                0x24004b18   Data        1024  segger_sysview.o(.bss)
    _SYSVIEW_Globals                         0x24004f18   Data          40  segger_sysview.o(.bss)
    _aPacket                                 0x24004f40   Data         227  segger_sysview.o(.bss)
    .bss                                     0x24005024   Section     1208  segger_rtt.o(.bss)
    _acUpBuffer                              0x240050cc   Data        1024  segger_rtt.o(.bss)
    _acDownBuffer                            0x240054cc   Data          16  segger_rtt.o(.bss)
    .bss                                     0x240054dc   Section      160  segger_sysview_freertos.o(.bss)
    _aTasks                                  0x240054dc   Data         160  segger_sysview_freertos.o(.bss)
    .bss                                     0x2400557c   Section       96  libspace.o(.bss)
    HEAP                                     0x240055e0   Section      512  startup_stm32h743xx.o(HEAP)
    Heap_Mem                                 0x240055e0   Data         512  startup_stm32h743xx.o(HEAP)
    STACK                                    0x240057e0   Section     1024  startup_stm32h743xx.o(STACK)
    Stack_Mem                                0x240057e0   Data        1024  startup_stm32h743xx.o(STACK)
    __initial_sp                             0x24005be0   Data           0  startup_stm32h743xx.o(STACK)
    .ARM.__AT_0x30000000                     0x30000000   Section       96  eth.o(.ARM.__AT_0x30000000)
    .ARM.__AT_0x30000080                     0x30000080   Section       96  eth.o(.ARM.__AT_0x30000080)

    Global Symbols

    Symbol Name                              Value     Ov Type        Size  Object(Section)

    BuildAttributes$$THM_ISAv4$E$P$D$K$B$S$7EM$VFPv5_D16$PE$PLD8$A:L22UL41UL21$X:L11$S22US41US21$IEEE1$IW$USESV6$~STKCKD$USESV7$~SHL$OTIME$ROPI$IEEEJ$EBA8$UX$STANDARDLIB$REQ8$PRES8$EABIv2 0x00000000   Number         0  anon$$obj.o ABSOLUTE
    __ARM_use_no_argv                        0x00000000   Number         0  main.o ABSOLUTE
    _printf_flags                            0x00000000   Number         0  printf_stubs.o ABSOLUTE
    _printf_return_value                     0x00000000   Number         0  printf_stubs.o ABSOLUTE
    _printf_sizespec                         0x00000000   Number         0  printf_stubs.o ABSOLUTE
    _printf_widthprec                        0x00000000   Number         0  printf_stubs.o ABSOLUTE
    __ARM_exceptions_init                     - Undefined Weak Reference
    __alloca_initialize                       - Undefined Weak Reference
    __arm_preinit_                            - Undefined Weak Reference
    __cpp_initialize__aeabi_                  - Undefined Weak Reference
    __cxa_finalize                            - Undefined Weak Reference
    __sigvec_lookup                           - Undefined Weak Reference
    _atexit_init                              - Undefined Weak Reference
    _call_atexit_fns                          - Undefined Weak Reference
    _clock_init                               - Undefined Weak Reference
    _fp_trap_init                             - Undefined Weak Reference
    _fp_trap_shutdown                         - Undefined Weak Reference
    _get_lc_collate                           - Undefined Weak Reference
    _get_lc_monetary                          - Undefined Weak Reference
    _get_lc_time                              - Undefined Weak Reference
    _getenv_init                              - Undefined Weak Reference
    _handle_redirection                       - Undefined Weak Reference
    _init_alloc                               - Undefined Weak Reference
    _init_user_alloc                          - Undefined Weak Reference
    _initio                                   - Undefined Weak Reference
    _printf_mbtowc                            - Undefined Weak Reference
    _printf_wc                                - Undefined Weak Reference
    _rand_init                                - Undefined Weak Reference
    _signal_finish                            - Undefined Weak Reference
    _signal_init                              - Undefined Weak Reference
    _terminate_alloc                          - Undefined Weak Reference
    _terminate_user_alloc                     - Undefined Weak Reference
    _terminateio                              - Undefined Weak Reference
    __Vectors_Size                           0x00000298   Number         0  startup_stm32h743xx.o ABSOLUTE
    __Vectors                                0x08000000   Data           4  startup_stm32h743xx.o(RESET)
    __Vectors_End                            0x08000298   Data           0  startup_stm32h743xx.o(RESET)
    __main                                   0x08000299   Thumb Code     8  __main.o(!!!main)
    __scatterload                            0x080002a1   Thumb Code     0  __scatter.o(!!!scatter)
    __scatterload_rt2                        0x080002a1   Thumb Code    44  __scatter.o(!!!scatter)
    __scatterload_rt2_thumb_only             0x080002a1   Thumb Code     0  __scatter.o(!!!scatter)
    __scatterload_null                       0x080002af   Thumb Code     0  __scatter.o(!!!scatter)
    __scatterload_copy                       0x080002d5   Thumb Code    26  __scatter_copy.o(!!handler_copy)
    __scatterload_zeroinit                   0x080002f1   Thumb Code    28  __scatter_zi.o(!!handler_zi)
    __rt_lib_init                            0x0800030d   Thumb Code     0  libinit.o(.ARM.Collect$$libinit$$00000000)
    __rt_lib_init_fp_1                       0x0800030f   Thumb Code     0  libinit2.o(.ARM.Collect$$libinit$$00000001)
    __rt_lib_init_alloca_1                   0x08000313   Thumb Code     0  libinit2.o(.ARM.Collect$$libinit$$0000002E)
    __rt_lib_init_argv_1                     0x08000313   Thumb Code     0  libinit2.o(.ARM.Collect$$libinit$$0000002C)
    __rt_lib_init_atexit_1                   0x08000313   Thumb Code     0  libinit2.o(.ARM.Collect$$libinit$$0000001B)
    __rt_lib_init_clock_1                    0x08000313   Thumb Code     0  libinit2.o(.ARM.Collect$$libinit$$00000021)
    __rt_lib_init_cpp_1                      0x08000313   Thumb Code     0  libinit2.o(.ARM.Collect$$libinit$$00000032)
    __rt_lib_init_exceptions_1               0x08000313   Thumb Code     0  libinit2.o(.ARM.Collect$$libinit$$00000030)
    __rt_lib_init_fp_trap_1                  0x08000313   Thumb Code     0  libinit2.o(.ARM.Collect$$libinit$$0000001F)
    __rt_lib_init_getenv_1                   0x08000313   Thumb Code     0  libinit2.o(.ARM.Collect$$libinit$$00000023)
    __rt_lib_init_heap_1                     0x08000313   Thumb Code     0  libinit2.o(.ARM.Collect$$libinit$$0000000A)
    __rt_lib_init_lc_collate_1               0x08000313   Thumb Code     0  libinit2.o(.ARM.Collect$$libinit$$00000011)
    __rt_lib_init_lc_ctype_1                 0x08000313   Thumb Code     0  libinit2.o(.ARM.Collect$$libinit$$00000013)
    __rt_lib_init_lc_monetary_1              0x08000313   Thumb Code     0  libinit2.o(.ARM.Collect$$libinit$$00000015)
    __rt_lib_init_lc_numeric_1               0x08000313   Thumb Code     0  libinit2.o(.ARM.Collect$$libinit$$00000017)
    __rt_lib_init_lc_time_1                  0x08000313   Thumb Code     0  libinit2.o(.ARM.Collect$$libinit$$00000019)
    __rt_lib_init_preinit_1                  0x08000313   Thumb Code     0  libinit2.o(.ARM.Collect$$libinit$$00000004)
    __rt_lib_init_rand_1                     0x08000313   Thumb Code     0  libinit2.o(.ARM.Collect$$libinit$$0000000E)
    __rt_lib_init_return                     0x08000313   Thumb Code     0  libinit2.o(.ARM.Collect$$libinit$$00000033)
    __rt_lib_init_signal_1                   0x08000313   Thumb Code     0  libinit2.o(.ARM.Collect$$libinit$$0000001D)
    __rt_lib_init_stdio_1                    0x08000313   Thumb Code     0  libinit2.o(.ARM.Collect$$libinit$$00000025)
    __rt_lib_init_user_alloc_1               0x08000313   Thumb Code     0  libinit2.o(.ARM.Collect$$libinit$$0000000C)
    __rt_lib_shutdown                        0x08000315   Thumb Code     0  libshutdown.o(.ARM.Collect$$libshutdown$$00000000)
    __rt_lib_shutdown_cpp_1                  0x08000317   Thumb Code     0  libshutdown2.o(.ARM.Collect$$libshutdown$$00000002)
    __rt_lib_shutdown_fp_trap_1              0x08000317   Thumb Code     0  libshutdown2.o(.ARM.Collect$$libshutdown$$00000007)
    __rt_lib_shutdown_heap_1                 0x08000317   Thumb Code     0  libshutdown2.o(.ARM.Collect$$libshutdown$$0000000F)
    __rt_lib_shutdown_return                 0x08000317   Thumb Code     0  libshutdown2.o(.ARM.Collect$$libshutdown$$00000010)
    __rt_lib_shutdown_signal_1               0x08000317   Thumb Code     0  libshutdown2.o(.ARM.Collect$$libshutdown$$0000000A)
    __rt_lib_shutdown_stdio_1                0x08000317   Thumb Code     0  libshutdown2.o(.ARM.Collect$$libshutdown$$00000004)
    __rt_lib_shutdown_user_alloc_1           0x08000317   Thumb Code     0  libshutdown2.o(.ARM.Collect$$libshutdown$$0000000C)
    __rt_entry                               0x08000319   Thumb Code     0  __rtentry.o(.ARM.Collect$$rtentry$$00000000)
    __rt_entry_presh_1                       0x08000319   Thumb Code     0  __rtentry2.o(.ARM.Collect$$rtentry$$00000002)
    __rt_entry_sh                            0x08000319   Thumb Code     0  __rtentry4.o(.ARM.Collect$$rtentry$$00000004)
    __rt_entry_li                            0x0800031f   Thumb Code     0  __rtentry2.o(.ARM.Collect$$rtentry$$0000000A)
    __rt_entry_postsh_1                      0x0800031f   Thumb Code     0  __rtentry2.o(.ARM.Collect$$rtentry$$00000009)
    __rt_entry_main                          0x08000323   Thumb Code     0  __rtentry2.o(.ARM.Collect$$rtentry$$0000000D)
    __rt_entry_postli_1                      0x08000323   Thumb Code     0  __rtentry2.o(.ARM.Collect$$rtentry$$0000000C)
    __rt_exit                                0x0800032b   Thumb Code     0  rtexit.o(.ARM.Collect$$rtexit$$00000000)
    __rt_exit_ls                             0x0800032d   Thumb Code     0  rtexit2.o(.ARM.Collect$$rtexit$$00000003)
    __rt_exit_prels_1                        0x0800032d   Thumb Code     0  rtexit2.o(.ARM.Collect$$rtexit$$00000002)
    __rt_exit_exit                           0x08000331   Thumb Code     0  rtexit2.o(.ARM.Collect$$rtexit$$00000004)
    SVC_Handler                              0x08000339   Thumb Code    28  port.o(.emb_text)
    __asm___6_port_c_39a90d8d__prvStartFirstTask 0x08000359   Thumb Code    36  port.o(.emb_text)
    __asm___6_port_c_39a90d8d__prvEnableVFP  0x08000381   Thumb Code    16  port.o(.emb_text)
    PendSV_Handler                           0x08000395   Thumb Code    88  port.o(.emb_text)
    vPortGetIPSR                             0x080003f1   Thumb Code     6  port.o(.emb_text)
    Reset_Handler                            0x080003f9   Thumb Code    12  startup_stm32h743xx.o(.text)
    ADC3_IRQHandler                          0x08000417   Thumb Code     0  startup_stm32h743xx.o(.text)
    ADC_IRQHandler                           0x08000417   Thumb Code     0  startup_stm32h743xx.o(.text)
    BDMA_Channel0_IRQHandler                 0x08000417   Thumb Code     0  startup_stm32h743xx.o(.text)
    BDMA_Channel1_IRQHandler                 0x08000417   Thumb Code     0  startup_stm32h743xx.o(.text)
    BDMA_Channel2_IRQHandler                 0x08000417   Thumb Code     0  startup_stm32h743xx.o(.text)
    BDMA_Channel3_IRQHandler                 0x08000417   Thumb Code     0  startup_stm32h743xx.o(.text)
    BDMA_Channel4_IRQHandler                 0x08000417   Thumb Code     0  startup_stm32h743xx.o(.text)
    BDMA_Channel5_IRQHandler                 0x08000417   Thumb Code     0  startup_stm32h743xx.o(.text)
    BDMA_Channel6_IRQHandler                 0x08000417   Thumb Code     0  startup_stm32h743xx.o(.text)
    BDMA_Channel7_IRQHandler                 0x08000417   Thumb Code     0  startup_stm32h743xx.o(.text)
    CEC_IRQHandler                           0x08000417   Thumb Code     0  startup_stm32h743xx.o(.text)
    COMP1_IRQHandler                         0x08000417   Thumb Code     0  startup_stm32h743xx.o(.text)
    CRS_IRQHandler                           0x08000417   Thumb Code     0  startup_stm32h743xx.o(.text)
    DCMI_IRQHandler                          0x08000417   Thumb Code     0  startup_stm32h743xx.o(.text)
    DFSDM1_FLT0_IRQHandler                   0x08000417   Thumb Code     0  startup_stm32h743xx.o(.text)
    DFSDM1_FLT1_IRQHandler                   0x08000417   Thumb Code     0  startup_stm32h743xx.o(.text)
    DFSDM1_FLT2_IRQHandler                   0x08000417   Thumb Code     0  startup_stm32h743xx.o(.text)
    DFSDM1_FLT3_IRQHandler                   0x08000417   Thumb Code     0  startup_stm32h743xx.o(.text)
    DMA1_Stream0_IRQHandler                  0x08000417   Thumb Code     0  startup_stm32h743xx.o(.text)
    DMA1_Stream1_IRQHandler                  0x08000417   Thumb Code     0  startup_stm32h743xx.o(.text)
    DMA1_Stream2_IRQHandler                  0x08000417   Thumb Code     0  startup_stm32h743xx.o(.text)
    DMA1_Stream3_IRQHandler                  0x08000417   Thumb Code     0  startup_stm32h743xx.o(.text)
    DMA1_Stream4_IRQHandler                  0x08000417   Thumb Code     0  startup_stm32h743xx.o(.text)
    DMA1_Stream5_IRQHandler                  0x08000417   Thumb Code     0  startup_stm32h743xx.o(.text)
    DMA1_Stream6_IRQHandler                  0x08000417   Thumb Code     0  startup_stm32h743xx.o(.text)
    DMA1_Stream7_IRQHandler                  0x08000417   Thumb Code     0  startup_stm32h743xx.o(.text)
    DMA2D_IRQHandler                         0x08000417   Thumb Code     0  startup_stm32h743xx.o(.text)
    DMA2_Stream0_IRQHandler                  0x08000417   Thumb Code     0  startup_stm32h743xx.o(.text)
    DMA2_Stream1_IRQHandler                  0x08000417   Thumb Code     0  startup_stm32h743xx.o(.text)
    DMA2_Stream2_IRQHandler                  0x08000417   Thumb Code     0  startup_stm32h743xx.o(.text)
    DMA2_Stream3_IRQHandler                  0x08000417   Thumb Code     0  startup_stm32h743xx.o(.text)
    DMA2_Stream4_IRQHandler                  0x08000417   Thumb Code     0  startup_stm32h743xx.o(.text)
    DMA2_Stream5_IRQHandler                  0x08000417   Thumb Code     0  startup_stm32h743xx.o(.text)
    DMA2_Stream6_IRQHandler                  0x08000417   Thumb Code     0  startup_stm32h743xx.o(.text)
    DMA2_Stream7_IRQHandler                  0x08000417   Thumb Code     0  startup_stm32h743xx.o(.text)
    DMAMUX1_OVR_IRQHandler                   0x08000417   Thumb Code     0  startup_stm32h743xx.o(.text)
    DMAMUX2_OVR_IRQHandler                   0x08000417   Thumb Code     0  startup_stm32h743xx.o(.text)
    ECC_IRQHandler                           0x08000417   Thumb Code     0  startup_stm32h743xx.o(.text)
    ETH_IRQHandler                           0x08000417   Thumb Code     0  startup_stm32h743xx.o(.text)
    ETH_WKUP_IRQHandler                      0x08000417   Thumb Code     0  startup_stm32h743xx.o(.text)
    EXTI0_IRQHandler                         0x08000417   Thumb Code     0  startup_stm32h743xx.o(.text)
    EXTI15_10_IRQHandler                     0x08000417   Thumb Code     0  startup_stm32h743xx.o(.text)
    EXTI1_IRQHandler                         0x08000417   Thumb Code     0  startup_stm32h743xx.o(.text)
    EXTI2_IRQHandler                         0x08000417   Thumb Code     0  startup_stm32h743xx.o(.text)
    EXTI3_IRQHandler                         0x08000417   Thumb Code     0  startup_stm32h743xx.o(.text)
    EXTI4_IRQHandler                         0x08000417   Thumb Code     0  startup_stm32h743xx.o(.text)
    EXTI9_5_IRQHandler                       0x08000417   Thumb Code     0  startup_stm32h743xx.o(.text)
    FDCAN1_IT0_IRQHandler                    0x08000417   Thumb Code     0  startup_stm32h743xx.o(.text)
    FDCAN1_IT1_IRQHandler                    0x08000417   Thumb Code     0  startup_stm32h743xx.o(.text)
    FDCAN2_IT0_IRQHandler                    0x08000417   Thumb Code     0  startup_stm32h743xx.o(.text)
    FDCAN2_IT1_IRQHandler                    0x08000417   Thumb Code     0  startup_stm32h743xx.o(.text)
    FDCAN_CAL_IRQHandler                     0x08000417   Thumb Code     0  startup_stm32h743xx.o(.text)
    FLASH_IRQHandler                         0x08000417   Thumb Code     0  startup_stm32h743xx.o(.text)
    FMC_IRQHandler                           0x08000417   Thumb Code     0  startup_stm32h743xx.o(.text)
    FPU_IRQHandler                           0x08000417   Thumb Code     0  startup_stm32h743xx.o(.text)
    HRTIM1_FLT_IRQHandler                    0x08000417   Thumb Code     0  startup_stm32h743xx.o(.text)
    HRTIM1_Master_IRQHandler                 0x08000417   Thumb Code     0  startup_stm32h743xx.o(.text)
    HRTIM1_TIMA_IRQHandler                   0x08000417   Thumb Code     0  startup_stm32h743xx.o(.text)
    HRTIM1_TIMB_IRQHandler                   0x08000417   Thumb Code     0  startup_stm32h743xx.o(.text)
    HRTIM1_TIMC_IRQHandler                   0x08000417   Thumb Code     0  startup_stm32h743xx.o(.text)
    HRTIM1_TIMD_IRQHandler                   0x08000417   Thumb Code     0  startup_stm32h743xx.o(.text)
    HRTIM1_TIME_IRQHandler                   0x08000417   Thumb Code     0  startup_stm32h743xx.o(.text)
    HSEM1_IRQHandler                         0x08000417   Thumb Code     0  startup_stm32h743xx.o(.text)
    I2C1_ER_IRQHandler                       0x08000417   Thumb Code     0  startup_stm32h743xx.o(.text)
    I2C1_EV_IRQHandler                       0x08000417   Thumb Code     0  startup_stm32h743xx.o(.text)
    I2C2_ER_IRQHandler                       0x08000417   Thumb Code     0  startup_stm32h743xx.o(.text)
    I2C2_EV_IRQHandler                       0x08000417   Thumb Code     0  startup_stm32h743xx.o(.text)
    I2C3_ER_IRQHandler                       0x08000417   Thumb Code     0  startup_stm32h743xx.o(.text)
    I2C3_EV_IRQHandler                       0x08000417   Thumb Code     0  startup_stm32h743xx.o(.text)
    I2C4_ER_IRQHandler                       0x08000417   Thumb Code     0  startup_stm32h743xx.o(.text)
    I2C4_EV_IRQHandler                       0x08000417   Thumb Code     0  startup_stm32h743xx.o(.text)
    JPEG_IRQHandler                          0x08000417   Thumb Code     0  startup_stm32h743xx.o(.text)
    LPTIM1_IRQHandler                        0x08000417   Thumb Code     0  startup_stm32h743xx.o(.text)
    LPTIM2_IRQHandler                        0x08000417   Thumb Code     0  startup_stm32h743xx.o(.text)
    LPTIM3_IRQHandler                        0x08000417   Thumb Code     0  startup_stm32h743xx.o(.text)
    LPTIM4_IRQHandler                        0x08000417   Thumb Code     0  startup_stm32h743xx.o(.text)
    LPTIM5_IRQHandler                        0x08000417   Thumb Code     0  startup_stm32h743xx.o(.text)
    LPUART1_IRQHandler                       0x08000417   Thumb Code     0  startup_stm32h743xx.o(.text)
    LTDC_ER_IRQHandler                       0x08000417   Thumb Code     0  startup_stm32h743xx.o(.text)
    LTDC_IRQHandler                          0x08000417   Thumb Code     0  startup_stm32h743xx.o(.text)
    MDIOS_IRQHandler                         0x08000417   Thumb Code     0  startup_stm32h743xx.o(.text)
    MDIOS_WKUP_IRQHandler                    0x08000417   Thumb Code     0  startup_stm32h743xx.o(.text)
    MDMA_IRQHandler                          0x08000417   Thumb Code     0  startup_stm32h743xx.o(.text)
    OTG_FS_EP1_IN_IRQHandler                 0x08000417   Thumb Code     0  startup_stm32h743xx.o(.text)
    OTG_FS_EP1_OUT_IRQHandler                0x08000417   Thumb Code     0  startup_stm32h743xx.o(.text)
    OTG_FS_IRQHandler                        0x08000417   Thumb Code     0  startup_stm32h743xx.o(.text)
    OTG_FS_WKUP_IRQHandler                   0x08000417   Thumb Code     0  startup_stm32h743xx.o(.text)
    OTG_HS_EP1_IN_IRQHandler                 0x08000417   Thumb Code     0  startup_stm32h743xx.o(.text)
    OTG_HS_EP1_OUT_IRQHandler                0x08000417   Thumb Code     0  startup_stm32h743xx.o(.text)
    OTG_HS_IRQHandler                        0x08000417   Thumb Code     0  startup_stm32h743xx.o(.text)
    OTG_HS_WKUP_IRQHandler                   0x08000417   Thumb Code     0  startup_stm32h743xx.o(.text)
    PVD_AVD_IRQHandler                       0x08000417   Thumb Code     0  startup_stm32h743xx.o(.text)
    QUADSPI_IRQHandler                       0x08000417   Thumb Code     0  startup_stm32h743xx.o(.text)
    RCC_IRQHandler                           0x08000417   Thumb Code     0  startup_stm32h743xx.o(.text)
    RNG_IRQHandler                           0x08000417   Thumb Code     0  startup_stm32h743xx.o(.text)
    RTC_Alarm_IRQHandler                     0x08000417   Thumb Code     0  startup_stm32h743xx.o(.text)
    RTC_WKUP_IRQHandler                      0x08000417   Thumb Code     0  startup_stm32h743xx.o(.text)
    SAI1_IRQHandler                          0x08000417   Thumb Code     0  startup_stm32h743xx.o(.text)
    SAI2_IRQHandler                          0x08000417   Thumb Code     0  startup_stm32h743xx.o(.text)
    SAI3_IRQHandler                          0x08000417   Thumb Code     0  startup_stm32h743xx.o(.text)
    SAI4_IRQHandler                          0x08000417   Thumb Code     0  startup_stm32h743xx.o(.text)
    SDMMC1_IRQHandler                        0x08000417   Thumb Code     0  startup_stm32h743xx.o(.text)
    SDMMC2_IRQHandler                        0x08000417   Thumb Code     0  startup_stm32h743xx.o(.text)
    SPDIF_RX_IRQHandler                      0x08000417   Thumb Code     0  startup_stm32h743xx.o(.text)
    SPI1_IRQHandler                          0x08000417   Thumb Code     0  startup_stm32h743xx.o(.text)
    SPI2_IRQHandler                          0x08000417   Thumb Code     0  startup_stm32h743xx.o(.text)
    SPI3_IRQHandler                          0x08000417   Thumb Code     0  startup_stm32h743xx.o(.text)
    SPI4_IRQHandler                          0x08000417   Thumb Code     0  startup_stm32h743xx.o(.text)
    SPI5_IRQHandler                          0x08000417   Thumb Code     0  startup_stm32h743xx.o(.text)
    SPI6_IRQHandler                          0x08000417   Thumb Code     0  startup_stm32h743xx.o(.text)
    SWPMI1_IRQHandler                        0x08000417   Thumb Code     0  startup_stm32h743xx.o(.text)
    TAMP_STAMP_IRQHandler                    0x08000417   Thumb Code     0  startup_stm32h743xx.o(.text)
    TIM15_IRQHandler                         0x08000417   Thumb Code     0  startup_stm32h743xx.o(.text)
    TIM16_IRQHandler                         0x08000417   Thumb Code     0  startup_stm32h743xx.o(.text)
    TIM17_IRQHandler                         0x08000417   Thumb Code     0  startup_stm32h743xx.o(.text)
    TIM1_BRK_IRQHandler                      0x08000417   Thumb Code     0  startup_stm32h743xx.o(.text)
    TIM1_CC_IRQHandler                       0x08000417   Thumb Code     0  startup_stm32h743xx.o(.text)
    TIM1_TRG_COM_IRQHandler                  0x08000417   Thumb Code     0  startup_stm32h743xx.o(.text)
    TIM2_IRQHandler                          0x08000417   Thumb Code     0  startup_stm32h743xx.o(.text)
    TIM3_IRQHandler                          0x08000417   Thumb Code     0  startup_stm32h743xx.o(.text)
    TIM4_IRQHandler                          0x08000417   Thumb Code     0  startup_stm32h743xx.o(.text)
    TIM5_IRQHandler                          0x08000417   Thumb Code     0  startup_stm32h743xx.o(.text)
    TIM6_DAC_IRQHandler                      0x08000417   Thumb Code     0  startup_stm32h743xx.o(.text)
    TIM7_IRQHandler                          0x08000417   Thumb Code     0  startup_stm32h743xx.o(.text)
    TIM8_BRK_TIM12_IRQHandler                0x08000417   Thumb Code     0  startup_stm32h743xx.o(.text)
    TIM8_CC_IRQHandler                       0x08000417   Thumb Code     0  startup_stm32h743xx.o(.text)
    TIM8_TRG_COM_TIM14_IRQHandler            0x08000417   Thumb Code     0  startup_stm32h743xx.o(.text)
    TIM8_UP_TIM13_IRQHandler                 0x08000417   Thumb Code     0  startup_stm32h743xx.o(.text)
    UART4_IRQHandler                         0x08000417   Thumb Code     0  startup_stm32h743xx.o(.text)
    UART5_IRQHandler                         0x08000417   Thumb Code     0  startup_stm32h743xx.o(.text)
    UART7_IRQHandler                         0x08000417   Thumb Code     0  startup_stm32h743xx.o(.text)
    UART8_IRQHandler                         0x08000417   Thumb Code     0  startup_stm32h743xx.o(.text)
    USART1_IRQHandler                        0x08000417   Thumb Code     0  startup_stm32h743xx.o(.text)
    USART2_IRQHandler                        0x08000417   Thumb Code     0  startup_stm32h743xx.o(.text)
    USART6_IRQHandler                        0x08000417   Thumb Code     0  startup_stm32h743xx.o(.text)
    WAKEUP_PIN_IRQHandler                    0x08000417   Thumb Code     0  startup_stm32h743xx.o(.text)
    WWDG_IRQHandler                          0x08000417   Thumb Code     0  startup_stm32h743xx.o(.text)
    __user_initial_stackheap                 0x08000419   Thumb Code     0  startup_stm32h743xx.o(.text)
    __aeabi_uldivmod                         0x08000441   Thumb Code     0  lludivv7m.o(.text)
    _ll_udiv                                 0x08000441   Thumb Code   238  lludivv7m.o(.text)
    memcmp                                   0x0800052f   Thumb Code    88  memcmp.o(.text)
    __aeabi_memcpy                           0x08000587   Thumb Code     0  rt_memcpy_v6.o(.text)
    __rt_memcpy                              0x08000587   Thumb Code   138  rt_memcpy_v6.o(.text)
    _memcpy_lastbytes                        0x080005ed   Thumb Code     0  rt_memcpy_v6.o(.text)
    __aeabi_memset                           0x08000611   Thumb Code    16  aeabi_memset.o(.text)
    __aeabi_memclr                           0x08000621   Thumb Code     0  rt_memclr.o(.text)
    __rt_memclr                              0x08000621   Thumb Code    68  rt_memclr.o(.text)
    _memset                                  0x08000625   Thumb Code     0  rt_memclr.o(.text)
    __aeabi_memclr4                          0x08000665   Thumb Code     0  rt_memclr_w.o(.text)
    __aeabi_memclr8                          0x08000665   Thumb Code     0  rt_memclr_w.o(.text)
    __rt_memclr_w                            0x08000665   Thumb Code    78  rt_memclr_w.o(.text)
    _memset_w                                0x08000669   Thumb Code     0  rt_memclr_w.o(.text)
    __use_two_region_memory                  0x080006b3   Thumb Code     2  heapauxi.o(.text)
    __rt_heap_escrow$2region                 0x080006b5   Thumb Code     2  heapauxi.o(.text)
    __rt_heap_expand$2region                 0x080006b7   Thumb Code     2  heapauxi.o(.text)
    __aeabi_memcpy4                          0x080006b9   Thumb Code     0  rt_memcpy_w.o(.text)
    __aeabi_memcpy8                          0x080006b9   Thumb Code     0  rt_memcpy_w.o(.text)
    __rt_memcpy_w                            0x080006b9   Thumb Code   100  rt_memcpy_w.o(.text)
    _memcpy_lastbytes_aligned                0x08000701   Thumb Code     0  rt_memcpy_w.o(.text)
    __user_setup_stackheap                   0x0800071d   Thumb Code    74  sys_stackheap_outer.o(.text)
    exit                                     0x08000767   Thumb Code    18  exit.o(.text)
    __user_libspace                          0x08000779   Thumb Code     8  libspace.o(.text)
    __user_perproc_libspace                  0x08000779   Thumb Code     0  libspace.o(.text)
    __user_perthread_libspace                0x08000779   Thumb Code     0  libspace.o(.text)
    _sys_exit                                0x08000781   Thumb Code     8  sys_exit.o(.text)
    __I$use$semihosting                      0x0800078d   Thumb Code     0  use_no_semi.o(.text)
    __use_no_semihosting_swi                 0x0800078d   Thumb Code     2  use_no_semi.o(.text)
    BusFault_Handler                         0x0800078f   Thumb Code     2  stm32h7xx_it.o(i.BusFault_Handler)
    __semihosting_library_function           0x0800078f   Thumb Code     0  indicate_semi.o(.text)
    DebugMon_Handler                         0x08000791   Thumb Code     2  stm32h7xx_it.o(i.DebugMon_Handler)
    Error_Handler                            0x08000ac9   Thumb Code     4  main.o(i.Error_Handler)
    ExitRun0Mode                             0x08000acd   Thumb Code    22  system_stm32h7xx.o(i.ExitRun0Mode)
    HAL_DMA_Abort                            0x08000ae9   Thumb Code   836  stm32h7xx_hal_dma.o(i.HAL_DMA_Abort)
    HAL_DMA_Abort_IT                         0x08000e49   Thumb Code   498  stm32h7xx_hal_dma.o(i.HAL_DMA_Abort_IT)
    HAL_ETH_Init                             0x08001065   Thumb Code   438  stm32h7xx_hal_eth.o(i.HAL_ETH_Init)
    HAL_ETH_MspInit                          0x08001231   Thumb Code   224  eth.o(i.HAL_ETH_MspInit)
    HAL_ETH_SetMDIOClockRange                0x08001329   Thumb Code    84  stm32h7xx_hal_eth.o(i.HAL_ETH_SetMDIOClockRange)
    HAL_GPIO_Init                            0x08001391   Thumb Code   514  stm32h7xx_hal_gpio.o(i.HAL_GPIO_Init)
    HAL_GPIO_WritePin                        0x080015c5   Thumb Code    10  stm32h7xx_hal_gpio.o(i.HAL_GPIO_WritePin)
    HAL_GetREVID                             0x080015d1   Thumb Code     8  stm32h7xx_hal.o(i.HAL_GetREVID)
    HAL_GetTick                              0x080015dd   Thumb Code     6  stm32h7xx_hal.o(i.HAL_GetTick)
    HAL_IncTick                              0x080015e9   Thumb Code    12  stm32h7xx_hal.o(i.HAL_IncTick)
    HAL_Init                                 0x080015f9   Thumb Code    74  stm32h7xx_hal.o(i.HAL_Init)
    HAL_InitTick                             0x08001655   Thumb Code   110  stm32h7xx_hal_timebase_tim.o(i.HAL_InitTick)
    HAL_MPU_ConfigRegion                     0x080016d9   Thumb Code    86  stm32h7xx_hal_cortex.o(i.HAL_MPU_ConfigRegion)
    HAL_MPU_Disable                          0x08001735   Thumb Code    24  stm32h7xx_hal_cortex.o(i.HAL_MPU_Disable)
    HAL_MPU_Enable                           0x08001751   Thumb Code    30  stm32h7xx_hal_cortex.o(i.HAL_MPU_Enable)
    HAL_MspInit                              0x08001775   Thumb Code    32  stm32h7xx_hal_msp.o(i.HAL_MspInit)
    HAL_NVIC_EnableIRQ                       0x08001799   Thumb Code    26  stm32h7xx_hal_cortex.o(i.HAL_NVIC_EnableIRQ)
    HAL_NVIC_SetPriority                     0x080017b5   Thumb Code    60  stm32h7xx_hal_cortex.o(i.HAL_NVIC_SetPriority)
    HAL_NVIC_SetPriorityGrouping             0x080017f5   Thumb Code    28  stm32h7xx_hal_cortex.o(i.HAL_NVIC_SetPriorityGrouping)
    HAL_PWREx_ConfigSupply                   0x08001819   Thumb Code    78  stm32h7xx_hal_pwr_ex.o(i.HAL_PWREx_ConfigSupply)
    HAL_RCCEx_GetD3PCLK1Freq                 0x0800186d   Thumb Code    26  stm32h7xx_hal_rcc_ex.o(i.HAL_RCCEx_GetD3PCLK1Freq)
    HAL_RCCEx_GetPLL2ClockFreq               0x08001891   Thumb Code   296  stm32h7xx_hal_rcc_ex.o(i.HAL_RCCEx_GetPLL2ClockFreq)
    HAL_RCCEx_GetPLL3ClockFreq               0x080019d5   Thumb Code   296  stm32h7xx_hal_rcc_ex.o(i.HAL_RCCEx_GetPLL3ClockFreq)
    HAL_RCCEx_PeriphCLKConfig                0x08001b19   Thumb Code  2472  stm32h7xx_hal_rcc_ex.o(i.HAL_RCCEx_PeriphCLKConfig)
    HAL_RCC_ClockConfig                      0x080024c5   Thumb Code   580  stm32h7xx_hal_rcc.o(i.HAL_RCC_ClockConfig)
    HAL_RCC_GetClockConfig                   0x08002721   Thumb Code    84  stm32h7xx_hal_rcc.o(i.HAL_RCC_GetClockConfig)
    HAL_RCC_GetHCLKFreq                      0x0800277d   Thumb Code    52  stm32h7xx_hal_rcc.o(i.HAL_RCC_GetHCLKFreq)
    HAL_RCC_GetPCLK1Freq                     0x080027c1   Thumb Code    26  stm32h7xx_hal_rcc.o(i.HAL_RCC_GetPCLK1Freq)
    HAL_RCC_GetPCLK2Freq                     0x080027e5   Thumb Code    26  stm32h7xx_hal_rcc.o(i.HAL_RCC_GetPCLK2Freq)
    HAL_RCC_GetSysClockFreq                  0x08002809   Thumb Code   278  stm32h7xx_hal_rcc.o(i.HAL_RCC_GetSysClockFreq)
    HAL_RCC_OscConfig                        0x08002941   Thumb Code  1410  stm32h7xx_hal_rcc.o(i.HAL_RCC_OscConfig)
    HAL_SYSCFG_ETHInterfaceSelect            0x08002ec5   Thumb Code    14  stm32h7xx_hal.o(i.HAL_SYSCFG_ETHInterfaceSelect)
    HAL_TIMEx_Break2Callback                 0x08002ed9   Thumb Code     2  stm32h7xx_hal_tim_ex.o(i.HAL_TIMEx_Break2Callback)
    HAL_TIMEx_BreakCallback                  0x08002edb   Thumb Code     2  stm32h7xx_hal_tim_ex.o(i.HAL_TIMEx_BreakCallback)
    HAL_TIMEx_CommutCallback                 0x08002edd   Thumb Code     2  stm32h7xx_hal_tim_ex.o(i.HAL_TIMEx_CommutCallback)
    HAL_TIM_Base_Init                        0x08002edf   Thumb Code    98  stm32h7xx_hal_tim.o(i.HAL_TIM_Base_Init)
    HAL_TIM_Base_MspInit                     0x08002f41   Thumb Code     2  stm32h7xx_hal_tim.o(i.HAL_TIM_Base_MspInit)
    HAL_TIM_Base_Start_IT                    0x08002f45   Thumb Code   106  stm32h7xx_hal_tim.o(i.HAL_TIM_Base_Start_IT)
    HAL_TIM_IC_CaptureCallback               0x08002fd1   Thumb Code     2  stm32h7xx_hal_tim.o(i.HAL_TIM_IC_CaptureCallback)
    HAL_TIM_IRQHandler                       0x08002fd3   Thumb Code   328  stm32h7xx_hal_tim.o(i.HAL_TIM_IRQHandler)
    HAL_TIM_OC_DelayElapsedCallback          0x0800311b   Thumb Code     2  stm32h7xx_hal_tim.o(i.HAL_TIM_OC_DelayElapsedCallback)
    HAL_TIM_PWM_PulseFinishedCallback        0x0800311d   Thumb Code     2  stm32h7xx_hal_tim.o(i.HAL_TIM_PWM_PulseFinishedCallback)
    HAL_TIM_PeriodElapsedCallback            0x08003121   Thumb Code    14  main.o(i.HAL_TIM_PeriodElapsedCallback)
    HAL_TIM_TriggerCallback                  0x08003135   Thumb Code     2  stm32h7xx_hal_tim.o(i.HAL_TIM_TriggerCallback)
    HAL_UARTEx_DisableFifoMode               0x08003137   Thumb Code    64  stm32h7xx_hal_uart_ex.o(i.HAL_UARTEx_DisableFifoMode)
    HAL_UARTEx_RxEventCallback               0x08003177   Thumb Code     2  stm32h7xx_hal_uart.o(i.HAL_UARTEx_RxEventCallback)
    HAL_UARTEx_RxFifoFullCallback            0x08003179   Thumb Code     2  stm32h7xx_hal_uart_ex.o(i.HAL_UARTEx_RxFifoFullCallback)
    HAL_UARTEx_SetRxFifoThreshold            0x0800317b   Thumb Code    76  stm32h7xx_hal_uart_ex.o(i.HAL_UARTEx_SetRxFifoThreshold)
    HAL_UARTEx_SetTxFifoThreshold            0x080031c7   Thumb Code    76  stm32h7xx_hal_uart_ex.o(i.HAL_UARTEx_SetTxFifoThreshold)
    HAL_UARTEx_TxFifoEmptyCallback           0x08003213   Thumb Code     2  stm32h7xx_hal_uart_ex.o(i.HAL_UARTEx_TxFifoEmptyCallback)
    HAL_UARTEx_WakeupCallback                0x08003215   Thumb Code     2  stm32h7xx_hal_uart_ex.o(i.HAL_UARTEx_WakeupCallback)
    HAL_UART_ErrorCallback                   0x08003217   Thumb Code     2  stm32h7xx_hal_uart.o(i.HAL_UART_ErrorCallback)
    HAL_UART_IRQHandler                      0x08003219   Thumb Code   898  stm32h7xx_hal_uart.o(i.HAL_UART_IRQHandler)
    HAL_UART_Init                            0x080035b5   Thumb Code   106  stm32h7xx_hal_uart.o(i.HAL_UART_Init)
    HAL_UART_MspInit                         0x08003621   Thumb Code   140  usart.o(i.HAL_UART_MspInit)
    HAL_UART_TxCpltCallback                  0x080036b9   Thumb Code     2  stm32h7xx_hal_uart.o(i.HAL_UART_TxCpltCallback)
    HardFault_Handler                        0x080036bb   Thumb Code     2  stm32h7xx_it.o(i.HardFault_Handler)
    MX_ETH_Init                              0x080036e5   Thumb Code    68  eth.o(i.MX_ETH_Init)
    MX_FREERTOS_Init                         0x0800373d   Thumb Code    18  freertos.o(i.MX_FREERTOS_Init)
    MX_GPIO_Init                             0x0800375d   Thumb Code   232  gpio.o(i.MX_GPIO_Init)
    MX_USART3_UART_Init                      0x08003859   Thumb Code    94  usart.o(i.MX_USART3_UART_Init)
    MemManage_Handler                        0x080038c1   Thumb Code     2  stm32h7xx_it.o(i.MemManage_Handler)
    NMI_Handler                              0x080038c3   Thumb Code     2  stm32h7xx_it.o(i.NMI_Handler)
    SEGGER_RTT_ReadNoLock                    0x08003b05   Thumb Code   120  segger_rtt.o(i.SEGGER_RTT_ReadNoLock)
    SEGGER_RTT_WriteSkipNoLock               0x08003b81   Thumb Code   108  segger_rtt.o(i.SEGGER_RTT_WriteSkipNoLock)
    SEGGER_SYSVIEW_GetSysDesc                0x08003bf1   Thumb Code   120  segger_sysview.o(i.SEGGER_SYSVIEW_GetSysDesc)
    SEGGER_SYSVIEW_OnIdle                    0x08003c6d   Thumb Code    30  segger_sysview.o(i.SEGGER_SYSVIEW_OnIdle)
    SEGGER_SYSVIEW_OnTaskCreate              0x08003c91   Thumb Code    60  segger_sysview.o(i.SEGGER_SYSVIEW_OnTaskCreate)
    SEGGER_SYSVIEW_OnTaskStartExec           0x08003cd1   Thumb Code    60  segger_sysview.o(i.SEGGER_SYSVIEW_OnTaskStartExec)
    SEGGER_SYSVIEW_OnTaskStartReady          0x08003d11   Thumb Code    60  segger_sysview.o(i.SEGGER_SYSVIEW_OnTaskStartReady)
    SEGGER_SYSVIEW_RecordSystime             0x08003d51   Thumb Code    42  segger_sysview.o(i.SEGGER_SYSVIEW_RecordSystime)
    SEGGER_SYSVIEW_RecordU32                 0x08003d85   Thumb Code    54  segger_sysview.o(i.SEGGER_SYSVIEW_RecordU32)
    SEGGER_SYSVIEW_RecordU32x2               0x08003dc1   Thumb Code    74  segger_sysview.o(i.SEGGER_SYSVIEW_RecordU32x2)
    SEGGER_SYSVIEW_RecordU32x3               0x08003e11   Thumb Code   102  segger_sysview.o(i.SEGGER_SYSVIEW_RecordU32x3)
    SEGGER_SYSVIEW_RecordU32x4               0x08003e7d   Thumb Code   124  segger_sysview.o(i.SEGGER_SYSVIEW_RecordU32x4)
    SEGGER_SYSVIEW_RecordVoid                0x08003efd   Thumb Code    30  segger_sysview.o(i.SEGGER_SYSVIEW_RecordVoid)
    SEGGER_SYSVIEW_SendModule                0x08003f21   Thumb Code   128  segger_sysview.o(i.SEGGER_SYSVIEW_SendModule)
    SEGGER_SYSVIEW_SendModuleDescription     0x08003fa9   Thumb Code    22  segger_sysview.o(i.SEGGER_SYSVIEW_SendModuleDescription)
    SEGGER_SYSVIEW_SendNumModules            0x08003fc5   Thumb Code    56  segger_sysview.o(i.SEGGER_SYSVIEW_SendNumModules)
    SEGGER_SYSVIEW_SendTaskInfo              0x08004005   Thumb Code   212  segger_sysview.o(i.SEGGER_SYSVIEW_SendTaskInfo)
    SEGGER_SYSVIEW_SendTaskList              0x080040dd   Thumb Code    18  segger_sysview.o(i.SEGGER_SYSVIEW_SendTaskList)
    SEGGER_SYSVIEW_ShrinkId                  0x080040f5   Thumb Code     8  segger_sysview.o(i.SEGGER_SYSVIEW_ShrinkId)
    SEGGER_SYSVIEW_Start                     0x08004101   Thumb Code   164  segger_sysview.o(i.SEGGER_SYSVIEW_Start)
    SEGGER_SYSVIEW_Stop                      0x080041ad   Thumb Code    42  segger_sysview.o(i.SEGGER_SYSVIEW_Stop)
    SEGGER_SYSVIEW_Warn                      0x080041dd   Thumb Code    50  segger_sysview.o(i.SEGGER_SYSVIEW_Warn)
    SYSVIEW_AddTask                          0x08004215   Thumb Code    90  segger_sysview_freertos.o(i.SYSVIEW_AddTask)
    SYSVIEW_SendTaskInfo                     0x08004285   Thumb Code    42  segger_sysview_freertos.o(i.SYSVIEW_SendTaskInfo)
    StartDefaultTask                         0x080042af   Thumb Code     8  freertos.o(i.StartDefaultTask)
    SysTick_Handler                          0x080042b7   Thumb Code    26  cmsis_os2.o(i.SysTick_Handler)
    SystemClock_Config                       0x080042d1   Thumb Code   166  main.o(i.SystemClock_Config)
    SystemInit                               0x08004381   Thumb Code   206  system_stm32h7xx.o(i.SystemInit)
    TIM1_UP_IRQHandler                       0x08004479   Thumb Code     6  stm32h7xx_it.o(i.TIM1_UP_IRQHandler)
    TIM_Base_SetConfig                       0x08004485   Thumb Code   170  stm32h7xx_hal_tim.o(i.TIM_Base_SetConfig)
    UART_AdvFeatureConfig                    0x08004595   Thumb Code   200  stm32h7xx_hal_uart.o(i.UART_AdvFeatureConfig)
    UART_CheckIdleState                      0x0800465d   Thumb Code   170  stm32h7xx_hal_uart.o(i.UART_CheckIdleState)
    UART_SetConfig                           0x08004765   Thumb Code   876  stm32h7xx_hal_uart.o(i.UART_SetConfig)
    UART_WaitOnFlagUntilTimeout              0x08004b11   Thumb Code   148  stm32h7xx_hal_uart.o(i.UART_WaitOnFlagUntilTimeout)
    USART3_IRQHandler                        0x08004ba5   Thumb Code     6  stm32h7xx_it.o(i.USART3_IRQHandler)
    UsageFault_Handler                       0x08004bb1   Thumb Code     2  stm32h7xx_it.o(i.UsageFault_Handler)
    main                                     0x08004eb7   Thumb Code   110  main.o(i.main)
    osDelay                                  0x08004f25   Thumb Code    32  cmsis_os2.o(i.osDelay)
    osKernelInitialize                       0x08004f45   Thumb Code    42  cmsis_os2.o(i.osKernelInitialize)
    osKernelStart                            0x08004f75   Thumb Code    56  cmsis_os2.o(i.osKernelStart)
    osThreadNew                              0x08004fb5   Thumb Code   146  cmsis_os2.o(i.osThreadNew)
    pvPortMalloc                             0x0800578d   Thumb Code   204  heap_4.o(i.pvPortMalloc)
    pxPortInitialiseStack                    0x0800585d   Thumb Code    42  port.o(i.pxPortInitialiseStack)
    uxListRemove                             0x0800588d   Thumb Code    38  list.o(i.uxListRemove)
    vApplicationGetIdleTaskMemory            0x080058b5   Thumb Code    18  cmsis_os2.o(i.vApplicationGetIdleTaskMemory)
    vApplicationGetTimerTaskMemory           0x080058cd   Thumb Code    20  cmsis_os2.o(i.vApplicationGetTimerTaskMemory)
    vListInitialise                          0x080058e5   Thumb Code    22  list.o(i.vListInitialise)
    vListInitialiseItem                      0x080058fb   Thumb Code     6  list.o(i.vListInitialiseItem)
    vListInsert                              0x08005901   Thumb Code    48  list.o(i.vListInsert)
    vPortEnterCritical                       0x08005931   Thumb Code    54  port.o(i.vPortEnterCritical)
    vPortExitCritical                        0x08005971   Thumb Code    34  port.o(i.vPortExitCritical)
    vPortFree                                0x08005999   Thumb Code    94  heap_4.o(i.vPortFree)
    vPortSetupTimerInterrupt                 0x080059fd   Thumb Code    32  port.o(i.vPortSetupTimerInterrupt)
    vQueueAddToRegistry                      0x08005a21   Thumb Code    96  queue.o(i.vQueueAddToRegistry)
    vQueueWaitForMessageRestricted           0x08005a85   Thumb Code    68  queue.o(i.vQueueWaitForMessageRestricted)
    vTaskDelay                               0x08005ac9   Thumb Code    74  tasks.o(i.vTaskDelay)
    vTaskInternalSetTimeOutState             0x08005b1d   Thumb Code    12  tasks.o(i.vTaskInternalSetTimeOutState)
    vTaskMissedYield                         0x08005b2d   Thumb Code     8  tasks.o(i.vTaskMissedYield)
    vTaskPlaceOnEventList                    0x08005b39   Thumb Code    44  tasks.o(i.vTaskPlaceOnEventList)
    vTaskPlaceOnEventListRestricted          0x08005b69   Thumb Code    86  tasks.o(i.vTaskPlaceOnEventListRestricted)
    vTaskStartScheduler                      0x08005bc5   Thumb Code   140  tasks.o(i.vTaskStartScheduler)
    vTaskSuspendAll                          0x08005c61   Thumb Code    10  tasks.o(i.vTaskSuspendAll)
    vTaskSwitchContext                       0x08005c71   Thumb Code   120  tasks.o(i.vTaskSwitchContext)
    xPortStartScheduler                      0x08005cf9   Thumb Code   234  port.o(i.xPortStartScheduler)
    xPortSysTickHandler                      0x08005df9   Thumb Code    38  port.o(i.xPortSysTickHandler)
    xQueueGenericCreateStatic                0x08005e25   Thumb Code    70  queue.o(i.xQueueGenericCreateStatic)
    xQueueGenericReset                       0x08005e6d   Thumb Code   182  queue.o(i.xQueueGenericReset)
    xQueueReceive                            0x08005f29   Thumb Code   370  queue.o(i.xQueueReceive)
    xTaskCheckForTimeOut                     0x080060a1   Thumb Code   112  tasks.o(i.xTaskCheckForTimeOut)
    xTaskCreate                              0x08006115   Thumb Code    96  tasks.o(i.xTaskCreate)
    xTaskCreateStatic                        0x08006175   Thumb Code   114  tasks.o(i.xTaskCreateStatic)
    xTaskGetSchedulerState                   0x080061e9   Thumb Code    22  tasks.o(i.xTaskGetSchedulerState)
    xTaskGetTickCount                        0x08006205   Thumb Code     6  tasks.o(i.xTaskGetTickCount)
    xTaskIncrementTick                       0x08006211   Thumb Code   298  tasks.o(i.xTaskIncrementTick)
    xTaskRemoveFromEventList                 0x08006345   Thumb Code   212  tasks.o(i.xTaskRemoveFromEventList)
    xTaskResumeAll                           0x08006425   Thumb Code   296  tasks.o(i.xTaskResumeAll)
    xTimerCreateTimerTask                    0x0800655d   Thumb Code    78  timers.o(i.xTimerCreateTimerTask)
    _fp_init                                 0x080065bd   Thumb Code    10  fpinit.o(x$fpl$fpinit)
    __fplib_config_fpu_vfp                   0x080065c5   Thumb Code     0  fpinit.o(x$fpl$fpinit)
    __fplib_config_pureend_doubles           0x080065c5   Thumb Code     0  fpinit.o(x$fpl$fpinit)
    defaultTask_attributes                   0x080065c8   Data          36  freertos.o(.constdata)
    UARTPrescTable                           0x080065ec   Data          24  stm32h7xx_hal_uart.o(.constdata)
    D1CorePrescTable                         0x08006614   Data          16  system_stm32h7xx.o(.constdata)
    Region$$Table$$Base                      0x080066bc   Number         0  anon$$obj.o(Region$$Table)
    Region$$Table$$Limit                     0x080066dc   Number         0  anon$$obj.o(Region$$Table)
    defaultTaskHandle                        0x24000000   Data           4  freertos.o(.data)
    uwTickFreq                               0x2400000c   Data           1  stm32h7xx_hal.o(.data)
    uwTickPrio                               0x24000010   Data           4  stm32h7xx_hal.o(.data)
    uwTick                                   0x24000014   Data           4  stm32h7xx_hal.o(.data)
    SystemCoreClock                          0x24000018   Data           4  system_stm32h7xx.o(.data)
    SystemD2Clock                            0x2400001c   Data           4  system_stm32h7xx.o(.data)
    pxCurrentTCB                             0x24000020   Data           4  tasks.o(.data)
    uxTopUsedPriority                        0x24000050   Data           4  tasks.o(.data)
    heth                                     0x240000b4   Data         176  eth.o(.bss)
    huart3                                   0x24000164   Data         148  usart.o(.bss)
    htim1                                    0x240001f8   Data          76  stm32h7xx_hal_timebase_tim.o(.bss)
    xQueueRegistry                           0x24000244   Data          64  queue.o(.bss)
    _SEGGER_RTT                              0x24005024   Data         168  segger_rtt.o(.bss)
    __libspace_start                         0x2400557c   Data          96  libspace.o(.bss)
    __temporary_stack_top$libspace           0x240055dc   Data           0  libspace.o(.bss)
    DMARxDscrTab                             0x30000000   Data          96  eth.o(.ARM.__AT_0x30000000)
    DMATxDscrTab                             0x30000080   Data          96  eth.o(.ARM.__AT_0x30000080)



==============================================================================

Memory Map of the image

  Image Entry point : 0x08000299

  Load Region LR_IROM1 (Base: 0x08000000, Size: 0x00006790, Max: 0x00200000, ABSOLUTE)

    Execution Region ER_IROM1 (Exec base: 0x08000000, Load base: 0x08000000, Size: 0x000066dc, Max: 0x00200000, ABSOLUTE)

    Exec Addr    Load Addr    Size         Type   Attr      Idx    E Section Name        Object

    0x08000000   0x08000000   0x00000298   Data   RO            3    RESET               startup_stm32h743xx.o
    0x08000298   0x08000298   0x00000008   Code   RO         8150  * !!!main             c_w.l(__main.o)
    0x080002a0   0x080002a0   0x00000034   Code   RO         8431    !!!scatter          c_w.l(__scatter.o)
    0x080002d4   0x080002d4   0x0000001a   Code   RO         8433    !!handler_copy      c_w.l(__scatter_copy.o)
    0x080002ee   0x080002ee   0x00000002   PAD
    0x080002f0   0x080002f0   0x0000001c   Code   RO         8435    !!handler_zi        c_w.l(__scatter_zi.o)
    0x0800030c   0x0800030c   0x00000002   Code   RO         8291    .ARM.Collect$$libinit$$00000000  c_w.l(libinit.o)
    0x0800030e   0x0800030e   0x00000004   Code   RO         8313    .ARM.Collect$$libinit$$00000001  c_w.l(libinit2.o)
    0x08000312   0x08000312   0x00000000   Code   RO         8316    .ARM.Collect$$libinit$$00000004  c_w.l(libinit2.o)
    0x08000312   0x08000312   0x00000000   Code   RO         8319    .ARM.Collect$$libinit$$0000000A  c_w.l(libinit2.o)
    0x08000312   0x08000312   0x00000000   Code   RO         8321    .ARM.Collect$$libinit$$0000000C  c_w.l(libinit2.o)
    0x08000312   0x08000312   0x00000000   Code   RO         8323    .ARM.Collect$$libinit$$0000000E  c_w.l(libinit2.o)
    0x08000312   0x08000312   0x00000000   Code   RO         8326    .ARM.Collect$$libinit$$00000011  c_w.l(libinit2.o)
    0x08000312   0x08000312   0x00000000   Code   RO         8328    .ARM.Collect$$libinit$$00000013  c_w.l(libinit2.o)
    0x08000312   0x08000312   0x00000000   Code   RO         8330    .ARM.Collect$$libinit$$00000015  c_w.l(libinit2.o)
    0x08000312   0x08000312   0x00000000   Code   RO         8332    .ARM.Collect$$libinit$$00000017  c_w.l(libinit2.o)
    0x08000312   0x08000312   0x00000000   Code   RO         8334    .ARM.Collect$$libinit$$00000019  c_w.l(libinit2.o)
    0x08000312   0x08000312   0x00000000   Code   RO         8336    .ARM.Collect$$libinit$$0000001B  c_w.l(libinit2.o)
    0x08000312   0x08000312   0x00000000   Code   RO         8338    .ARM.Collect$$libinit$$0000001D  c_w.l(libinit2.o)
    0x08000312   0x08000312   0x00000000   Code   RO         8340    .ARM.Collect$$libinit$$0000001F  c_w.l(libinit2.o)
    0x08000312   0x08000312   0x00000000   Code   RO         8342    .ARM.Collect$$libinit$$00000021  c_w.l(libinit2.o)
    0x08000312   0x08000312   0x00000000   Code   RO         8344    .ARM.Collect$$libinit$$00000023  c_w.l(libinit2.o)
    0x08000312   0x08000312   0x00000000   Code   RO         8346    .ARM.Collect$$libinit$$00000025  c_w.l(libinit2.o)
    0x08000312   0x08000312   0x00000000   Code   RO         8350    .ARM.Collect$$libinit$$0000002C  c_w.l(libinit2.o)
    0x08000312   0x08000312   0x00000000   Code   RO         8352    .ARM.Collect$$libinit$$0000002E  c_w.l(libinit2.o)
    0x08000312   0x08000312   0x00000000   Code   RO         8354    .ARM.Collect$$libinit$$00000030  c_w.l(libinit2.o)
    0x08000312   0x08000312   0x00000000   Code   RO         8356    .ARM.Collect$$libinit$$00000032  c_w.l(libinit2.o)
    0x08000312   0x08000312   0x00000002   Code   RO         8357    .ARM.Collect$$libinit$$00000033  c_w.l(libinit2.o)
    0x08000314   0x08000314   0x00000002   Code   RO         8388    .ARM.Collect$$libshutdown$$00000000  c_w.l(libshutdown.o)
    0x08000316   0x08000316   0x00000000   Code   RO         8414    .ARM.Collect$$libshutdown$$00000002  c_w.l(libshutdown2.o)
    0x08000316   0x08000316   0x00000000   Code   RO         8416    .ARM.Collect$$libshutdown$$00000004  c_w.l(libshutdown2.o)
    0x08000316   0x08000316   0x00000000   Code   RO         8419    .ARM.Collect$$libshutdown$$00000007  c_w.l(libshutdown2.o)
    0x08000316   0x08000316   0x00000000   Code   RO         8422    .ARM.Collect$$libshutdown$$0000000A  c_w.l(libshutdown2.o)
    0x08000316   0x08000316   0x00000000   Code   RO         8424    .ARM.Collect$$libshutdown$$0000000C  c_w.l(libshutdown2.o)
    0x08000316   0x08000316   0x00000000   Code   RO         8427    .ARM.Collect$$libshutdown$$0000000F  c_w.l(libshutdown2.o)
    0x08000316   0x08000316   0x00000002   Code   RO         8428    .ARM.Collect$$libshutdown$$00000010  c_w.l(libshutdown2.o)
    0x08000318   0x08000318   0x00000000   Code   RO         8152    .ARM.Collect$$rtentry$$00000000  c_w.l(__rtentry.o)
    0x08000318   0x08000318   0x00000000   Code   RO         8212    .ARM.Collect$$rtentry$$00000002  c_w.l(__rtentry2.o)
    0x08000318   0x08000318   0x00000006   Code   RO         8224    .ARM.Collect$$rtentry$$00000004  c_w.l(__rtentry4.o)
    0x0800031e   0x0800031e   0x00000000   Code   RO         8214    .ARM.Collect$$rtentry$$00000009  c_w.l(__rtentry2.o)
    0x0800031e   0x0800031e   0x00000004   Code   RO         8215    .ARM.Collect$$rtentry$$0000000A  c_w.l(__rtentry2.o)
    0x08000322   0x08000322   0x00000000   Code   RO         8217    .ARM.Collect$$rtentry$$0000000C  c_w.l(__rtentry2.o)
    0x08000322   0x08000322   0x00000008   Code   RO         8218    .ARM.Collect$$rtentry$$0000000D  c_w.l(__rtentry2.o)
    0x0800032a   0x0800032a   0x00000002   Code   RO         8300    .ARM.Collect$$rtexit$$00000000  c_w.l(rtexit.o)
    0x0800032c   0x0800032c   0x00000000   Code   RO         8361    .ARM.Collect$$rtexit$$00000002  c_w.l(rtexit2.o)
    0x0800032c   0x0800032c   0x00000004   Code   RO         8362    .ARM.Collect$$rtexit$$00000003  c_w.l(rtexit2.o)
    0x08000330   0x08000330   0x00000006   Code   RO         8363    .ARM.Collect$$rtexit$$00000004  c_w.l(rtexit2.o)
    0x08000336   0x08000336   0x00000002   PAD
    0x08000338   0x08000338   0x000000be   Code   RO         6787    .emb_text           port.o
    0x080003f6   0x080003f6   0x00000002   PAD
    0x080003f8   0x080003f8   0x00000048   Code   RO            4    .text               startup_stm32h743xx.o
    0x08000440   0x08000440   0x000000ee   Code   RO         8064    .text               c_w.l(lludivv7m.o)
    0x0800052e   0x0800052e   0x00000058   Code   RO         8128    .text               c_w.l(memcmp.o)
    0x08000586   0x08000586   0x0000008a   Code   RO         8136    .text               c_w.l(rt_memcpy_v6.o)
    0x08000610   0x08000610   0x00000010   Code   RO         8140    .text               c_w.l(aeabi_memset.o)
    0x08000620   0x08000620   0x00000044   Code   RO         8142    .text               c_w.l(rt_memclr.o)
    0x08000664   0x08000664   0x0000004e   Code   RO         8144    .text               c_w.l(rt_memclr_w.o)
    0x080006b2   0x080006b2   0x00000006   Code   RO         8148    .text               c_w.l(heapauxi.o)
    0x080006b8   0x080006b8   0x00000064   Code   RO         8201    .text               c_w.l(rt_memcpy_w.o)
    0x0800071c   0x0800071c   0x0000004a   Code   RO         8241    .text               c_w.l(sys_stackheap_outer.o)
    0x08000766   0x08000766   0x00000012   Code   RO         8280    .text               c_w.l(exit.o)
    0x08000778   0x08000778   0x00000008   Code   RO         8297    .text               c_w.l(libspace.o)
    0x08000780   0x08000780   0x0000000c   Code   RO         8358    .text               c_w.l(sys_exit.o)
    0x0800078c   0x0800078c   0x00000002   Code   RO         8377    .text               c_w.l(use_no_semi.o)
    0x0800078e   0x0800078e   0x00000000   Code   RO         8379    .text               c_w.l(indicate_semi.o)
    0x0800078e   0x0800078e   0x00000002   Code   RO          407    i.BusFault_Handler  stm32h7xx_it.o
    0x08000790   0x08000790   0x00000002   Code   RO          408    i.DebugMon_Handler  stm32h7xx_it.o
    0x08000792   0x08000792   0x000000d8   Code   RO         3959    i.ETH_MACDMAConfig  stm32h7xx_hal_eth.o
    0x0800086a   0x0800086a   0x00000002   PAD
    0x0800086c   0x0800086c   0x000000b4   Code   RO         3961    i.ETH_SetDMAConfig  stm32h7xx_hal_eth.o
    0x08000920   0x08000920   0x000001a8   Code   RO         3962    i.ETH_SetMACConfig  stm32h7xx_hal_eth.o
    0x08000ac8   0x08000ac8   0x00000004   Code   RO           13    i.Error_Handler     main.o
    0x08000acc   0x08000acc   0x0000001c   Code   RO         4981    i.ExitRun0Mode      system_stm32h7xx.o
    0x08000ae8   0x08000ae8   0x00000360   Code   RO         2347    i.HAL_DMA_Abort     stm32h7xx_hal_dma.o
    0x08000e48   0x08000e48   0x0000021c   Code   RO         2348    i.HAL_DMA_Abort_IT  stm32h7xx_hal_dma.o
    0x08001064   0x08001064   0x000001cc   Code   RO         3980    i.HAL_ETH_Init      stm32h7xx_hal_eth.o
    0x08001230   0x08001230   0x000000f8   Code   RO          319    i.HAL_ETH_MspInit   eth.o
    0x08001328   0x08001328   0x00000068   Code   RO         3997    i.HAL_ETH_SetMDIOClockRange  stm32h7xx_hal_eth.o
    0x08001390   0x08001390   0x00000234   Code   RO         2195    i.HAL_GPIO_Init     stm32h7xx_hal_gpio.o
    0x080015c4   0x080015c4   0x0000000a   Code   RO         2199    i.HAL_GPIO_WritePin  stm32h7xx_hal_gpio.o
    0x080015ce   0x080015ce   0x00000002   PAD
    0x080015d0   0x080015d0   0x0000000c   Code   RO         3067    i.HAL_GetREVID      stm32h7xx_hal.o
    0x080015dc   0x080015dc   0x0000000c   Code   RO         3068    i.HAL_GetTick       stm32h7xx_hal.o
    0x080015e8   0x080015e8   0x00000010   Code   RO         3074    i.HAL_IncTick       stm32h7xx_hal.o
    0x080015f8   0x080015f8   0x0000005c   Code   RO         3075    i.HAL_Init          stm32h7xx_hal.o
    0x08001654   0x08001654   0x00000084   Code   RO          501    i.HAL_InitTick      stm32h7xx_hal_timebase_tim.o
    0x080016d8   0x080016d8   0x0000005c   Code   RO         1548    i.HAL_MPU_ConfigRegion  stm32h7xx_hal_cortex.o
    0x08001734   0x08001734   0x0000001c   Code   RO         1549    i.HAL_MPU_Disable   stm32h7xx_hal_cortex.o
    0x08001750   0x08001750   0x00000024   Code   RO         1551    i.HAL_MPU_Enable    stm32h7xx_hal_cortex.o
    0x08001774   0x08001774   0x00000024   Code   RO          477    i.HAL_MspInit       stm32h7xx_hal_msp.o
    0x08001798   0x08001798   0x0000001a   Code   RO         1555    i.HAL_NVIC_EnableIRQ  stm32h7xx_hal_cortex.o
    0x080017b2   0x080017b2   0x00000002   PAD
    0x080017b4   0x080017b4   0x00000040   Code   RO         1561    i.HAL_NVIC_SetPriority  stm32h7xx_hal_cortex.o
    0x080017f4   0x080017f4   0x00000024   Code   RO         1562    i.HAL_NVIC_SetPriorityGrouping  stm32h7xx_hal_cortex.o
    0x08001818   0x08001818   0x00000054   Code   RO         2796    i.HAL_PWREx_ConfigSupply  stm32h7xx_hal_pwr_ex.o
    0x0800186c   0x0800186c   0x00000024   Code   RO         1816    i.HAL_RCCEx_GetD3PCLK1Freq  stm32h7xx_hal_rcc_ex.o
    0x08001890   0x08001890   0x00000144   Code   RO         1818    i.HAL_RCCEx_GetPLL2ClockFreq  stm32h7xx_hal_rcc_ex.o
    0x080019d4   0x080019d4   0x00000144   Code   RO         1819    i.HAL_RCCEx_GetPLL3ClockFreq  stm32h7xx_hal_rcc_ex.o
    0x08001b18   0x08001b18   0x000009ac   Code   RO         1825    i.HAL_RCCEx_PeriphCLKConfig  stm32h7xx_hal_rcc_ex.o
    0x080024c4   0x080024c4   0x0000025c   Code   RO         1701    i.HAL_RCC_ClockConfig  stm32h7xx_hal_rcc.o
    0x08002720   0x08002720   0x0000005c   Code   RO         1705    i.HAL_RCC_GetClockConfig  stm32h7xx_hal_rcc.o
    0x0800277c   0x0800277c   0x00000044   Code   RO         1706    i.HAL_RCC_GetHCLKFreq  stm32h7xx_hal_rcc.o
    0x080027c0   0x080027c0   0x00000024   Code   RO         1708    i.HAL_RCC_GetPCLK1Freq  stm32h7xx_hal_rcc.o
    0x080027e4   0x080027e4   0x00000024   Code   RO         1709    i.HAL_RCC_GetPCLK2Freq  stm32h7xx_hal_rcc.o
    0x08002808   0x08002808   0x00000138   Code   RO         1710    i.HAL_RCC_GetSysClockFreq  stm32h7xx_hal_rcc.o
    0x08002940   0x08002940   0x00000582   Code   RO         1713    i.HAL_RCC_OscConfig  stm32h7xx_hal_rcc.o
    0x08002ec2   0x08002ec2   0x00000002   PAD
    0x08002ec4   0x08002ec4   0x00000014   Code   RO         3087    i.HAL_SYSCFG_ETHInterfaceSelect  stm32h7xx_hal.o
    0x08002ed8   0x08002ed8   0x00000002   Code   RO         1256    i.HAL_TIMEx_Break2Callback  stm32h7xx_hal_tim_ex.o
    0x08002eda   0x08002eda   0x00000002   Code   RO         1257    i.HAL_TIMEx_BreakCallback  stm32h7xx_hal_tim_ex.o
    0x08002edc   0x08002edc   0x00000002   Code   RO         1258    i.HAL_TIMEx_CommutCallback  stm32h7xx_hal_tim_ex.o
    0x08002ede   0x08002ede   0x00000062   Code   RO          542    i.HAL_TIM_Base_Init  stm32h7xx_hal_tim.o
    0x08002f40   0x08002f40   0x00000002   Code   RO          544    i.HAL_TIM_Base_MspInit  stm32h7xx_hal_tim.o
    0x08002f42   0x08002f42   0x00000002   PAD
    0x08002f44   0x08002f44   0x0000008c   Code   RO          547    i.HAL_TIM_Base_Start_IT  stm32h7xx_hal_tim.o
    0x08002fd0   0x08002fd0   0x00000002   Code   RO          576    i.HAL_TIM_IC_CaptureCallback  stm32h7xx_hal_tim.o
    0x08002fd2   0x08002fd2   0x00000148   Code   RO          590    i.HAL_TIM_IRQHandler  stm32h7xx_hal_tim.o
    0x0800311a   0x0800311a   0x00000002   Code   RO          593    i.HAL_TIM_OC_DelayElapsedCallback  stm32h7xx_hal_tim.o
    0x0800311c   0x0800311c   0x00000002   Code   RO          620    i.HAL_TIM_PWM_PulseFinishedCallback  stm32h7xx_hal_tim.o
    0x0800311e   0x0800311e   0x00000002   PAD
    0x08003120   0x08003120   0x00000014   Code   RO           14    i.HAL_TIM_PeriodElapsedCallback  main.o
    0x08003134   0x08003134   0x00000002   Code   RO          633    i.HAL_TIM_TriggerCallback  stm32h7xx_hal_tim.o
    0x08003136   0x08003136   0x00000040   Code   RO         4863    i.HAL_UARTEx_DisableFifoMode  stm32h7xx_hal_uart_ex.o
    0x08003176   0x08003176   0x00000002   Code   RO         4452    i.HAL_UARTEx_RxEventCallback  stm32h7xx_hal_uart.o
    0x08003178   0x08003178   0x00000002   Code   RO         4871    i.HAL_UARTEx_RxFifoFullCallback  stm32h7xx_hal_uart_ex.o
    0x0800317a   0x0800317a   0x0000004c   Code   RO         4872    i.HAL_UARTEx_SetRxFifoThreshold  stm32h7xx_hal_uart_ex.o
    0x080031c6   0x080031c6   0x0000004c   Code   RO         4873    i.HAL_UARTEx_SetTxFifoThreshold  stm32h7xx_hal_uart_ex.o
    0x08003212   0x08003212   0x00000002   Code   RO         4875    i.HAL_UARTEx_TxFifoEmptyCallback  stm32h7xx_hal_uart_ex.o
    0x08003214   0x08003214   0x00000002   Code   RO         4876    i.HAL_UARTEx_WakeupCallback  stm32h7xx_hal_uart_ex.o
    0x08003216   0x08003216   0x00000002   Code   RO         4468    i.HAL_UART_ErrorCallback  stm32h7xx_hal_uart.o
    0x08003218   0x08003218   0x0000039c   Code   RO         4471    i.HAL_UART_IRQHandler  stm32h7xx_hal_uart.o
    0x080035b4   0x080035b4   0x0000006a   Code   RO         4472    i.HAL_UART_Init     stm32h7xx_hal_uart.o
    0x0800361e   0x0800361e   0x00000002   PAD
    0x08003620   0x08003620   0x00000098   Code   RO          366    i.HAL_UART_MspInit  usart.o
    0x080036b8   0x080036b8   0x00000002   Code   RO         4484    i.HAL_UART_TxCpltCallback  stm32h7xx_hal_uart.o
    0x080036ba   0x080036ba   0x00000002   Code   RO          409    i.HardFault_Handler  stm32h7xx_it.o
    0x080036bc   0x080036bc   0x00000026   Code   RO         6210    i.IRQ_Context       cmsis_os2.o
    0x080036e2   0x080036e2   0x00000002   PAD
    0x080036e4   0x080036e4   0x00000058   Code   RO          320    i.MX_ETH_Init       eth.o
    0x0800373c   0x0800373c   0x00000020   Code   RO          269    i.MX_FREERTOS_Init  freertos.o
    0x0800375c   0x0800375c   0x000000fc   Code   RO          245    i.MX_GPIO_Init      gpio.o
    0x08003858   0x08003858   0x00000068   Code   RO          367    i.MX_USART3_UART_Init  usart.o
    0x080038c0   0x080038c0   0x00000002   Code   RO          410    i.MemManage_Handler  stm32h7xx_it.o
    0x080038c2   0x080038c2   0x00000002   Code   RO          411    i.NMI_Handler       stm32h7xx_it.o
    0x080038c4   0x080038c4   0x00000120   Code   RO         1828    i.RCCEx_PLL2_Config  stm32h7xx_hal_rcc_ex.o
    0x080039e4   0x080039e4   0x00000120   Code   RO         1829    i.RCCEx_PLL3_Config  stm32h7xx_hal_rcc_ex.o
    0x08003b04   0x08003b04   0x0000007c   Code   RO         7473    i.SEGGER_RTT_ReadNoLock  segger_rtt.o
    0x08003b80   0x08003b80   0x00000070   Code   RO         7487    i.SEGGER_RTT_WriteSkipNoLock  segger_rtt.o
    0x08003bf0   0x08003bf0   0x0000007c   Code   RO         6874    i.SEGGER_SYSVIEW_GetSysDesc  segger_sysview.o
    0x08003c6c   0x08003c6c   0x00000024   Code   RO         6886    i.SEGGER_SYSVIEW_OnIdle  segger_sysview.o
    0x08003c90   0x08003c90   0x00000040   Code   RO         6887    i.SEGGER_SYSVIEW_OnTaskCreate  segger_sysview.o
    0x08003cd0   0x08003cd0   0x00000040   Code   RO         6888    i.SEGGER_SYSVIEW_OnTaskStartExec  segger_sysview.o
    0x08003d10   0x08003d10   0x00000040   Code   RO         6889    i.SEGGER_SYSVIEW_OnTaskStartReady  segger_sysview.o
    0x08003d50   0x08003d50   0x00000034   Code   RO         6907    i.SEGGER_SYSVIEW_RecordSystime  segger_sysview.o
    0x08003d84   0x08003d84   0x0000003c   Code   RO         6908    i.SEGGER_SYSVIEW_RecordU32  segger_sysview.o
    0x08003dc0   0x08003dc0   0x00000050   Code   RO         6910    i.SEGGER_SYSVIEW_RecordU32x2  segger_sysview.o
    0x08003e10   0x08003e10   0x0000006c   Code   RO         6911    i.SEGGER_SYSVIEW_RecordU32x3  segger_sysview.o
    0x08003e7c   0x08003e7c   0x00000080   Code   RO         6912    i.SEGGER_SYSVIEW_RecordU32x4  segger_sysview.o
    0x08003efc   0x08003efc   0x00000024   Code   RO         6918    i.SEGGER_SYSVIEW_RecordVoid  segger_sysview.o
    0x08003f20   0x08003f20   0x00000088   Code   RO         6922    i.SEGGER_SYSVIEW_SendModule  segger_sysview.o
    0x08003fa8   0x08003fa8   0x0000001c   Code   RO         6923    i.SEGGER_SYSVIEW_SendModuleDescription  segger_sysview.o
    0x08003fc4   0x08003fc4   0x00000040   Code   RO         6924    i.SEGGER_SYSVIEW_SendNumModules  segger_sysview.o
    0x08004004   0x08004004   0x000000d8   Code   RO         6928    i.SEGGER_SYSVIEW_SendTaskInfo  segger_sysview.o
    0x080040dc   0x080040dc   0x00000018   Code   RO         6929    i.SEGGER_SYSVIEW_SendTaskList  segger_sysview.o
    0x080040f4   0x080040f4   0x0000000c   Code   RO         6931    i.SEGGER_SYSVIEW_ShrinkId  segger_sysview.o
    0x08004100   0x08004100   0x000000ac   Code   RO         6932    i.SEGGER_SYSVIEW_Start  segger_sysview.o
    0x080041ac   0x080041ac   0x00000030   Code   RO         6933    i.SEGGER_SYSVIEW_Stop  segger_sysview.o
    0x080041dc   0x080041dc   0x00000038   Code   RO         6942    i.SEGGER_SYSVIEW_Warn  segger_sysview.o
    0x08004214   0x08004214   0x00000070   Code   RO         7688    i.SYSVIEW_AddTask   segger_sysview_freertos.o
    0x08004284   0x08004284   0x0000002a   Code   RO         7690    i.SYSVIEW_SendTaskInfo  segger_sysview_freertos.o
    0x080042ae   0x080042ae   0x00000008   Code   RO          270    i.StartDefaultTask  freertos.o
    0x080042b6   0x080042b6   0x0000001a   Code   RO         6212    i.SysTick_Handler   cmsis_os2.o
    0x080042d0   0x080042d0   0x000000b0   Code   RO           15    i.SystemClock_Config  main.o
    0x08004380   0x08004380   0x000000f8   Code   RO         4983    i.SystemInit        system_stm32h7xx.o
    0x08004478   0x08004478   0x0000000c   Code   RO          412    i.TIM1_UP_IRQHandler  stm32h7xx_it.o
    0x08004484   0x08004484   0x000000cc   Code   RO          635    i.TIM_Base_SetConfig  stm32h7xx_hal_tim.o
    0x08004550   0x08004550   0x00000044   Code   RO         4877    i.UARTEx_SetNbDataToProcess  stm32h7xx_hal_uart_ex.o
    0x08004594   0x08004594   0x000000c8   Code   RO         4486    i.UART_AdvFeatureConfig  stm32h7xx_hal_uart.o
    0x0800465c   0x0800465c   0x000000aa   Code   RO         4487    i.UART_CheckIdleState  stm32h7xx_hal_uart.o
    0x08004706   0x08004706   0x0000000a   Code   RO         4488    i.UART_DMAAbortOnError  stm32h7xx_hal_uart.o
    0x08004710   0x08004710   0x00000054   Code   RO         4498    i.UART_EndRxTransfer  stm32h7xx_hal_uart.o
    0x08004764   0x08004764   0x000003ac   Code   RO         4504    i.UART_SetConfig    stm32h7xx_hal_uart.o
    0x08004b10   0x08004b10   0x00000094   Code   RO         4511    i.UART_WaitOnFlagUntilTimeout  stm32h7xx_hal_uart.o
    0x08004ba4   0x08004ba4   0x0000000c   Code   RO          413    i.USART3_IRQHandler  stm32h7xx_it.o
    0x08004bb0   0x08004bb0   0x00000002   Code   RO          414    i.UsageFault_Handler  stm32h7xx_it.o
    0x08004bb2   0x08004bb2   0x00000002   PAD
    0x08004bb4   0x08004bb4   0x00000064   Code   RO         7490    i._DoInit           segger_rtt.o
    0x08004c18   0x08004c18   0x00000032   Code   RO         6946    i._EncodeStr        segger_sysview.o
    0x08004c4a   0x08004c4a   0x00000002   PAD
    0x08004c4c   0x08004c4c   0x00000094   Code   RO         6947    i._HandleIncomingPacket  segger_sysview.o
    0x08004ce0   0x08004ce0   0x0000014c   Code   RO         6950    i._SendPacket       segger_sysview.o
    0x08004e2c   0x08004e2c   0x00000068   Code   RO         6952    i._TrySendOverflowPacket  segger_sysview.o
    0x08004e94   0x08004e94   0x00000022   Code   RO         1568    i.__NVIC_SetPriority  stm32h7xx_hal_cortex.o
    0x08004eb6   0x08004eb6   0x0000006e   Code   RO           16    i.main              main.o
    0x08004f24   0x08004f24   0x00000020   Code   RO         6214    i.osDelay           cmsis_os2.o
    0x08004f44   0x08004f44   0x00000030   Code   RO         6228    i.osKernelInitialize  cmsis_os2.o
    0x08004f74   0x08004f74   0x00000040   Code   RO         6231    i.osKernelStart     cmsis_os2.o
    0x08004fb4   0x08004fb4   0x00000092   Code   RO         6273    i.osThreadNew       cmsis_os2.o
    0x08005046   0x08005046   0x00000002   PAD
    0x08005048   0x08005048   0x00000078   Code   RO         5646    i.prvAddCurrentTaskToDelayedList  tasks.o
    0x080050c0   0x080050c0   0x00000110   Code   RO         5647    i.prvAddNewTaskToReadyList  tasks.o
    0x080051d0   0x080051d0   0x00000058   Code   RO         6023    i.prvCheckForValidListAndQueue  timers.o
    0x08005228   0x08005228   0x00000026   Code   RO         5219    i.prvCopyDataFromQueue  queue.o
    0x0800524e   0x0800524e   0x00000034   Code   RO         5648    i.prvDeleteTCB      tasks.o
    0x08005282   0x08005282   0x00000002   PAD
    0x08005284   0x08005284   0x00000048   Code   RO         6726    i.prvHeapInit       heap_4.o
    0x080052cc   0x080052cc   0x00000060   Code   RO         5649    i.prvIdleTask       tasks.o
    0x0800532c   0x0800532c   0x00000034   Code   RO         5222    i.prvInitialiseNewQueue  queue.o
    0x08005360   0x08005360   0x000000a6   Code   RO         5650    i.prvInitialiseNewTask  tasks.o
    0x08005406   0x08005406   0x00000002   PAD
    0x08005408   0x08005408   0x0000004c   Code   RO         6727    i.prvInsertBlockIntoFreeList  heap_4.o
    0x08005454   0x08005454   0x0000003c   Code   RO         6025    i.prvInsertTimerInActiveList  timers.o
    0x08005490   0x08005490   0x0000001c   Code   RO         5223    i.prvIsQueueEmpty   queue.o
    0x080054ac   0x080054ac   0x00000040   Code   RO         6026    i.prvProcessExpiredTimer  timers.o
    0x080054ec   0x080054ec   0x000000f0   Code   RO         6027    i.prvProcessReceivedCommands  timers.o
    0x080055dc   0x080055dc   0x0000006c   Code   RO         6028    i.prvProcessTimerOrBlockTask  timers.o
    0x08005648   0x08005648   0x00000028   Code   RO         6029    i.prvReloadTimer    timers.o
    0x08005670   0x08005670   0x0000001c   Code   RO         5652    i.prvResetNextTaskUnblockTime  tasks.o
    0x0800568c   0x0800568c   0x00000048   Code   RO         6030    i.prvSampleTimeNow  timers.o
    0x080056d4   0x080056d4   0x00000028   Code   RO         6788    i.prvTaskExitError  port.o
    0x080056fc   0x080056fc   0x00000024   Code   RO         6031    i.prvTimerTask      timers.o
    0x08005720   0x08005720   0x0000006a   Code   RO         5224    i.prvUnlockQueue    queue.o
    0x0800578a   0x0800578a   0x00000002   PAD
    0x0800578c   0x0800578c   0x000000d0   Code   RO         6729    i.pvPortMalloc      heap_4.o
    0x0800585c   0x0800585c   0x00000030   Code   RO         6789    i.pxPortInitialiseStack  port.o
    0x0800588c   0x0800588c   0x00000026   Code   RO         5179    i.uxListRemove      list.o
    0x080058b2   0x080058b2   0x00000002   PAD
    0x080058b4   0x080058b4   0x00000018   Code   RO         6285    i.vApplicationGetIdleTaskMemory  cmsis_os2.o
    0x080058cc   0x080058cc   0x00000018   Code   RO         6286    i.vApplicationGetTimerTaskMemory  cmsis_os2.o
    0x080058e4   0x080058e4   0x00000016   Code   RO         5180    i.vListInitialise   list.o
    0x080058fa   0x080058fa   0x00000006   Code   RO         5181    i.vListInitialiseItem  list.o
    0x08005900   0x08005900   0x00000030   Code   RO         5182    i.vListInsert       list.o
    0x08005930   0x08005930   0x00000040   Code   RO         6791    i.vPortEnterCritical  port.o
    0x08005970   0x08005970   0x00000028   Code   RO         6792    i.vPortExitCritical  port.o
    0x08005998   0x08005998   0x00000064   Code   RO         6730    i.vPortFree         heap_4.o
    0x080059fc   0x080059fc   0x00000024   Code   RO         6793    i.vPortSetupTimerInterrupt  port.o
    0x08005a20   0x08005a20   0x00000064   Code   RO         5232    i.vQueueAddToRegistry  queue.o
    0x08005a84   0x08005a84   0x00000044   Code   RO         5236    i.vQueueWaitForMessageRestricted  queue.o
    0x08005ac8   0x08005ac8   0x00000054   Code   RO         5665    i.vTaskDelay        tasks.o
    0x08005b1c   0x08005b1c   0x00000010   Code   RO         5670    i.vTaskInternalSetTimeOutState  tasks.o
    0x08005b2c   0x08005b2c   0x0000000c   Code   RO         5671    i.vTaskMissedYield  tasks.o
    0x08005b38   0x08005b38   0x00000030   Code   RO         5672    i.vTaskPlaceOnEventList  tasks.o
    0x08005b68   0x08005b68   0x0000005c   Code   RO         5673    i.vTaskPlaceOnEventListRestricted  tasks.o
    0x08005bc4   0x08005bc4   0x0000009c   Code   RO         5681    i.vTaskStartScheduler  tasks.o
    0x08005c60   0x08005c60   0x00000010   Code   RO         5683    i.vTaskSuspendAll   tasks.o
    0x08005c70   0x08005c70   0x00000088   Code   RO         5684    i.vTaskSwitchContext  tasks.o
    0x08005cf8   0x08005cf8   0x00000100   Code   RO         6795    i.xPortStartScheduler  port.o
    0x08005df8   0x08005df8   0x0000002c   Code   RO         6796    i.xPortSysTickHandler  port.o
    0x08005e24   0x08005e24   0x00000046   Code   RO         5242    i.xQueueGenericCreateStatic  queue.o
    0x08005e6a   0x08005e6a   0x00000002   PAD
    0x08005e6c   0x08005e6c   0x000000bc   Code   RO         5244    i.xQueueGenericReset  queue.o
    0x08005f28   0x08005f28   0x00000178   Code   RO         5255    i.xQueueReceive     queue.o
    0x080060a0   0x080060a0   0x00000074   Code   RO         5686    i.xTaskCheckForTimeOut  tasks.o
    0x08006114   0x08006114   0x00000060   Code   RO         5687    i.xTaskCreate       tasks.o
    0x08006174   0x08006174   0x00000072   Code   RO         5688    i.xTaskCreateStatic  tasks.o
    0x080061e6   0x080061e6   0x00000002   PAD
    0x080061e8   0x080061e8   0x0000001c   Code   RO         5696    i.xTaskGetSchedulerState  tasks.o
    0x08006204   0x08006204   0x0000000c   Code   RO         5698    i.xTaskGetTickCount  tasks.o
    0x08006210   0x08006210   0x00000134   Code   RO         5700    i.xTaskIncrementTick  tasks.o
    0x08006344   0x08006344   0x000000e0   Code   RO         5703    i.xTaskRemoveFromEventList  tasks.o
    0x08006424   0x08006424   0x00000138   Code   RO         5704    i.xTaskResumeAll    tasks.o
    0x0800655c   0x0800655c   0x00000060   Code   RO         6040    i.xTimerCreateTimerTask  timers.o
    0x080065bc   0x080065bc   0x0000000a   Code   RO         8373    x$fpl$fpinit        fz_wv.l(fpinit.o)
    0x080065c6   0x080065c6   0x00000002   PAD
    0x080065c8   0x080065c8   0x00000024   Data   RO          271    .constdata          freertos.o
    0x080065ec   0x080065ec   0x00000018   Data   RO         4512    .constdata          stm32h7xx_hal_uart.o
    0x08006604   0x08006604   0x00000010   Data   RO         4878    .constdata          stm32h7xx_hal_uart_ex.o
    0x08006614   0x08006614   0x00000010   Data   RO         4984    .constdata          system_stm32h7xx.o
    0x08006624   0x08006624   0x0000001a   Data   RO         6956    .constdata          segger_sysview.o
    0x0800663e   0x0800663e   0x00000021   Data   RO         7496    .constdata          segger_rtt.o
    0x0800665f   0x0800665f   0x00000001   PAD
    0x08006660   0x08006660   0x0000000c   Data   RO          272    .conststring        freertos.o
    0x0800666c   0x0800666c   0x00000050   Data   RO         7696    .conststring        segger_sysview_freertos.o
    0x080066bc   0x080066bc   0x00000020   Data   RO         8429    Region$$Table       anon$$obj.o


    Execution Region RW_IRAM1 (Exec base: 0x20000000, Load base: 0x080066dc, Size: 0x00000000, Max: 0x00020000, ABSOLUTE)

    **** No section assigned to this execution region ****


    Execution Region RW_IRAM2 (Exec base: 0x24000000, Load base: 0x080066dc, Size: 0x00005be0, Max: 0x00080000, ABSOLUTE)

    Exec Addr    Load Addr    Size         Type   Attr      Idx    E Section Name        Object

    0x24000000   0x080066dc   0x00000004   Data   RW          273    .data               freertos.o
    0x24000004   0x080066e0   0x00000006   Data   RW          326    .data               eth.o
    0x2400000a   0x080066e6   0x00000002   PAD
    0x2400000c   0x080066e8   0x0000000c   Data   RW         3097    .data               stm32h7xx_hal.o
    0x24000018   0x080066f4   0x00000008   Data   RW         4985    .data               system_stm32h7xx.o
    0x24000020   0x080066fc   0x00000040   Data   RW         5707    .data               tasks.o
    0x24000060   0x0800673c   0x00000014   Data   RW         6051    .data               timers.o
    0x24000074   0x08006750   0x00000004   Data   RW         6288    .data               cmsis_os2.o
    0x24000078   0x08006754   0x0000001c   Data   RW         6736    .data               heap_4.o
    0x24000094   0x08006770   0x0000000c   Data   RW         6797    .data               port.o
    0x240000a0   0x0800677c   0x00000010   Data   RW         6959    .data               segger_sysview.o
    0x240000b0   0x0800678c   0x00000004   Data   RW         7697    .data               segger_sysview_freertos.o
    0x240000b4        -       0x000000b0   Zero   RW          325    .bss                eth.o
    0x24000164        -       0x00000094   Zero   RW          368    .bss                usart.o
    0x240001f8        -       0x0000004c   Zero   RW          504    .bss                stm32h7xx_hal_timebase_tim.o
    0x24000244        -       0x00000040   Zero   RW         5259    .bss                queue.o
    0x24000284        -       0x000004c4   Zero   RW         5706    .bss                tasks.o
    0x24000748        -       0x00000118   Zero   RW         6050    .bss                timers.o
    0x24000860        -       0x000006b8   Zero   RW         6287    .bss                cmsis_os2.o
    0x24000f18        -       0x00003c00   Zero   RW         6735    .bss                heap_4.o
    0x24004b18        -       0x0000050b   Zero   RW         6955    .bss                segger_sysview.o
    0x24005023   0x08006790   0x00000001   PAD
    0x24005024        -       0x000004b8   Zero   RW         7495    .bss                segger_rtt.o
    0x240054dc        -       0x000000a0   Zero   RW         7694    .bss                segger_sysview_freertos.o
    0x2400557c        -       0x00000060   Zero   RW         8298    .bss                c_w.l(libspace.o)
    0x240055dc   0x08006790   0x00000004   PAD
    0x240055e0        -       0x00000200   Zero   RW            2    HEAP                startup_stm32h743xx.o
    0x240057e0        -       0x00000400   Zero   RW            1    STACK               startup_stm32h743xx.o



  Load Region LR$$.ARM.__AT_0x30000000 (Base: 0x30000000, Size: 0x00000000, Max: 0x00000060, ABSOLUTE)

    Execution Region ER$$.ARM.__AT_0x30000000 (Exec base: 0x30000000, Load base: 0x30000000, Size: 0x00000060, Max: 0x00000060, ABSOLUTE, UNINIT)

    Exec Addr    Load Addr    Size         Type   Attr      Idx    E Section Name        Object

    0x30000000        -       0x00000060   Zero   RW          321    .ARM.__AT_0x30000000  eth.o



  Load Region LR$$.ARM.__AT_0x30000080 (Base: 0x30000080, Size: 0x00000000, Max: 0x00000060, ABSOLUTE)

    Execution Region ER$$.ARM.__AT_0x30000080 (Exec base: 0x30000080, Load base: 0x30000080, Size: 0x00000060, Max: 0x00000060, ABSOLUTE, UNINIT)

    Exec Addr    Load Addr    Size         Type   Attr      Idx    E Section Name        Object

    0x30000080        -       0x00000060   Zero   RW          322    .ARM.__AT_0x30000080  eth.o


==============================================================================

Image component sizes


      Code (inc. data)   RO Data    RW Data    ZI Data      Debug   Object Name

       402         24          0          4       1720      69291   cmsis_os2.o
       336         44          0          6        368       2179   eth.o
         0          0          0          0          0      22424   event_groups.o
        40         14         48          4          0       5289   freertos.o
       252         20          0          0          0       1095   gpio.o
       456         22          0         28      15360       5623   heap_4.o
       114          0          0          0          0       3085   list.o
       310         16          0          0          0    1329356   main.o
         0          0          0          0          0       2660   mpu_wrappers_v2.o
       718         74          0         12          0      11044   port.o
      1026         16          0          0         64      14521   queue.o
       336         28         33          0       1208       8367   segger_rtt.o
      2206        140         26         16       1291      31526   segger_sysview.o
       154         22         80          4        160       3169   segger_sysview_freertos.o
        72         30        664          0       1536        860   startup_stm32h743xx.o
       152         38          0         12          0      22741   stm32h7xx_hal.o
       316         28          0          0          0      40200   stm32h7xx_hal_cortex.o
      1404         70          0          0          0       3815   stm32h7xx_hal_dma.o
      1384         62          0          0          0       6287   stm32h7xx_hal_eth.o
       574         50          0          0          0       2256   stm32h7xx_hal_gpio.o
        36          4          0          0          0        854   stm32h7xx_hal_msp.o
        84          6          0          0          0        805   stm32h7xx_hal_pwr_ex.o
      2558        110          0          0          0       7893   stm32h7xx_hal_rcc.o
      3736        118          0          0          0       7877   stm32h7xx_hal_rcc_ex.o
       780         68          0          0          0       7352   stm32h7xx_hal_tim.o
         6          0          0          0          0       2256   stm32h7xx_hal_tim_ex.o
       132         22          0          0         76       1503   stm32h7xx_hal_timebase_tim.o
      2588        138         24          0          0      30036   stm32h7xx_hal_uart.o
       290          6         16          0          0       5518   stm32h7xx_hal_uart_ex.o
        36         12          0          0          0       3838   stm32h7xx_it.o
         0          0          0          0          0        392   stream_buffer.o
       276         48         16          8          0       1945   system_stm32h7xx.o
      2504        164          0         64       1220      30224   tasks.o
       804         82          0         20        280      31802   timers.o
       256         22          0          0        148       1874   usart.o

    ----------------------------------------------------------------------
     24374       1498        940        180      23432    1719957   Object Totals
         0          0         32          0          0          0   (incl. Generated)
        36          0          1          2          1          0   (incl. Padding)

    ----------------------------------------------------------------------

      Code (inc. data)   RO Data    RW Data    ZI Data      Debug   Library Member Name

         8          0          0          0          0         68   __main.o
         0          0          0          0          0          0   __rtentry.o
        12          0          0          0          0          0   __rtentry2.o
         6          0          0          0          0          0   __rtentry4.o
        52          8          0          0          0          0   __scatter.o
        26          0          0          0          0          0   __scatter_copy.o
        28          0          0          0          0          0   __scatter_zi.o
        16          0          0          0          0         68   aeabi_memset.o
        18          0          0          0          0         80   exit.o
         6          0          0          0          0        152   heapauxi.o
         0          0          0          0          0          0   indicate_semi.o
         2          0          0          0          0          0   libinit.o
         6          0          0          0          0          0   libinit2.o
         2          0          0          0          0          0   libshutdown.o
         2          0          0          0          0          0   libshutdown2.o
         8          4          0          0         96         68   libspace.o
       238          0          0          0          0        100   lludivv7m.o
        88          0          0          0          0         76   memcmp.o
        68          0          0          0          0         68   rt_memclr.o
        78          0          0          0          0         80   rt_memclr_w.o
       138          0          0          0          0         68   rt_memcpy_v6.o
       100          0          0          0          0         80   rt_memcpy_w.o
         2          0          0          0          0          0   rtexit.o
        10          0          0          0          0          0   rtexit2.o
        12          4          0          0          0         68   sys_exit.o
        74          0          0          0          0         80   sys_stackheap_outer.o
         2          0          0          0          0         68   use_no_semi.o
        10          0          0          0          0        116   fpinit.o

    ----------------------------------------------------------------------
      1018         16          0          0        100       1240   Library Totals
         6          0          0          0          4          0   (incl. Padding)

    ----------------------------------------------------------------------

      Code (inc. data)   RO Data    RW Data    ZI Data      Debug   Library Name

      1002         16          0          0         96       1124   c_w.l
        10          0          0          0          0        116   fz_wv.l

    ----------------------------------------------------------------------
      1018         16          0          0        100       1240   Library Totals

    ----------------------------------------------------------------------

==============================================================================


      Code (inc. data)   RO Data    RW Data    ZI Data      Debug   

     25392       1514        940        180      23532    1703477   Grand Totals
     25392       1514        940        180      23532    1703477   ELF Image Totals
     25392       1514        940        180          0          0   ROM Totals

==============================================================================

    Total RO  Size (Code + RO Data)                26332 (  25.71kB)
    Total RW  Size (RW Data + ZI Data)             23712 (  23.16kB)
    Total ROM Size (Code + RO Data + RW Data)      26512 (  25.89kB)

==============================================================================

